[0.147s] DEBUG:colcon:Command line arguments: ['/usr/bin/colcon', 'build', '--packages-select', 'lidar_imu_init']
[0.147s] DEBUG:colcon:Parsed command line arguments: Namespace(log_base=None, log_level=None, verb_name='build', build_base='build', install_base='install', merge_install=False, symlink_install=False, test_result_base=None, continue_on_error=False, executor='parallel', parallel_workers=8, event_handlers=None, ignore_user_meta=False, metas=['./colcon.meta'], base_paths=['.'], packages_ignore=None, packages_ignore_regex=None, paths=None, packages_up_to=None, packages_up_to_regex=None, packages_above=None, packages_above_and_dependencies=None, packages_above_depth=None, packages_select_by_dep=None, packages_skip_by_dep=None, packages_skip_up_to=None, packages_select_build_failed=False, packages_skip_build_finished=False, packages_select_test_failures=False, packages_skip_test_passed=False, packages_select=['lidar_imu_init'], packages_skip=None, packages_select_regex=None, packages_skip_regex=None, packages_start=None, packages_end=None, allow_overriding=[], cmake_args=None, cmake_target=None, cmake_target_skip_unavailable=False, cmake_clean_cache=False, cmake_clean_first=False, cmake_force_configure=False, ament_cmake_args=None, catkin_cmake_args=None, catkin_skip_building_tests=False, mixin_files=None, mixin=None, verb_parser=<colcon_mixin.mixin.mixin_argument.MixinArgumentDecorator object at 0x73a12ec55f00>, verb_extension=<colcon_core.verb.build.BuildVerb object at 0x73a12ed62ef0>, main=<bound method BuildVerb.main of <colcon_core.verb.build.BuildVerb object at 0x73a12ed62ef0>>, mixin_verb=('build',))
[0.384s] Level 1:colcon.colcon_core.package_discovery:discover_packages(colcon_meta) check parameters
[0.384s] Level 1:colcon.colcon_core.package_discovery:discover_packages(recursive) check parameters
[0.384s] Level 1:colcon.colcon_core.package_discovery:discover_packages(ignore) check parameters
[0.384s] Level 1:colcon.colcon_core.package_discovery:discover_packages(path) check parameters
[0.384s] Level 1:colcon.colcon_core.package_discovery:discover_packages(colcon_meta) discover
[0.384s] Level 1:colcon.colcon_core.package_discovery:discover_packages(recursive) discover
[0.384s] INFO:colcon.colcon_core.package_discovery:Crawling recursively for packages in '/home/hopcopter/ws_lidar_imu_init'
[0.384s] Level 1:colcon.colcon_core.package_identification:_identify(.) by extensions ['ignore', 'ignore_ament_install']
[0.384s] Level 1:colcon.colcon_core.package_identification:_identify(.) by extension 'ignore'
[0.384s] Level 1:colcon.colcon_core.package_identification:_identify(.) by extension 'ignore_ament_install'
[0.385s] Level 1:colcon.colcon_core.package_identification:_identify(.) by extensions ['colcon_pkg']
[0.385s] Level 1:colcon.colcon_core.package_identification:_identify(.) by extension 'colcon_pkg'
[0.385s] Level 1:colcon.colcon_core.package_identification:_identify(.) by extensions ['colcon_meta']
[0.385s] Level 1:colcon.colcon_core.package_identification:_identify(.) by extension 'colcon_meta'
[0.385s] Level 1:colcon.colcon_core.package_identification:_identify(.) by extensions ['ros']
[0.385s] Level 1:colcon.colcon_core.package_identification:_identify(.) by extension 'ros'
[0.400s] Level 1:colcon.colcon_core.package_identification:_identify(.) by extensions ['cmake', 'python']
[0.400s] Level 1:colcon.colcon_core.package_identification:_identify(.) by extension 'cmake'
[0.400s] Level 1:colcon.colcon_core.package_identification:_identify(.) by extension 'python'
[0.400s] Level 1:colcon.colcon_core.package_identification:_identify(.) by extensions ['python_setup_py']
[0.400s] Level 1:colcon.colcon_core.package_identification:_identify(.) by extension 'python_setup_py'
[0.400s] Level 1:colcon.colcon_core.package_identification:_identify(build) by extensions ['ignore', 'ignore_ament_install']
[0.400s] Level 1:colcon.colcon_core.package_identification:_identify(build) by extension 'ignore'
[0.401s] Level 1:colcon.colcon_core.package_identification:_identify(build) ignored
[0.401s] Level 1:colcon.colcon_core.package_identification:_identify(install) by extensions ['ignore', 'ignore_ament_install']
[0.401s] Level 1:colcon.colcon_core.package_identification:_identify(install) by extension 'ignore'
[0.401s] Level 1:colcon.colcon_core.package_identification:_identify(install) ignored
[0.401s] Level 1:colcon.colcon_core.package_identification:_identify(log) by extensions ['ignore', 'ignore_ament_install']
[0.401s] Level 1:colcon.colcon_core.package_identification:_identify(log) by extension 'ignore'
[0.401s] Level 1:colcon.colcon_core.package_identification:_identify(log) ignored
[0.401s] Level 1:colcon.colcon_core.package_identification:_identify(src) by extensions ['ignore', 'ignore_ament_install']
[0.401s] Level 1:colcon.colcon_core.package_identification:_identify(src) by extension 'ignore'
[0.401s] Level 1:colcon.colcon_core.package_identification:_identify(src) by extension 'ignore_ament_install'
[0.402s] Level 1:colcon.colcon_core.package_identification:_identify(src) by extensions ['colcon_pkg']
[0.402s] Level 1:colcon.colcon_core.package_identification:_identify(src) by extension 'colcon_pkg'
[0.402s] Level 1:colcon.colcon_core.package_identification:_identify(src) by extensions ['colcon_meta']
[0.402s] Level 1:colcon.colcon_core.package_identification:_identify(src) by extension 'colcon_meta'
[0.402s] Level 1:colcon.colcon_core.package_identification:_identify(src) by extensions ['ros']
[0.402s] Level 1:colcon.colcon_core.package_identification:_identify(src) by extension 'ros'
[0.402s] Level 1:colcon.colcon_core.package_identification:_identify(src) by extensions ['cmake', 'python']
[0.402s] Level 1:colcon.colcon_core.package_identification:_identify(src) by extension 'cmake'
[0.402s] Level 1:colcon.colcon_core.package_identification:_identify(src) by extension 'python'
[0.402s] Level 1:colcon.colcon_core.package_identification:_identify(src) by extensions ['python_setup_py']
[0.402s] Level 1:colcon.colcon_core.package_identification:_identify(src) by extension 'python_setup_py'
[0.402s] Level 1:colcon.colcon_core.package_identification:_identify(src/LiDAR_IMU_Init) by extensions ['ignore', 'ignore_ament_install']
[0.402s] Level 1:colcon.colcon_core.package_identification:_identify(src/LiDAR_IMU_Init) by extension 'ignore'
[0.402s] Level 1:colcon.colcon_core.package_identification:_identify(src/LiDAR_IMU_Init) by extension 'ignore_ament_install'
[0.403s] Level 1:colcon.colcon_core.package_identification:_identify(src/LiDAR_IMU_Init) by extensions ['colcon_pkg']
[0.403s] Level 1:colcon.colcon_core.package_identification:_identify(src/LiDAR_IMU_Init) by extension 'colcon_pkg'
[0.403s] Level 1:colcon.colcon_core.package_identification:_identify(src/LiDAR_IMU_Init) by extensions ['colcon_meta']
[0.403s] Level 1:colcon.colcon_core.package_identification:_identify(src/LiDAR_IMU_Init) by extension 'colcon_meta'
[0.403s] Level 1:colcon.colcon_core.package_identification:_identify(src/LiDAR_IMU_Init) by extensions ['ros']
[0.403s] Level 1:colcon.colcon_core.package_identification:_identify(src/LiDAR_IMU_Init) by extension 'ros'
[0.408s] DEBUG:colcon.colcon_core.package_identification:Package 'src/LiDAR_IMU_Init' with type 'ros.ament_cmake' and name 'lidar_imu_init'
[0.408s] Level 1:colcon.colcon_core.package_discovery:discover_packages(recursive) using defaults
[0.408s] Level 1:colcon.colcon_core.package_discovery:discover_packages(ignore) discover
[0.408s] Level 1:colcon.colcon_core.package_discovery:discover_packages(ignore) using defaults
[0.408s] Level 1:colcon.colcon_core.package_discovery:discover_packages(path) discover
[0.408s] Level 1:colcon.colcon_core.package_discovery:discover_packages(path) using defaults
[0.448s] Level 1:colcon.colcon_core.package_discovery:discover_packages(prefix_path) check parameters
[0.448s] Level 1:colcon.colcon_core.package_discovery:discover_packages(prefix_path) discover
[0.452s] DEBUG:colcon.colcon_installed_package_information.package_discovery:Found 297 installed packages in /opt/ros/humble
[0.454s] Level 1:colcon.colcon_core.package_discovery:discover_packages(prefix_path) using defaults
[0.505s] Level 5:colcon.colcon_core.verb:set package 'lidar_imu_init' build argument 'cmake_args' from command line to 'None'
[0.505s] Level 5:colcon.colcon_core.verb:set package 'lidar_imu_init' build argument 'cmake_target' from command line to 'None'
[0.505s] Level 5:colcon.colcon_core.verb:set package 'lidar_imu_init' build argument 'cmake_target_skip_unavailable' from command line to 'False'
[0.505s] Level 5:colcon.colcon_core.verb:set package 'lidar_imu_init' build argument 'cmake_clean_cache' from command line to 'False'
[0.505s] Level 5:colcon.colcon_core.verb:set package 'lidar_imu_init' build argument 'cmake_clean_first' from command line to 'False'
[0.505s] Level 5:colcon.colcon_core.verb:set package 'lidar_imu_init' build argument 'cmake_force_configure' from command line to 'False'
[0.505s] Level 5:colcon.colcon_core.verb:set package 'lidar_imu_init' build argument 'ament_cmake_args' from command line to 'None'
[0.505s] Level 5:colcon.colcon_core.verb:set package 'lidar_imu_init' build argument 'catkin_cmake_args' from command line to 'None'
[0.505s] Level 5:colcon.colcon_core.verb:set package 'lidar_imu_init' build argument 'catkin_skip_building_tests' from command line to 'False'
[0.506s] DEBUG:colcon.colcon_core.verb:Building package 'lidar_imu_init' with the following arguments: {'ament_cmake_args': None, 'build_base': '/home/hopcopter/ws_lidar_imu_init/build/lidar_imu_init', 'catkin_cmake_args': None, 'catkin_skip_building_tests': False, 'cmake_args': None, 'cmake_clean_cache': False, 'cmake_clean_first': False, 'cmake_force_configure': False, 'cmake_target': None, 'cmake_target_skip_unavailable': False, 'install_base': '/home/hopcopter/ws_lidar_imu_init/install/lidar_imu_init', 'merge_install': False, 'path': '/home/hopcopter/ws_lidar_imu_init/src/LiDAR_IMU_Init', 'symlink_install': False, 'test_result_base': None}
[0.506s] INFO:colcon.colcon_core.executor:Executing jobs using 'parallel' executor
[0.507s] DEBUG:colcon.colcon_parallel_executor.executor.parallel:run_until_complete
[0.507s] INFO:colcon.colcon_ros.task.ament_cmake.build:Building ROS package in '/home/hopcopter/ws_lidar_imu_init/src/LiDAR_IMU_Init' with build type 'ament_cmake'
[0.507s] INFO:colcon.colcon_cmake.task.cmake.build:Building CMake package in '/home/hopcopter/ws_lidar_imu_init/src/LiDAR_IMU_Init'
[0.510s] INFO:colcon.colcon_core.plugin_system:Skipping extension 'colcon_core.shell.bat': Not used on non-Windows systems
[0.510s] INFO:colcon.colcon_core.shell:Skip shell extension 'powershell' for command environment: Not usable outside of PowerShell
[0.510s] DEBUG:colcon.colcon_core.shell:Skip shell extension 'dsv' for command environment
[0.521s] DEBUG:colcon.colcon_core.event_handler.log_command:Invoking command in '/home/hopcopter/ws_lidar_imu_init/build/lidar_imu_init': CMAKE_PREFIX_PATH=/opt/ros/humble /usr/bin/cmake --build /home/hopcopter/ws_lidar_imu_init/build/lidar_imu_init -- -j8 -l8
[1.005s] DEBUG:colcon.colcon_core.event_handler.log_command:Invoked command in '/home/hopcopter/ws_lidar_imu_init/build/lidar_imu_init' returned '0': CMAKE_PREFIX_PATH=/opt/ros/humble /usr/bin/cmake --build /home/hopcopter/ws_lidar_imu_init/build/lidar_imu_init -- -j8 -l8
[1.016s] DEBUG:colcon.colcon_core.event_handler.log_command:Invoking command in '/home/hopcopter/ws_lidar_imu_init/build/lidar_imu_init': CMAKE_PREFIX_PATH=/opt/ros/humble /usr/bin/cmake --install /home/hopcopter/ws_lidar_imu_init/build/lidar_imu_init
[1.084s] Level 1:colcon.colcon_core.environment:create_environment_scripts_only(lidar_imu_init)
[1.085s] DEBUG:colcon.colcon_core.event_handler.log_command:Invoked command in '/home/hopcopter/ws_lidar_imu_init/build/lidar_imu_init' returned '0': CMAKE_PREFIX_PATH=/opt/ros/humble /usr/bin/cmake --install /home/hopcopter/ws_lidar_imu_init/build/lidar_imu_init
[1.087s] Level 1:colcon.colcon_core.environment:checking '/home/hopcopter/ws_lidar_imu_init/install/lidar_imu_init' for CMake module files
[1.088s] Level 1:colcon.colcon_core.environment:checking '/home/hopcopter/ws_lidar_imu_init/install/lidar_imu_init' for CMake config files
[1.089s] Level 1:colcon.colcon_core.shell:create_environment_hook('lidar_imu_init', 'cmake_prefix_path')
[1.089s] INFO:colcon.colcon_core.shell:Creating environment hook '/home/hopcopter/ws_lidar_imu_init/install/lidar_imu_init/share/lidar_imu_init/hook/cmake_prefix_path.ps1'
[1.090s] INFO:colcon.colcon_core.shell:Creating environment descriptor '/home/hopcopter/ws_lidar_imu_init/install/lidar_imu_init/share/lidar_imu_init/hook/cmake_prefix_path.dsv'
[1.091s] INFO:colcon.colcon_core.shell:Creating environment hook '/home/hopcopter/ws_lidar_imu_init/install/lidar_imu_init/share/lidar_imu_init/hook/cmake_prefix_path.sh'
[1.092s] Level 1:colcon.colcon_core.environment:checking '/home/hopcopter/ws_lidar_imu_init/install/lidar_imu_init/lib'
[1.092s] Level 1:colcon.colcon_core.shell:create_environment_hook('lidar_imu_init', 'ld_library_path_lib')
[1.093s] INFO:colcon.colcon_core.shell:Creating environment hook '/home/hopcopter/ws_lidar_imu_init/install/lidar_imu_init/share/lidar_imu_init/hook/ld_library_path_lib.ps1'
[1.094s] INFO:colcon.colcon_core.shell:Creating environment descriptor '/home/hopcopter/ws_lidar_imu_init/install/lidar_imu_init/share/lidar_imu_init/hook/ld_library_path_lib.dsv'
[1.094s] INFO:colcon.colcon_core.shell:Creating environment hook '/home/hopcopter/ws_lidar_imu_init/install/lidar_imu_init/share/lidar_imu_init/hook/ld_library_path_lib.sh'
[1.095s] Level 1:colcon.colcon_core.environment:checking '/home/hopcopter/ws_lidar_imu_init/install/lidar_imu_init/bin'
[1.095s] Level 1:colcon.colcon_core.environment:checking '/home/hopcopter/ws_lidar_imu_init/install/lidar_imu_init/lib/pkgconfig/lidar_imu_init.pc'
[1.096s] Level 1:colcon.colcon_core.environment:checking '/home/hopcopter/ws_lidar_imu_init/install/lidar_imu_init/lib/python3.10/site-packages'
[1.096s] Level 1:colcon.colcon_core.environment:checking '/home/hopcopter/ws_lidar_imu_init/install/lidar_imu_init/bin'
[1.096s] INFO:colcon.colcon_core.shell:Creating package script '/home/hopcopter/ws_lidar_imu_init/install/lidar_imu_init/share/lidar_imu_init/package.ps1'
[1.098s] INFO:colcon.colcon_core.shell:Creating package descriptor '/home/hopcopter/ws_lidar_imu_init/install/lidar_imu_init/share/lidar_imu_init/package.dsv'
[1.099s] INFO:colcon.colcon_core.shell:Creating package script '/home/hopcopter/ws_lidar_imu_init/install/lidar_imu_init/share/lidar_imu_init/package.sh'
[1.100s] INFO:colcon.colcon_core.shell:Creating package script '/home/hopcopter/ws_lidar_imu_init/install/lidar_imu_init/share/lidar_imu_init/package.bash'
[1.101s] INFO:colcon.colcon_core.shell:Creating package script '/home/hopcopter/ws_lidar_imu_init/install/lidar_imu_init/share/lidar_imu_init/package.zsh'
[1.102s] Level 1:colcon.colcon_core.environment:create_file_with_runtime_dependencies(/home/hopcopter/ws_lidar_imu_init/install/lidar_imu_init/share/colcon-core/packages/lidar_imu_init)
[1.103s] Level 1:colcon.colcon_core.environment:create_environment_scripts_only(lidar_imu_init)
[1.103s] Level 1:colcon.colcon_core.environment:checking '/home/hopcopter/ws_lidar_imu_init/install/lidar_imu_init' for CMake module files
[1.104s] Level 1:colcon.colcon_core.environment:checking '/home/hopcopter/ws_lidar_imu_init/install/lidar_imu_init' for CMake config files
[1.105s] Level 1:colcon.colcon_core.shell:create_environment_hook('lidar_imu_init', 'cmake_prefix_path')
[1.105s] INFO:colcon.colcon_core.shell:Creating environment hook '/home/hopcopter/ws_lidar_imu_init/install/lidar_imu_init/share/lidar_imu_init/hook/cmake_prefix_path.ps1'
[1.106s] INFO:colcon.colcon_core.shell:Creating environment descriptor '/home/hopcopter/ws_lidar_imu_init/install/lidar_imu_init/share/lidar_imu_init/hook/cmake_prefix_path.dsv'
[1.106s] INFO:colcon.colcon_core.shell:Creating environment hook '/home/hopcopter/ws_lidar_imu_init/install/lidar_imu_init/share/lidar_imu_init/hook/cmake_prefix_path.sh'
[1.107s] Level 1:colcon.colcon_core.environment:checking '/home/hopcopter/ws_lidar_imu_init/install/lidar_imu_init/lib'
[1.107s] Level 1:colcon.colcon_core.shell:create_environment_hook('lidar_imu_init', 'ld_library_path_lib')
[1.107s] INFO:colcon.colcon_core.shell:Creating environment hook '/home/hopcopter/ws_lidar_imu_init/install/lidar_imu_init/share/lidar_imu_init/hook/ld_library_path_lib.ps1'
[1.108s] INFO:colcon.colcon_core.shell:Creating environment descriptor '/home/hopcopter/ws_lidar_imu_init/install/lidar_imu_init/share/lidar_imu_init/hook/ld_library_path_lib.dsv'
[1.109s] INFO:colcon.colcon_core.shell:Creating environment hook '/home/hopcopter/ws_lidar_imu_init/install/lidar_imu_init/share/lidar_imu_init/hook/ld_library_path_lib.sh'
[1.109s] Level 1:colcon.colcon_core.environment:checking '/home/hopcopter/ws_lidar_imu_init/install/lidar_imu_init/bin'
[1.109s] Level 1:colcon.colcon_core.environment:checking '/home/hopcopter/ws_lidar_imu_init/install/lidar_imu_init/lib/pkgconfig/lidar_imu_init.pc'
[1.110s] Level 1:colcon.colcon_core.environment:checking '/home/hopcopter/ws_lidar_imu_init/install/lidar_imu_init/lib/python3.10/site-packages'
[1.110s] Level 1:colcon.colcon_core.environment:checking '/home/hopcopter/ws_lidar_imu_init/install/lidar_imu_init/bin'
[1.110s] INFO:colcon.colcon_core.shell:Creating package script '/home/hopcopter/ws_lidar_imu_init/install/lidar_imu_init/share/lidar_imu_init/package.ps1'
[1.111s] INFO:colcon.colcon_core.shell:Creating package descriptor '/home/hopcopter/ws_lidar_imu_init/install/lidar_imu_init/share/lidar_imu_init/package.dsv'
[1.112s] INFO:colcon.colcon_core.shell:Creating package script '/home/hopcopter/ws_lidar_imu_init/install/lidar_imu_init/share/lidar_imu_init/package.sh'
[1.112s] INFO:colcon.colcon_core.shell:Creating package script '/home/hopcopter/ws_lidar_imu_init/install/lidar_imu_init/share/lidar_imu_init/package.bash'
[1.113s] INFO:colcon.colcon_core.shell:Creating package script '/home/hopcopter/ws_lidar_imu_init/install/lidar_imu_init/share/lidar_imu_init/package.zsh'
[1.114s] Level 1:colcon.colcon_core.environment:create_file_with_runtime_dependencies(/home/hopcopter/ws_lidar_imu_init/install/lidar_imu_init/share/colcon-core/packages/lidar_imu_init)
[1.114s] DEBUG:colcon.colcon_parallel_executor.executor.parallel:closing loop
[1.114s] DEBUG:colcon.colcon_parallel_executor.executor.parallel:loop closed
[1.114s] DEBUG:colcon.colcon_parallel_executor.executor.parallel:run_until_complete finished with '0'
[1.115s] DEBUG:colcon.colcon_core.event_reactor:joining thread
[1.121s] INFO:colcon.colcon_core.plugin_system:Skipping extension 'colcon_notification.desktop_notification.terminal_notifier': Not used on non-Darwin systems
[1.121s] INFO:colcon.colcon_core.plugin_system:Skipping extension 'colcon_notification.desktop_notification.win32': Not used on non-Windows systems
[1.121s] INFO:colcon.colcon_notification.desktop_notification:Sending desktop notification using 'notify2'
[1.135s] DEBUG:colcon.colcon_core.event_reactor:joined thread
[1.136s] INFO:colcon.colcon_core.shell:Creating prefix script '/home/hopcopter/ws_lidar_imu_init/install/local_setup.ps1'
[1.137s] INFO:colcon.colcon_core.shell:Creating prefix util module '/home/hopcopter/ws_lidar_imu_init/install/_local_setup_util_ps1.py'
[1.138s] INFO:colcon.colcon_core.shell:Creating prefix chain script '/home/hopcopter/ws_lidar_imu_init/install/setup.ps1'
[1.140s] INFO:colcon.colcon_core.shell:Creating prefix script '/home/hopcopter/ws_lidar_imu_init/install/local_setup.sh'
[1.141s] INFO:colcon.colcon_core.shell:Creating prefix util module '/home/hopcopter/ws_lidar_imu_init/install/_local_setup_util_sh.py'
[1.141s] INFO:colcon.colcon_core.shell:Creating prefix chain script '/home/hopcopter/ws_lidar_imu_init/install/setup.sh'
[1.143s] INFO:colcon.colcon_core.shell:Creating prefix script '/home/hopcopter/ws_lidar_imu_init/install/local_setup.bash'
[1.143s] INFO:colcon.colcon_core.shell:Creating prefix chain script '/home/hopcopter/ws_lidar_imu_init/install/setup.bash'
[1.144s] INFO:colcon.colcon_core.shell:Creating prefix script '/home/hopcopter/ws_lidar_imu_init/install/local_setup.zsh'
[1.145s] INFO:colcon.colcon_core.shell:Creating prefix chain script '/home/hopcopter/ws_lidar_imu_init/install/setup.zsh'
