[0mCurrent CPU architecture: x86_64[0m
[0mProcessor number: 8[0m
[33mCMake Warning (dev) at CMakeLists.txt:71 (find_package):
  Policy CMP0074 is not set: find_package uses <PackageName>_ROOT variables.
  Run "cmake --help-policy CMP0074" for policy details.  Use the cmake_policy
  command to set the policy and suppress this warning.

  CMake variable PCL_ROOT is set to:

    /usr

  For compatibility, CMake is ignoring the variable.
This warning is for project developers.  Use -Wno-dev to suppress it.
[0m
[31mCMake Error at CMakeLists.txt:74 (find_package):
  By not providing "Findlivox_ros_driver2.cmake" in CMAKE_MODULE_PATH this
  project has asked CMake to find a package configuration file provided by
  "livox_ros_driver2", but CMake did not find one.

  Could not find a package configuration file provided by "livox_ros_driver2"
  with any of the following names:

    livox_ros_driver2Config.cmake
    livox_ros_driver2-config.cmake

  Add the installation prefix of "livox_ros_driver2" to CMAKE_PREFIX_PATH or
  set "livox_ros_driver2_DIR" to a directory containing one of the above
  files.  If "livox_ros_driver2" provides a separate development package or
  SDK, be sure it has been installed.

[0m
gmake: *** [Makefile:1112: cmake_check_build_system] Error 1
