[0.017s] Invoking command in '/home/hopcopter/ws_lidar_imu_init/build/lidar_imu_init': CMAKE_PREFIX_PATH=/opt/ros/humble /usr/bin/cmake --build /home/hopcopter/ws_lidar_imu_init/build/lidar_imu_init -- -j8 -l8
[0.076s] [0mCurrent CPU architecture: x86_64[0m
[0.081s] [0mProcessor number: 8[0m
[0.084s] -- Found ament_cmake: 1.3.13 (/opt/ros/humble/share/ament_cmake/cmake)
[0.235s] -- Found rclcpp: 16.0.18 (/opt/ros/humble/share/rclcpp/cmake)
[0.281s] -- Found rosidl_generator_c: 3.1.8 (/opt/ros/humble/share/rosidl_generator_c/cmake)
[0.284s] -- Found rosidl_adapter: 3.1.8 (/opt/ros/humble/share/rosidl_adapter/cmake)
[0.292s] -- Found rosidl_generator_cpp: 3.1.8 (/opt/ros/humble/share/rosidl_generator_cpp/cmake)
[0.305s] -- Using all available rosidl_typesupport_c: rosidl_typesupport_fastrtps_c;rosidl_typesupport_introspection_c
[0.320s] -- Using all available rosidl_typesupport_cpp: rosidl_typesupport_fastrtps_cpp;rosidl_typesupport_introspection_cpp
[0.361s] -- Found rmw_implementation_cmake: 6.1.2 (/opt/ros/humble/share/rmw_implementation_cmake/cmake)
[0.362s] -- Found rmw_fastrtps_cpp: 6.2.10 (/opt/ros/humble/share/rmw_fastrtps_cpp/cmake)
[0.482s] -- Using RMW implementation 'rmw_fastrtps_cpp' as default
[0.548s] -- Found rclcpp_components: 16.0.18 (/opt/ros/humble/share/rclcpp_components/cmake)
[0.568s] -- Found geometry_msgs: 4.9.1 (/opt/ros/humble/share/geometry_msgs/cmake)
[0.582s] -- Found nav_msgs: 4.9.1 (/opt/ros/humble/share/nav_msgs/cmake)
[0.599s] -- Found sensor_msgs: 4.9.1 (/opt/ros/humble/share/sensor_msgs/cmake)
[0.617s] -- Found std_srvs: 4.9.1 (/opt/ros/humble/share/std_srvs/cmake)
[0.630s] -- Found visualization_msgs: 4.9.1 (/opt/ros/humble/share/visualization_msgs/cmake)
[0.650s] -- Found pcl_ros: 2.4.5 (/opt/ros/humble/share/pcl_ros/cmake)
[0.691s] -- Eigen found (include: /usr/include/eigen3, version: 3.4.0)
[0.748s] -- FLANN found (include: /usr/include, lib: /usr/lib/x86_64-linux-gnu/libflann_cpp.so)
[1.171s] -- OpenNI found (version: 1.5.4.0, include: /usr/include/ni, lib: /usr/lib/libOpenNI.so;libusb::libusb)
[1.177s] -- OpenNI2 found (version: 2.2.0.33, include: /usr/include/openni2, lib: /usr/lib/x86_64-linux-gnu/libOpenNI2.so;libusb::libusb)
[1.334s] -- Eigen found (include: /usr/include/eigen3, version: 3.4.0)
[1.341s] -- OpenNI found (version: 1.5.4.0, include: /usr/include/ni, lib: /usr/lib/libOpenNI.so;libusb::libusb)
[1.347s] -- OpenNI2 found (version: 2.2.0.33, include: /usr/include/openni2, lib: /usr/lib/x86_64-linux-gnu/libOpenNI2.so;libusb::libusb)
[1.485s] -- Found Qhull version 8.0.2
[1.627s] -- OpenNI found (version: 1.5.4.0, include: /usr/include/ni, lib: /usr/lib/libOpenNI.so;libusb::libusb)
[1.794s] -- Found eigen3_cmake_module: 0.1.1 (/opt/ros/humble/share/eigen3_cmake_module/cmake)
[1.795s] -- Ensuring Eigen3 include directory is part of orocos-kdl CMake target
[1.869s] -- Found rosidl_default_generators: 1.2.0 (/opt/ros/humble/share/rosidl_default_generators/cmake)
[1.886s] -- Found tf2_eigen: 0.25.19 (/opt/ros/humble/share/tf2_eigen/cmake)
[1.891s] -- Found required Ceres dependency: Eigen version 3.4.0 in /usr/include/eigen3
[1.893s] -- Found required Ceres dependency: glog
[1.894s] -- Found required Ceres dependency: gflags
[1.894s] -- Found Ceres version: 2.0.0 installed in: /usr with components: [EigenSparse, SparseLinearAlgebraLibrary, LAPACK, SuiteSparse, CXSparse, SchurSpecializations, Multithreading]
[1.896s] [33mCMake Warning (dev) at CMakeLists.txt:71 (find_package):
[1.896s]   Policy CMP0074 is not set: find_package uses <PackageName>_ROOT variables.
[1.896s]   Run "cmake --help-policy CMP0074" for policy details.  Use the cmake_policy
[1.896s]   command to set the policy and suppress this warning.
[1.896s] 
[1.896s]   CMake variable PCL_ROOT is set to:
[1.896s] 
[1.896s]     /usr
[1.896s] 
[1.896s]   For compatibility, CMake is ignoring the variable.
[1.896s] This warning is for project developers.  Use -Wno-dev to suppress it.
[1.896s] [0m
[1.912s] [31mCMake Error at CMakeLists.txt:74 (find_package):
[1.912s]   By not providing "Findlivox_ros_driver2.cmake" in CMAKE_MODULE_PATH this
[1.912s]   project has asked CMake to find a package configuration file provided by
[1.912s]   "livox_ros_driver2", but CMake did not find one.
[1.912s] 
[1.912s]   Could not find a package configuration file provided by "livox_ros_driver2"
[1.912s]   with any of the following names:
[1.912s] 
[1.912s]     livox_ros_driver2Config.cmake
[1.913s]     livox_ros_driver2-config.cmake
[1.913s] 
[1.913s]   Add the installation prefix of "livox_ros_driver2" to CMAKE_PREFIX_PATH or
[1.913s]   set "livox_ros_driver2_DIR" to a directory containing one of the above
[1.913s]   files.  If "livox_ros_driver2" provides a separate development package or
[1.913s]   SDK, be sure it has been installed.
[1.913s] 
[1.913s] [0m
[1.913s] -- Configuring incomplete, errors occurred!
[1.913s] See also "/home/hopcopter/ws_lidar_imu_init/build/lidar_imu_init/CMakeFiles/CMakeOutput.log".
[1.928s] gmake: *** [Makefile:1112: cmake_check_build_system] Error 1
[1.931s] Invoked command in '/home/hopcopter/ws_lidar_imu_init/build/lidar_imu_init' returned '2': CMAKE_PREFIX_PATH=/opt/ros/humble /usr/bin/cmake --build /home/hopcopter/ws_lidar_imu_init/build/lidar_imu_init -- -j8 -l8
