[0.015s] Invoking command in '/home/hopcopter/ws_lidar_imu_init/build/lidar_imu_init': CMAKE_PREFIX_PATH=/opt/ros/humble /usr/bin/cmake --build /home/hopcopter/ws_lidar_imu_init/build/lidar_imu_init -- -j8 -l8
[0.082s] [  2%] Built target lidar_imu_init__cpp
[0.091s] [ 11%] Built target lidar_imu_init__rosidl_generator_c
[0.099s] [ 11%] Built target ament_cmake_python_copy_lidar_imu_init
[0.126s] [ 20%] Built target lidar_imu_init__rosidl_typesupport_fastrtps_cpp
[0.128s] [ 28%] Built target lidar_imu_init__rosidl_typesupport_introspection_c
[0.130s] [ 37%] Built target lidar_imu_init__rosidl_typesupport_fastrtps_c
[0.133s] [ 46%] Built target lidar_imu_init__rosidl_typesupport_introspection_cpp
[0.134s] [ 55%] Built target lidar_imu_init__rosidl_typesupport_cpp
[0.140s] [ 64%] Built target lidar_imu_init__rosidl_typesupport_c
[0.168s] [ 64%] Built target lidar_imu_init
[0.194s] [ 66%] Built target lidar_imu_init__py
[0.195s] [ 80%] Built target li_init
[0.224s] [ 86%] Built target lidar_imu_init__rosidl_generator_py
[0.256s] [ 95%] Built target lidar_imu_init__rosidl_typesupport_c__pyext
[0.256s] [ 95%] Built target lidar_imu_init__rosidl_typesupport_introspection_c__pyext
[0.258s] [100%] Built target lidar_imu_init__rosidl_typesupport_fastrtps_c__pyext
[0.426s] running egg_info
[0.427s] writing lidar_imu_init.egg-info/PKG-INFO
[0.427s] writing dependency_links to lidar_imu_init.egg-info/dependency_links.txt
[0.427s] writing top-level names to lidar_imu_init.egg-info/top_level.txt
[0.431s] reading manifest file 'lidar_imu_init.egg-info/SOURCES.txt'
[0.432s] writing manifest file 'lidar_imu_init.egg-info/SOURCES.txt'
[0.469s] [100%] Built target ament_cmake_python_build_lidar_imu_init_egg
[0.483s] Invoked command in '/home/hopcopter/ws_lidar_imu_init/build/lidar_imu_init' returned '0': CMAKE_PREFIX_PATH=/opt/ros/humble /usr/bin/cmake --build /home/hopcopter/ws_lidar_imu_init/build/lidar_imu_init -- -j8 -l8
[0.495s] Invoking command in '/home/hopcopter/ws_lidar_imu_init/build/lidar_imu_init': CMAKE_PREFIX_PATH=/opt/ros/humble /usr/bin/cmake --install /home/hopcopter/ws_lidar_imu_init/build/lidar_imu_init
[0.504s] -- Install configuration: "Release"
[0.504s] -- Up-to-date: /home/hopcopter/ws_lidar_imu_init/install/lidar_imu_init/share/ament_index/resource_index/rosidl_interfaces/lidar_imu_init
[0.504s] -- Up-to-date: /home/hopcopter/ws_lidar_imu_init/install/lidar_imu_init/include/lidar_imu_init/lidar_imu_init
[0.504s] -- Up-to-date: /home/hopcopter/ws_lidar_imu_init/install/lidar_imu_init/include/lidar_imu_init/lidar_imu_init/msg
[0.504s] -- Up-to-date: /home/hopcopter/ws_lidar_imu_init/install/lidar_imu_init/include/lidar_imu_init/lidar_imu_init/msg/detail
[0.504s] -- Up-to-date: /home/hopcopter/ws_lidar_imu_init/install/lidar_imu_init/include/lidar_imu_init/lidar_imu_init/msg/detail/states__struct.h
[0.505s] -- Up-to-date: /home/hopcopter/ws_lidar_imu_init/install/lidar_imu_init/include/lidar_imu_init/lidar_imu_init/msg/detail/pose6_d__type_support.h
[0.505s] -- Up-to-date: /home/hopcopter/ws_lidar_imu_init/install/lidar_imu_init/include/lidar_imu_init/lidar_imu_init/msg/detail/pose6_d__functions.c
[0.505s] -- Up-to-date: /home/hopcopter/ws_lidar_imu_init/install/lidar_imu_init/include/lidar_imu_init/lidar_imu_init/msg/detail/states__type_support.h
[0.505s] -- Up-to-date: /home/hopcopter/ws_lidar_imu_init/install/lidar_imu_init/include/lidar_imu_init/lidar_imu_init/msg/detail/pose6_d__struct.h
[0.505s] -- Up-to-date: /home/hopcopter/ws_lidar_imu_init/install/lidar_imu_init/include/lidar_imu_init/lidar_imu_init/msg/detail/states__functions.c
[0.505s] -- Up-to-date: /home/hopcopter/ws_lidar_imu_init/install/lidar_imu_init/include/lidar_imu_init/lidar_imu_init/msg/detail/pose6_d__functions.h
[0.505s] -- Up-to-date: /home/hopcopter/ws_lidar_imu_init/install/lidar_imu_init/include/lidar_imu_init/lidar_imu_init/msg/detail/states__functions.h
[0.506s] -- Up-to-date: /home/hopcopter/ws_lidar_imu_init/install/lidar_imu_init/include/lidar_imu_init/lidar_imu_init/msg/pose6_d.h
[0.506s] -- Up-to-date: /home/hopcopter/ws_lidar_imu_init/install/lidar_imu_init/include/lidar_imu_init/lidar_imu_init/msg/states.h
[0.506s] -- Up-to-date: /home/hopcopter/ws_lidar_imu_init/install/lidar_imu_init/include/lidar_imu_init/lidar_imu_init/msg/rosidl_generator_c__visibility_control.h
[0.506s] -- Up-to-date: /home/hopcopter/ws_lidar_imu_init/install/lidar_imu_init/share/lidar_imu_init/environment/library_path.sh
[0.506s] -- Up-to-date: /home/hopcopter/ws_lidar_imu_init/install/lidar_imu_init/share/lidar_imu_init/environment/library_path.dsv
[0.506s] -- Up-to-date: /home/hopcopter/ws_lidar_imu_init/install/lidar_imu_init/lib/liblidar_imu_init__rosidl_generator_c.so
[0.506s] -- Up-to-date: /home/hopcopter/ws_lidar_imu_init/install/lidar_imu_init/include/lidar_imu_init/lidar_imu_init
[0.506s] -- Up-to-date: /home/hopcopter/ws_lidar_imu_init/install/lidar_imu_init/include/lidar_imu_init/lidar_imu_init/msg
[0.506s] -- Up-to-date: /home/hopcopter/ws_lidar_imu_init/install/lidar_imu_init/include/lidar_imu_init/lidar_imu_init/msg/detail
[0.506s] -- Up-to-date: /home/hopcopter/ws_lidar_imu_init/install/lidar_imu_init/include/lidar_imu_init/lidar_imu_init/msg/detail/states__rosidl_typesupport_fastrtps_c.h
[0.506s] -- Up-to-date: /home/hopcopter/ws_lidar_imu_init/install/lidar_imu_init/include/lidar_imu_init/lidar_imu_init/msg/detail/pose6_d__rosidl_typesupport_fastrtps_c.h
[0.506s] -- Up-to-date: /home/hopcopter/ws_lidar_imu_init/install/lidar_imu_init/include/lidar_imu_init/lidar_imu_init/msg/rosidl_typesupport_fastrtps_c__visibility_control.h
[0.507s] -- Up-to-date: /home/hopcopter/ws_lidar_imu_init/install/lidar_imu_init/lib/liblidar_imu_init__rosidl_typesupport_fastrtps_c.so
[0.507s] -- Up-to-date: /home/hopcopter/ws_lidar_imu_init/install/lidar_imu_init/include/lidar_imu_init/lidar_imu_init
[0.507s] -- Up-to-date: /home/hopcopter/ws_lidar_imu_init/install/lidar_imu_init/include/lidar_imu_init/lidar_imu_init/msg
[0.507s] -- Up-to-date: /home/hopcopter/ws_lidar_imu_init/install/lidar_imu_init/include/lidar_imu_init/lidar_imu_init/msg/detail
[0.507s] -- Up-to-date: /home/hopcopter/ws_lidar_imu_init/install/lidar_imu_init/include/lidar_imu_init/lidar_imu_init/msg/detail/states__type_support.hpp
[0.507s] -- Up-to-date: /home/hopcopter/ws_lidar_imu_init/install/lidar_imu_init/include/lidar_imu_init/lidar_imu_init/msg/detail/pose6_d__builder.hpp
[0.507s] -- Up-to-date: /home/hopcopter/ws_lidar_imu_init/install/lidar_imu_init/include/lidar_imu_init/lidar_imu_init/msg/detail/states__traits.hpp
[0.507s] -- Up-to-date: /home/hopcopter/ws_lidar_imu_init/install/lidar_imu_init/include/lidar_imu_init/lidar_imu_init/msg/detail/states__struct.hpp
[0.507s] -- Up-to-date: /home/hopcopter/ws_lidar_imu_init/install/lidar_imu_init/include/lidar_imu_init/lidar_imu_init/msg/detail/states__builder.hpp
[0.507s] -- Up-to-date: /home/hopcopter/ws_lidar_imu_init/install/lidar_imu_init/include/lidar_imu_init/lidar_imu_init/msg/detail/pose6_d__struct.hpp
[0.508s] -- Up-to-date: /home/hopcopter/ws_lidar_imu_init/install/lidar_imu_init/include/lidar_imu_init/lidar_imu_init/msg/detail/pose6_d__traits.hpp
[0.508s] -- Up-to-date: /home/hopcopter/ws_lidar_imu_init/install/lidar_imu_init/include/lidar_imu_init/lidar_imu_init/msg/detail/pose6_d__type_support.hpp
[0.508s] -- Up-to-date: /home/hopcopter/ws_lidar_imu_init/install/lidar_imu_init/include/lidar_imu_init/lidar_imu_init/msg/pose6_d.hpp
[0.508s] -- Up-to-date: /home/hopcopter/ws_lidar_imu_init/install/lidar_imu_init/include/lidar_imu_init/lidar_imu_init/msg/states.hpp
[0.508s] -- Up-to-date: /home/hopcopter/ws_lidar_imu_init/install/lidar_imu_init/include/lidar_imu_init/lidar_imu_init/msg/rosidl_generator_cpp__visibility_control.hpp
[0.508s] -- Up-to-date: /home/hopcopter/ws_lidar_imu_init/install/lidar_imu_init/include/lidar_imu_init/lidar_imu_init
[0.508s] -- Up-to-date: /home/hopcopter/ws_lidar_imu_init/install/lidar_imu_init/include/lidar_imu_init/lidar_imu_init/msg
[0.508s] -- Up-to-date: /home/hopcopter/ws_lidar_imu_init/install/lidar_imu_init/include/lidar_imu_init/lidar_imu_init/msg/rosidl_typesupport_fastrtps_cpp__visibility_control.h
[0.508s] -- Up-to-date: /home/hopcopter/ws_lidar_imu_init/install/lidar_imu_init/include/lidar_imu_init/lidar_imu_init/msg/detail
[0.508s] -- Up-to-date: /home/hopcopter/ws_lidar_imu_init/install/lidar_imu_init/include/lidar_imu_init/lidar_imu_init/msg/detail/dds_fastrtps
[0.508s] -- Up-to-date: /home/hopcopter/ws_lidar_imu_init/install/lidar_imu_init/include/lidar_imu_init/lidar_imu_init/msg/detail/pose6_d__rosidl_typesupport_fastrtps_cpp.hpp
[0.508s] -- Up-to-date: /home/hopcopter/ws_lidar_imu_init/install/lidar_imu_init/include/lidar_imu_init/lidar_imu_init/msg/detail/states__rosidl_typesupport_fastrtps_cpp.hpp
[0.508s] -- Up-to-date: /home/hopcopter/ws_lidar_imu_init/install/lidar_imu_init/lib/liblidar_imu_init__rosidl_typesupport_fastrtps_cpp.so
[0.508s] -- Up-to-date: /home/hopcopter/ws_lidar_imu_init/install/lidar_imu_init/include/lidar_imu_init/lidar_imu_init
[0.508s] -- Up-to-date: /home/hopcopter/ws_lidar_imu_init/install/lidar_imu_init/include/lidar_imu_init/lidar_imu_init/msg
[0.509s] -- Up-to-date: /home/hopcopter/ws_lidar_imu_init/install/lidar_imu_init/include/lidar_imu_init/lidar_imu_init/msg/detail
[0.509s] -- Up-to-date: /home/hopcopter/ws_lidar_imu_init/install/lidar_imu_init/include/lidar_imu_init/lidar_imu_init/msg/detail/pose6_d__type_support.c
[0.509s] -- Up-to-date: /home/hopcopter/ws_lidar_imu_init/install/lidar_imu_init/include/lidar_imu_init/lidar_imu_init/msg/detail/states__type_support.c
[0.509s] -- Up-to-date: /home/hopcopter/ws_lidar_imu_init/install/lidar_imu_init/include/lidar_imu_init/lidar_imu_init/msg/detail/pose6_d__rosidl_typesupport_introspection_c.h
[0.509s] -- Up-to-date: /home/hopcopter/ws_lidar_imu_init/install/lidar_imu_init/include/lidar_imu_init/lidar_imu_init/msg/detail/states__rosidl_typesupport_introspection_c.h
[0.509s] -- Up-to-date: /home/hopcopter/ws_lidar_imu_init/install/lidar_imu_init/include/lidar_imu_init/lidar_imu_init/msg/rosidl_typesupport_introspection_c__visibility_control.h
[0.509s] -- Up-to-date: /home/hopcopter/ws_lidar_imu_init/install/lidar_imu_init/lib/liblidar_imu_init__rosidl_typesupport_introspection_c.so
[0.509s] -- Up-to-date: /home/hopcopter/ws_lidar_imu_init/install/lidar_imu_init/lib/liblidar_imu_init__rosidl_typesupport_c.so
[0.509s] -- Up-to-date: /home/hopcopter/ws_lidar_imu_init/install/lidar_imu_init/include/lidar_imu_init/lidar_imu_init
[0.509s] -- Up-to-date: /home/hopcopter/ws_lidar_imu_init/install/lidar_imu_init/include/lidar_imu_init/lidar_imu_init/msg
[0.509s] -- Up-to-date: /home/hopcopter/ws_lidar_imu_init/install/lidar_imu_init/include/lidar_imu_init/lidar_imu_init/msg/detail
[0.510s] -- Up-to-date: /home/hopcopter/ws_lidar_imu_init/install/lidar_imu_init/include/lidar_imu_init/lidar_imu_init/msg/detail/states__type_support.cpp
[0.510s] -- Up-to-date: /home/hopcopter/ws_lidar_imu_init/install/lidar_imu_init/include/lidar_imu_init/lidar_imu_init/msg/detail/pose6_d__rosidl_typesupport_introspection_cpp.hpp
[0.510s] -- Up-to-date: /home/hopcopter/ws_lidar_imu_init/install/lidar_imu_init/include/lidar_imu_init/lidar_imu_init/msg/detail/states__rosidl_typesupport_introspection_cpp.hpp
[0.510s] -- Up-to-date: /home/hopcopter/ws_lidar_imu_init/install/lidar_imu_init/include/lidar_imu_init/lidar_imu_init/msg/detail/pose6_d__type_support.cpp
[0.510s] -- Up-to-date: /home/hopcopter/ws_lidar_imu_init/install/lidar_imu_init/lib/liblidar_imu_init__rosidl_typesupport_introspection_cpp.so
[0.510s] -- Up-to-date: /home/hopcopter/ws_lidar_imu_init/install/lidar_imu_init/lib/liblidar_imu_init__rosidl_typesupport_cpp.so
[0.510s] -- Up-to-date: /home/hopcopter/ws_lidar_imu_init/install/lidar_imu_init/share/lidar_imu_init/environment/pythonpath.sh
[0.510s] -- Up-to-date: /home/hopcopter/ws_lidar_imu_init/install/lidar_imu_init/share/lidar_imu_init/environment/pythonpath.dsv
[0.510s] -- Up-to-date: /home/hopcopter/ws_lidar_imu_init/install/lidar_imu_init/local/lib/python3.10/dist-packages/lidar_imu_init-0.0.0-py3.10.egg-info
[0.510s] -- Installing: /home/hopcopter/ws_lidar_imu_init/install/lidar_imu_init/local/lib/python3.10/dist-packages/lidar_imu_init-0.0.0-py3.10.egg-info/dependency_links.txt
[0.511s] -- Installing: /home/hopcopter/ws_lidar_imu_init/install/lidar_imu_init/local/lib/python3.10/dist-packages/lidar_imu_init-0.0.0-py3.10.egg-info/SOURCES.txt
[0.511s] -- Installing: /home/hopcopter/ws_lidar_imu_init/install/lidar_imu_init/local/lib/python3.10/dist-packages/lidar_imu_init-0.0.0-py3.10.egg-info/PKG-INFO
[0.511s] -- Installing: /home/hopcopter/ws_lidar_imu_init/install/lidar_imu_init/local/lib/python3.10/dist-packages/lidar_imu_init-0.0.0-py3.10.egg-info/top_level.txt
[0.511s] -- Up-to-date: /home/hopcopter/ws_lidar_imu_init/install/lidar_imu_init/local/lib/python3.10/dist-packages/lidar_imu_init
[0.511s] -- Up-to-date: /home/hopcopter/ws_lidar_imu_init/install/lidar_imu_init/local/lib/python3.10/dist-packages/lidar_imu_init/lidar_imu_init_s__rosidl_typesupport_introspection_c.cpython-310-x86_64-linux-gnu.so
[0.511s] -- Up-to-date: /home/hopcopter/ws_lidar_imu_init/install/lidar_imu_init/local/lib/python3.10/dist-packages/lidar_imu_init/lidar_imu_init_s__rosidl_typesupport_fastrtps_c.cpython-310-x86_64-linux-gnu.so
[0.511s] -- Up-to-date: /home/hopcopter/ws_lidar_imu_init/install/lidar_imu_init/local/lib/python3.10/dist-packages/lidar_imu_init/__init__.py
[0.511s] -- Up-to-date: /home/hopcopter/ws_lidar_imu_init/install/lidar_imu_init/local/lib/python3.10/dist-packages/lidar_imu_init/msg
[0.511s] -- Up-to-date: /home/hopcopter/ws_lidar_imu_init/install/lidar_imu_init/local/lib/python3.10/dist-packages/lidar_imu_init/msg/_pose6_d_s.c
[0.511s] -- Up-to-date: /home/hopcopter/ws_lidar_imu_init/install/lidar_imu_init/local/lib/python3.10/dist-packages/lidar_imu_init/msg/__init__.py
[0.511s] -- Up-to-date: /home/hopcopter/ws_lidar_imu_init/install/lidar_imu_init/local/lib/python3.10/dist-packages/lidar_imu_init/msg/_states_s.c
[0.511s] -- Up-to-date: /home/hopcopter/ws_lidar_imu_init/install/lidar_imu_init/local/lib/python3.10/dist-packages/lidar_imu_init/msg/_pose6_d.py
[0.512s] -- Up-to-date: /home/hopcopter/ws_lidar_imu_init/install/lidar_imu_init/local/lib/python3.10/dist-packages/lidar_imu_init/msg/_states.py
[0.512s] -- Up-to-date: /home/hopcopter/ws_lidar_imu_init/install/lidar_imu_init/local/lib/python3.10/dist-packages/lidar_imu_init/_lidar_imu_init_s.ep.rosidl_typesupport_fastrtps_c.c
[0.512s] -- Up-to-date: /home/hopcopter/ws_lidar_imu_init/install/lidar_imu_init/local/lib/python3.10/dist-packages/lidar_imu_init/liblidar_imu_init__rosidl_generator_py.so
[0.512s] -- Up-to-date: /home/hopcopter/ws_lidar_imu_init/install/lidar_imu_init/local/lib/python3.10/dist-packages/lidar_imu_init/_lidar_imu_init_s.ep.rosidl_typesupport_introspection_c.c
[0.512s] -- Up-to-date: /home/hopcopter/ws_lidar_imu_init/install/lidar_imu_init/local/lib/python3.10/dist-packages/lidar_imu_init/_lidar_imu_init_s.ep.rosidl_typesupport_c.c
[0.512s] -- Up-to-date: /home/hopcopter/ws_lidar_imu_init/install/lidar_imu_init/local/lib/python3.10/dist-packages/lidar_imu_init/lidar_imu_init_s__rosidl_typesupport_c.cpython-310-x86_64-linux-gnu.so
[0.553s] Listing '/home/hopcopter/ws_lidar_imu_init/install/lidar_imu_init/local/lib/python3.10/dist-packages/lidar_imu_init'...
[0.554s] Listing '/home/hopcopter/ws_lidar_imu_init/install/lidar_imu_init/local/lib/python3.10/dist-packages/lidar_imu_init/msg'...
[0.557s] -- Up-to-date: /home/hopcopter/ws_lidar_imu_init/install/lidar_imu_init/local/lib/python3.10/dist-packages/lidar_imu_init/lidar_imu_init_s__rosidl_typesupport_fastrtps_c.cpython-310-x86_64-linux-gnu.so
[0.558s] -- Up-to-date: /home/hopcopter/ws_lidar_imu_init/install/lidar_imu_init/local/lib/python3.10/dist-packages/lidar_imu_init/lidar_imu_init_s__rosidl_typesupport_introspection_c.cpython-310-x86_64-linux-gnu.so
[0.558s] -- Up-to-date: /home/hopcopter/ws_lidar_imu_init/install/lidar_imu_init/local/lib/python3.10/dist-packages/lidar_imu_init/lidar_imu_init_s__rosidl_typesupport_c.cpython-310-x86_64-linux-gnu.so
[0.558s] -- Up-to-date: /home/hopcopter/ws_lidar_imu_init/install/lidar_imu_init/lib/liblidar_imu_init__rosidl_generator_py.so
[0.558s] -- Up-to-date: /home/hopcopter/ws_lidar_imu_init/install/lidar_imu_init/share/lidar_imu_init/msg/Pose6D.idl
[0.558s] -- Up-to-date: /home/hopcopter/ws_lidar_imu_init/install/lidar_imu_init/share/lidar_imu_init/msg/States.idl
[0.558s] -- Up-to-date: /home/hopcopter/ws_lidar_imu_init/install/lidar_imu_init/share/lidar_imu_init/msg/Pose6D.msg
[0.558s] -- Up-to-date: /home/hopcopter/ws_lidar_imu_init/install/lidar_imu_init/share/lidar_imu_init/msg/States.msg
[0.559s] -- Up-to-date: /home/hopcopter/ws_lidar_imu_init/install/lidar_imu_init/lib/lidar_imu_init/li_init
[0.559s] -- Up-to-date: /home/hopcopter/ws_lidar_imu_init/install/lidar_imu_init/share/lidar_imu_init/config
[0.559s] -- Up-to-date: /home/hopcopter/ws_lidar_imu_init/install/lidar_imu_init/share/lidar_imu_init/config/avia.yaml
[0.559s] -- Up-to-date: /home/hopcopter/ws_lidar_imu_init/install/lidar_imu_init/share/lidar_imu_init/config/ouster.yaml
[0.559s] -- Installing: /home/hopcopter/ws_lidar_imu_init/install/lidar_imu_init/share/lidar_imu_init/config/mid360.yaml
[0.559s] -- Up-to-date: /home/hopcopter/ws_lidar_imu_init/install/lidar_imu_init/share/lidar_imu_init/config/velodyne.yaml
[0.559s] -- Up-to-date: /home/hopcopter/ws_lidar_imu_init/install/lidar_imu_init/share/lidar_imu_init/config/ouster32.yaml
[0.559s] -- Up-to-date: /home/hopcopter/ws_lidar_imu_init/install/lidar_imu_init/share/lidar_imu_init/config/ouster64.yaml
[0.560s] -- Up-to-date: /home/hopcopter/ws_lidar_imu_init/install/lidar_imu_init/share/lidar_imu_init/config/horizon.yaml
[0.560s] -- Up-to-date: /home/hopcopter/ws_lidar_imu_init/install/lidar_imu_init/share/lidar_imu_init/config/robosense.yaml
[0.560s] -- Up-to-date: /home/hopcopter/ws_lidar_imu_init/install/lidar_imu_init/share/lidar_imu_init/config/pandar.yaml
[0.560s] -- Up-to-date: /home/hopcopter/ws_lidar_imu_init/install/lidar_imu_init/share/lidar_imu_init/launch
[0.560s] -- Up-to-date: /home/hopcopter/ws_lidar_imu_init/install/lidar_imu_init/share/lidar_imu_init/launch/mapping.launch.py
[0.560s] -- Up-to-date: /home/hopcopter/ws_lidar_imu_init/install/lidar_imu_init/share/lidar_imu_init/launch/gdb_debug_example.launch
[0.560s] -- Up-to-date: /home/hopcopter/ws_lidar_imu_init/install/lidar_imu_init/share/lidar_imu_init/rviz
[0.560s] -- Up-to-date: /home/hopcopter/ws_lidar_imu_init/install/lidar_imu_init/share/lidar_imu_init/rviz/li_init.rviz
[0.560s] -- Up-to-date: /home/hopcopter/ws_lidar_imu_init/install/lidar_imu_init/share/ament_index/resource_index/package_run_dependencies/lidar_imu_init
[0.560s] -- Up-to-date: /home/hopcopter/ws_lidar_imu_init/install/lidar_imu_init/share/ament_index/resource_index/parent_prefix_path/lidar_imu_init
[0.563s] -- Up-to-date: /home/hopcopter/ws_lidar_imu_init/install/lidar_imu_init/share/lidar_imu_init/environment/ament_prefix_path.sh
[0.563s] -- Up-to-date: /home/hopcopter/ws_lidar_imu_init/install/lidar_imu_init/share/lidar_imu_init/environment/ament_prefix_path.dsv
[0.563s] -- Up-to-date: /home/hopcopter/ws_lidar_imu_init/install/lidar_imu_init/share/lidar_imu_init/environment/path.sh
[0.563s] -- Up-to-date: /home/hopcopter/ws_lidar_imu_init/install/lidar_imu_init/share/lidar_imu_init/environment/path.dsv
[0.563s] -- Up-to-date: /home/hopcopter/ws_lidar_imu_init/install/lidar_imu_init/share/lidar_imu_init/local_setup.bash
[0.563s] -- Up-to-date: /home/hopcopter/ws_lidar_imu_init/install/lidar_imu_init/share/lidar_imu_init/local_setup.sh
[0.563s] -- Up-to-date: /home/hopcopter/ws_lidar_imu_init/install/lidar_imu_init/share/lidar_imu_init/local_setup.zsh
[0.563s] -- Up-to-date: /home/hopcopter/ws_lidar_imu_init/install/lidar_imu_init/share/lidar_imu_init/local_setup.dsv
[0.563s] -- Installing: /home/hopcopter/ws_lidar_imu_init/install/lidar_imu_init/share/lidar_imu_init/package.dsv
[0.563s] -- Up-to-date: /home/hopcopter/ws_lidar_imu_init/install/lidar_imu_init/share/ament_index/resource_index/packages/lidar_imu_init
[0.564s] -- Up-to-date: /home/hopcopter/ws_lidar_imu_init/install/lidar_imu_init/share/lidar_imu_init/cmake/export_lidar_imu_init__rosidl_generator_cExport.cmake
[0.565s] -- Up-to-date: /home/hopcopter/ws_lidar_imu_init/install/lidar_imu_init/share/lidar_imu_init/cmake/export_lidar_imu_init__rosidl_generator_cExport-release.cmake
[0.567s] -- Up-to-date: /home/hopcopter/ws_lidar_imu_init/install/lidar_imu_init/share/lidar_imu_init/cmake/export_lidar_imu_init__rosidl_typesupport_fastrtps_cExport.cmake
[0.567s] -- Up-to-date: /home/hopcopter/ws_lidar_imu_init/install/lidar_imu_init/share/lidar_imu_init/cmake/export_lidar_imu_init__rosidl_typesupport_fastrtps_cExport-release.cmake
[0.567s] -- Up-to-date: /home/hopcopter/ws_lidar_imu_init/install/lidar_imu_init/share/lidar_imu_init/cmake/export_lidar_imu_init__rosidl_generator_cppExport.cmake
[0.567s] -- Up-to-date: /home/hopcopter/ws_lidar_imu_init/install/lidar_imu_init/share/lidar_imu_init/cmake/export_lidar_imu_init__rosidl_typesupport_fastrtps_cppExport.cmake
[0.567s] -- Up-to-date: /home/hopcopter/ws_lidar_imu_init/install/lidar_imu_init/share/lidar_imu_init/cmake/export_lidar_imu_init__rosidl_typesupport_fastrtps_cppExport-release.cmake
[0.570s] -- Up-to-date: /home/hopcopter/ws_lidar_imu_init/install/lidar_imu_init/share/lidar_imu_init/cmake/lidar_imu_init__rosidl_typesupport_introspection_cExport.cmake
[0.570s] -- Up-to-date: /home/hopcopter/ws_lidar_imu_init/install/lidar_imu_init/share/lidar_imu_init/cmake/lidar_imu_init__rosidl_typesupport_introspection_cExport-release.cmake
[0.570s] -- Up-to-date: /home/hopcopter/ws_lidar_imu_init/install/lidar_imu_init/share/lidar_imu_init/cmake/lidar_imu_init__rosidl_typesupport_cExport.cmake
[0.570s] -- Up-to-date: /home/hopcopter/ws_lidar_imu_init/install/lidar_imu_init/share/lidar_imu_init/cmake/lidar_imu_init__rosidl_typesupport_cExport-release.cmake
[0.570s] -- Up-to-date: /home/hopcopter/ws_lidar_imu_init/install/lidar_imu_init/share/lidar_imu_init/cmake/lidar_imu_init__rosidl_typesupport_introspection_cppExport.cmake
[0.570s] -- Up-to-date: /home/hopcopter/ws_lidar_imu_init/install/lidar_imu_init/share/lidar_imu_init/cmake/lidar_imu_init__rosidl_typesupport_introspection_cppExport-release.cmake
[0.570s] -- Up-to-date: /home/hopcopter/ws_lidar_imu_init/install/lidar_imu_init/share/lidar_imu_init/cmake/lidar_imu_init__rosidl_typesupport_cppExport.cmake
[0.570s] -- Up-to-date: /home/hopcopter/ws_lidar_imu_init/install/lidar_imu_init/share/lidar_imu_init/cmake/lidar_imu_init__rosidl_typesupport_cppExport-release.cmake
[0.570s] -- Up-to-date: /home/hopcopter/ws_lidar_imu_init/install/lidar_imu_init/share/lidar_imu_init/cmake/export_lidar_imu_init__rosidl_generator_pyExport.cmake
[0.571s] -- Up-to-date: /home/hopcopter/ws_lidar_imu_init/install/lidar_imu_init/share/lidar_imu_init/cmake/export_lidar_imu_init__rosidl_generator_pyExport-release.cmake
[0.571s] -- Up-to-date: /home/hopcopter/ws_lidar_imu_init/install/lidar_imu_init/share/lidar_imu_init/cmake/rosidl_cmake-extras.cmake
[0.571s] -- Up-to-date: /home/hopcopter/ws_lidar_imu_init/install/lidar_imu_init/share/lidar_imu_init/cmake/ament_cmake_export_dependencies-extras.cmake
[0.571s] -- Up-to-date: /home/hopcopter/ws_lidar_imu_init/install/lidar_imu_init/share/lidar_imu_init/cmake/ament_cmake_export_include_directories-extras.cmake
[0.571s] -- Up-to-date: /home/hopcopter/ws_lidar_imu_init/install/lidar_imu_init/share/lidar_imu_init/cmake/ament_cmake_export_libraries-extras.cmake
[0.571s] -- Up-to-date: /home/hopcopter/ws_lidar_imu_init/install/lidar_imu_init/share/lidar_imu_init/cmake/ament_cmake_export_targets-extras.cmake
[0.571s] -- Up-to-date: /home/hopcopter/ws_lidar_imu_init/install/lidar_imu_init/share/lidar_imu_init/cmake/rosidl_cmake_export_typesupport_targets-extras.cmake
[0.571s] -- Up-to-date: /home/hopcopter/ws_lidar_imu_init/install/lidar_imu_init/share/lidar_imu_init/cmake/rosidl_cmake_export_typesupport_libraries-extras.cmake
[0.571s] -- Up-to-date: /home/hopcopter/ws_lidar_imu_init/install/lidar_imu_init/share/lidar_imu_init/cmake/lidar_imu_initConfig.cmake
[0.571s] -- Up-to-date: /home/hopcopter/ws_lidar_imu_init/install/lidar_imu_init/share/lidar_imu_init/cmake/lidar_imu_initConfig-version.cmake
[0.571s] -- Up-to-date: /home/hopcopter/ws_lidar_imu_init/install/lidar_imu_init/share/lidar_imu_init/package.xml
[0.572s] Invoked command in '/home/hopcopter/ws_lidar_imu_init/build/lidar_imu_init' returned '0': CMAKE_PREFIX_PATH=/opt/ros/humble /usr/bin/cmake --install /home/hopcopter/ws_lidar_imu_init/build/lidar_imu_init
