[0.012s] Invoking command in '/home/hopcopter/ws_lidar_imu_init/build/lidar_imu_init': CMAKE_PREFIX_PATH=/opt/ros/humble /usr/bin/cmake /home/hopcopter/ws_lidar_imu_init/src/LiDAR_IMU_Init -DCMAKE_INSTALL_PREFIX=/home/hopcopter/ws_lidar_imu_init/install/lidar_imu_init
[0.025s] [0mCurrent CPU architecture: x86_64[0m
[0.029s] [0mProcessor number: 8[0m
[0.031s] -- Found ament_cmake: 1.3.13 (/opt/ros/humble/share/ament_cmake/cmake)
[0.168s] -- Found rclcpp: 16.0.18 (/opt/ros/humble/share/rclcpp/cmake)
[0.196s] -- Found rosidl_generator_c: 3.1.8 (/opt/ros/humble/share/rosidl_generator_c/cmake)
[0.199s] -- Found rosidl_adapter: 3.1.8 (/opt/ros/humble/share/rosidl_adapter/cmake)
[0.206s] -- Found rosidl_generator_cpp: 3.1.8 (/opt/ros/humble/share/rosidl_generator_cpp/cmake)
[0.216s] -- Using all available rosidl_typesupport_c: rosidl_typesupport_fastrtps_c;rosidl_typesupport_introspection_c
[0.230s] -- Using all available rosidl_typesupport_cpp: rosidl_typesupport_fastrtps_cpp;rosidl_typesupport_introspection_cpp
[0.265s] -- Found rmw_implementation_cmake: 6.1.2 (/opt/ros/humble/share/rmw_implementation_cmake/cmake)
[0.266s] -- Found rmw_fastrtps_cpp: 6.2.10 (/opt/ros/humble/share/rmw_fastrtps_cpp/cmake)
[0.374s] -- Using RMW implementation 'rmw_fastrtps_cpp' as default
[0.425s] -- Found rclcpp_components: 16.0.18 (/opt/ros/humble/share/rclcpp_components/cmake)
[0.446s] -- Found geometry_msgs: 4.9.1 (/opt/ros/humble/share/geometry_msgs/cmake)
[0.461s] -- Found nav_msgs: 4.9.1 (/opt/ros/humble/share/nav_msgs/cmake)
[0.481s] -- Found sensor_msgs: 4.9.1 (/opt/ros/humble/share/sensor_msgs/cmake)
[0.500s] -- Found std_srvs: 4.9.1 (/opt/ros/humble/share/std_srvs/cmake)
[0.512s] -- Found visualization_msgs: 4.9.1 (/opt/ros/humble/share/visualization_msgs/cmake)
[0.536s] -- Found pcl_ros: 2.4.5 (/opt/ros/humble/share/pcl_ros/cmake)
[0.581s] -- Eigen found (include: /usr/include/eigen3, version: 3.4.0)
[0.613s] -- FLANN found (include: /usr/include, lib: /usr/lib/x86_64-linux-gnu/libflann_cpp.so)
[0.911s] -- OpenNI found (version: 1.5.4.0, include: /usr/include/ni, lib: /usr/lib/libOpenNI.so;libusb::libusb)
[0.918s] -- OpenNI2 found (version: 2.2.0.33, include: /usr/include/openni2, lib: /usr/lib/x86_64-linux-gnu/libOpenNI2.so;libusb::libusb)
[1.075s] -- Eigen found (include: /usr/include/eigen3, version: 3.4.0)
[1.081s] -- OpenNI found (version: 1.5.4.0, include: /usr/include/ni, lib: /usr/lib/libOpenNI.so;libusb::libusb)
[1.087s] -- OpenNI2 found (version: 2.2.0.33, include: /usr/include/openni2, lib: /usr/lib/x86_64-linux-gnu/libOpenNI2.so;libusb::libusb)
[1.234s] -- Found Qhull version 8.0.2
[1.384s] -- OpenNI found (version: 1.5.4.0, include: /usr/include/ni, lib: /usr/lib/libOpenNI.so;libusb::libusb)
[1.556s] -- Found eigen3_cmake_module: 0.1.1 (/opt/ros/humble/share/eigen3_cmake_module/cmake)
[1.557s] -- Ensuring Eigen3 include directory is part of orocos-kdl CMake target
[1.622s] -- Found rosidl_default_generators: 1.2.0 (/opt/ros/humble/share/rosidl_default_generators/cmake)
[1.638s] -- Found tf2_eigen: 0.25.19 (/opt/ros/humble/share/tf2_eigen/cmake)
[1.652s] [31mCMake Error at CMakeLists.txt:69 (find_package):
[1.652s]   By not providing "FindCeres.cmake" in CMAKE_MODULE_PATH this project has
[1.652s]   asked CMake to find a package configuration file provided by "Ceres", but
[1.652s]   CMake did not find one.
[1.652s] 
[1.652s]   Could not find a package configuration file provided by "Ceres" with any of
[1.652s]   the following names:
[1.652s] 
[1.652s]     CeresConfig.cmake
[1.652s]     ceres-config.cmake
[1.652s] 
[1.652s]   Add the installation prefix of "Ceres" to CMAKE_PREFIX_PATH or set
[1.652s]   "Ceres_DIR" to a directory containing one of the above files.  If "Ceres"
[1.652s]   provides a separate development package or SDK, be sure it has been
[1.652s]   installed.
[1.653s] 
[1.653s] [0m
[1.653s] -- Configuring incomplete, errors occurred!
[1.653s] See also "/home/hopcopter/ws_lidar_imu_init/build/lidar_imu_init/CMakeFiles/CMakeOutput.log".
[1.667s] Invoked command in '/home/hopcopter/ws_lidar_imu_init/build/lidar_imu_init' returned '1': CMAKE_PREFIX_PATH=/opt/ros/humble /usr/bin/cmake /home/hopcopter/ws_lidar_imu_init/src/LiDAR_IMU_Init -DCMAKE_INSTALL_PREFIX=/home/hopcopter/ws_lidar_imu_init/install/lidar_imu_init
