[0.101s] DEBUG:colcon:Command line arguments: ['/usr/bin/colcon', 'build']
[0.101s] DEBUG:colcon:Parsed command line arguments: Namespace(log_base=None, log_level=None, verb_name='build', build_base='build', install_base='install', merge_install=False, symlink_install=False, test_result_base=None, continue_on_error=False, executor='parallel', parallel_workers=8, event_handlers=None, ignore_user_meta=False, metas=['./colcon.meta'], base_paths=['.'], packages_ignore=None, packages_ignore_regex=None, paths=None, packages_up_to=None, packages_up_to_regex=None, packages_above=None, packages_above_and_dependencies=None, packages_above_depth=None, packages_select_by_dep=None, packages_skip_by_dep=None, packages_skip_up_to=None, packages_select_build_failed=False, packages_skip_build_finished=False, packages_select_test_failures=False, packages_skip_test_passed=False, packages_select=None, packages_skip=None, packages_select_regex=None, packages_skip_regex=None, packages_start=None, packages_end=None, allow_overriding=[], cmake_args=None, cmake_target=None, cmake_target_skip_unavailable=False, cmake_clean_cache=False, cmake_clean_first=False, cmake_force_configure=False, ament_cmake_args=None, catkin_cmake_args=None, catkin_skip_building_tests=False, mixin_files=None, mixin=None, verb_parser=<colcon_mixin.mixin.mixin_argument.MixinArgumentDecorator object at 0x70bc6e14fb20>, verb_extension=<colcon_core.verb.build.BuildVerb object at 0x70bc6e29ca00>, main=<bound method BuildVerb.main of <colcon_core.verb.build.BuildVerb object at 0x70bc6e29ca00>>, mixin_verb=('build',))
[0.258s] Level 1:colcon.colcon_core.package_discovery:discover_packages(colcon_meta) check parameters
[0.258s] Level 1:colcon.colcon_core.package_discovery:discover_packages(recursive) check parameters
[0.258s] Level 1:colcon.colcon_core.package_discovery:discover_packages(ignore) check parameters
[0.258s] Level 1:colcon.colcon_core.package_discovery:discover_packages(path) check parameters
[0.258s] Level 1:colcon.colcon_core.package_discovery:discover_packages(colcon_meta) discover
[0.258s] Level 1:colcon.colcon_core.package_discovery:discover_packages(recursive) discover
[0.258s] INFO:colcon.colcon_core.package_discovery:Crawling recursively for packages in '/home/hopcopter/ws_lidar_imu_init'
[0.258s] Level 1:colcon.colcon_core.package_identification:_identify(.) by extensions ['ignore', 'ignore_ament_install']
[0.258s] Level 1:colcon.colcon_core.package_identification:_identify(.) by extension 'ignore'
[0.258s] Level 1:colcon.colcon_core.package_identification:_identify(.) by extension 'ignore_ament_install'
[0.258s] Level 1:colcon.colcon_core.package_identification:_identify(.) by extensions ['colcon_pkg']
[0.258s] Level 1:colcon.colcon_core.package_identification:_identify(.) by extension 'colcon_pkg'
[0.259s] Level 1:colcon.colcon_core.package_identification:_identify(.) by extensions ['colcon_meta']
[0.259s] Level 1:colcon.colcon_core.package_identification:_identify(.) by extension 'colcon_meta'
[0.259s] Level 1:colcon.colcon_core.package_identification:_identify(.) by extensions ['ros']
[0.259s] Level 1:colcon.colcon_core.package_identification:_identify(.) by extension 'ros'
[0.268s] Level 1:colcon.colcon_core.package_identification:_identify(.) by extensions ['cmake', 'python']
[0.269s] Level 1:colcon.colcon_core.package_identification:_identify(.) by extension 'cmake'
[0.269s] Level 1:colcon.colcon_core.package_identification:_identify(.) by extension 'python'
[0.269s] Level 1:colcon.colcon_core.package_identification:_identify(.) by extensions ['python_setup_py']
[0.269s] Level 1:colcon.colcon_core.package_identification:_identify(.) by extension 'python_setup_py'
[0.269s] Level 1:colcon.colcon_core.package_identification:_identify(build) by extensions ['ignore', 'ignore_ament_install']
[0.269s] Level 1:colcon.colcon_core.package_identification:_identify(build) by extension 'ignore'
[0.269s] Level 1:colcon.colcon_core.package_identification:_identify(build) ignored
[0.269s] Level 1:colcon.colcon_core.package_identification:_identify(install) by extensions ['ignore', 'ignore_ament_install']
[0.269s] Level 1:colcon.colcon_core.package_identification:_identify(install) by extension 'ignore'
[0.269s] Level 1:colcon.colcon_core.package_identification:_identify(install) ignored
[0.269s] Level 1:colcon.colcon_core.package_identification:_identify(log) by extensions ['ignore', 'ignore_ament_install']
[0.269s] Level 1:colcon.colcon_core.package_identification:_identify(log) by extension 'ignore'
[0.269s] Level 1:colcon.colcon_core.package_identification:_identify(log) ignored
[0.269s] Level 1:colcon.colcon_core.package_identification:_identify(src) by extensions ['ignore', 'ignore_ament_install']
[0.270s] Level 1:colcon.colcon_core.package_identification:_identify(src) by extension 'ignore'
[0.270s] Level 1:colcon.colcon_core.package_identification:_identify(src) by extension 'ignore_ament_install'
[0.270s] Level 1:colcon.colcon_core.package_identification:_identify(src) by extensions ['colcon_pkg']
[0.270s] Level 1:colcon.colcon_core.package_identification:_identify(src) by extension 'colcon_pkg'
[0.270s] Level 1:colcon.colcon_core.package_identification:_identify(src) by extensions ['colcon_meta']
[0.270s] Level 1:colcon.colcon_core.package_identification:_identify(src) by extension 'colcon_meta'
[0.270s] Level 1:colcon.colcon_core.package_identification:_identify(src) by extensions ['ros']
[0.270s] Level 1:colcon.colcon_core.package_identification:_identify(src) by extension 'ros'
[0.270s] Level 1:colcon.colcon_core.package_identification:_identify(src) by extensions ['cmake', 'python']
[0.270s] Level 1:colcon.colcon_core.package_identification:_identify(src) by extension 'cmake'
[0.270s] Level 1:colcon.colcon_core.package_identification:_identify(src) by extension 'python'
[0.270s] Level 1:colcon.colcon_core.package_identification:_identify(src) by extensions ['python_setup_py']
[0.270s] Level 1:colcon.colcon_core.package_identification:_identify(src) by extension 'python_setup_py'
[0.270s] Level 1:colcon.colcon_core.package_identification:_identify(src/LiDAR_IMU_Init) by extensions ['ignore', 'ignore_ament_install']
[0.270s] Level 1:colcon.colcon_core.package_identification:_identify(src/LiDAR_IMU_Init) by extension 'ignore'
[0.270s] Level 1:colcon.colcon_core.package_identification:_identify(src/LiDAR_IMU_Init) by extension 'ignore_ament_install'
[0.270s] Level 1:colcon.colcon_core.package_identification:_identify(src/LiDAR_IMU_Init) by extensions ['colcon_pkg']
[0.270s] Level 1:colcon.colcon_core.package_identification:_identify(src/LiDAR_IMU_Init) by extension 'colcon_pkg'
[0.270s] Level 1:colcon.colcon_core.package_identification:_identify(src/LiDAR_IMU_Init) by extensions ['colcon_meta']
[0.270s] Level 1:colcon.colcon_core.package_identification:_identify(src/LiDAR_IMU_Init) by extension 'colcon_meta'
[0.270s] Level 1:colcon.colcon_core.package_identification:_identify(src/LiDAR_IMU_Init) by extensions ['ros']
[0.270s] Level 1:colcon.colcon_core.package_identification:_identify(src/LiDAR_IMU_Init) by extension 'ros'
[0.274s] DEBUG:colcon.colcon_core.package_identification:Package 'src/LiDAR_IMU_Init' with type 'ros.ament_cmake' and name 'lidar_imu_init'
[0.274s] Level 1:colcon.colcon_core.package_discovery:discover_packages(recursive) using defaults
[0.274s] Level 1:colcon.colcon_core.package_discovery:discover_packages(ignore) discover
[0.274s] Level 1:colcon.colcon_core.package_discovery:discover_packages(ignore) using defaults
[0.274s] Level 1:colcon.colcon_core.package_discovery:discover_packages(path) discover
[0.274s] Level 1:colcon.colcon_core.package_discovery:discover_packages(path) using defaults
[0.303s] Level 1:colcon.colcon_core.package_discovery:discover_packages(prefix_path) check parameters
[0.303s] Level 1:colcon.colcon_core.package_discovery:discover_packages(prefix_path) discover
[0.308s] DEBUG:colcon.colcon_installed_package_information.package_discovery:Found 1 installed packages in /home/hopcopter/ws_livox/install
[0.308s] DEBUG:colcon.colcon_installed_package_information.package_discovery:Found 12 installed packages in /home/hopcopter/rislab-hopcopter/ros2_ws/install
[0.309s] DEBUG:colcon.colcon_installed_package_information.package_discovery:Found 297 installed packages in /opt/ros/humble
[0.311s] Level 1:colcon.colcon_core.package_discovery:discover_packages(prefix_path) using defaults
[0.355s] Level 5:colcon.colcon_core.verb:set package 'lidar_imu_init' build argument 'cmake_args' from command line to 'None'
[0.355s] Level 5:colcon.colcon_core.verb:set package 'lidar_imu_init' build argument 'cmake_target' from command line to 'None'
[0.355s] Level 5:colcon.colcon_core.verb:set package 'lidar_imu_init' build argument 'cmake_target_skip_unavailable' from command line to 'False'
[0.355s] Level 5:colcon.colcon_core.verb:set package 'lidar_imu_init' build argument 'cmake_clean_cache' from command line to 'False'
[0.355s] Level 5:colcon.colcon_core.verb:set package 'lidar_imu_init' build argument 'cmake_clean_first' from command line to 'False'
[0.355s] Level 5:colcon.colcon_core.verb:set package 'lidar_imu_init' build argument 'cmake_force_configure' from command line to 'False'
[0.355s] Level 5:colcon.colcon_core.verb:set package 'lidar_imu_init' build argument 'ament_cmake_args' from command line to 'None'
[0.356s] Level 5:colcon.colcon_core.verb:set package 'lidar_imu_init' build argument 'catkin_cmake_args' from command line to 'None'
[0.356s] Level 5:colcon.colcon_core.verb:set package 'lidar_imu_init' build argument 'catkin_skip_building_tests' from command line to 'False'
[0.356s] DEBUG:colcon.colcon_core.verb:Building package 'lidar_imu_init' with the following arguments: {'ament_cmake_args': None, 'build_base': '/home/hopcopter/ws_lidar_imu_init/build/lidar_imu_init', 'catkin_cmake_args': None, 'catkin_skip_building_tests': False, 'cmake_args': None, 'cmake_clean_cache': False, 'cmake_clean_first': False, 'cmake_force_configure': False, 'cmake_target': None, 'cmake_target_skip_unavailable': False, 'install_base': '/home/hopcopter/ws_lidar_imu_init/install/lidar_imu_init', 'merge_install': False, 'path': '/home/hopcopter/ws_lidar_imu_init/src/LiDAR_IMU_Init', 'symlink_install': False, 'test_result_base': None}
[0.356s] INFO:colcon.colcon_core.executor:Executing jobs using 'parallel' executor
[0.357s] DEBUG:colcon.colcon_parallel_executor.executor.parallel:run_until_complete
[0.357s] INFO:colcon.colcon_ros.task.ament_cmake.build:Building ROS package in '/home/hopcopter/ws_lidar_imu_init/src/LiDAR_IMU_Init' with build type 'ament_cmake'
[0.357s] INFO:colcon.colcon_cmake.task.cmake.build:Building CMake package in '/home/hopcopter/ws_lidar_imu_init/src/LiDAR_IMU_Init'
[0.359s] INFO:colcon.colcon_core.plugin_system:Skipping extension 'colcon_core.shell.bat': Not used on non-Windows systems
[0.359s] INFO:colcon.colcon_core.shell:Skip shell extension 'powershell' for command environment: Not usable outside of PowerShell
[0.359s] DEBUG:colcon.colcon_core.shell:Skip shell extension 'dsv' for command environment
[0.370s] DEBUG:colcon.colcon_core.event_handler.log_command:Invoking command in '/home/hopcopter/ws_lidar_imu_init/build/lidar_imu_init': CMAKE_PREFIX_PATH=${CMAKE_PREFIX_PATH}:/home/hopcopter/rislab-hopcopter/ros2_ws/install/test_tutorial_interfaces:/home/hopcopter/rislab-hopcopter/ros2_ws/install/hopping_robot:/home/hopcopter/rislab-hopcopter/ros2_ws/install/tf_transform_broadcast:/home/hopcopter/rislab-hopcopter/ros2_ws/install/pc2tocustom:/home/hopcopter/rislab-hopcopter/ros2_ws/install/crazyflie_py:/opt/ros/humble /usr/bin/cmake --build /home/hopcopter/ws_lidar_imu_init/build/lidar_imu_init -- -j8 -l8
[39.952s] DEBUG:colcon.colcon_core.event_handler.log_command:Invoked command in '/home/hopcopter/ws_lidar_imu_init/build/lidar_imu_init' returned '2': CMAKE_PREFIX_PATH=${CMAKE_PREFIX_PATH}:/home/hopcopter/rislab-hopcopter/ros2_ws/install/test_tutorial_interfaces:/home/hopcopter/rislab-hopcopter/ros2_ws/install/hopping_robot:/home/hopcopter/rislab-hopcopter/ros2_ws/install/tf_transform_broadcast:/home/hopcopter/rislab-hopcopter/ros2_ws/install/pc2tocustom:/home/hopcopter/rislab-hopcopter/ros2_ws/install/crazyflie_py:/opt/ros/humble /usr/bin/cmake --build /home/hopcopter/ws_lidar_imu_init/build/lidar_imu_init -- -j8 -l8
[39.953s] Level 1:colcon.colcon_core.environment:create_environment_scripts_only(lidar_imu_init)
[39.955s] Level 1:colcon.colcon_core.environment:checking '/home/hopcopter/ws_lidar_imu_init/install/lidar_imu_init' for CMake module files
[39.956s] Level 1:colcon.colcon_core.environment:checking '/home/hopcopter/ws_lidar_imu_init/install/lidar_imu_init' for CMake config files
[39.956s] Level 1:colcon.colcon_core.shell:create_environment_hook('lidar_imu_init', 'cmake_prefix_path')
[39.956s] INFO:colcon.colcon_core.shell:Creating environment hook '/home/hopcopter/ws_lidar_imu_init/install/lidar_imu_init/share/lidar_imu_init/hook/cmake_prefix_path.ps1'
[39.957s] INFO:colcon.colcon_core.shell:Creating environment descriptor '/home/hopcopter/ws_lidar_imu_init/install/lidar_imu_init/share/lidar_imu_init/hook/cmake_prefix_path.dsv'
[39.957s] INFO:colcon.colcon_core.shell:Creating environment hook '/home/hopcopter/ws_lidar_imu_init/install/lidar_imu_init/share/lidar_imu_init/hook/cmake_prefix_path.sh'
[39.958s] Level 1:colcon.colcon_core.environment:checking '/home/hopcopter/ws_lidar_imu_init/install/lidar_imu_init/lib'
[39.958s] Level 1:colcon.colcon_core.shell:create_environment_hook('lidar_imu_init', 'ld_library_path_lib')
[39.959s] INFO:colcon.colcon_core.shell:Creating environment hook '/home/hopcopter/ws_lidar_imu_init/install/lidar_imu_init/share/lidar_imu_init/hook/ld_library_path_lib.ps1'
[39.959s] INFO:colcon.colcon_core.shell:Creating environment descriptor '/home/hopcopter/ws_lidar_imu_init/install/lidar_imu_init/share/lidar_imu_init/hook/ld_library_path_lib.dsv'
[39.959s] INFO:colcon.colcon_core.shell:Creating environment hook '/home/hopcopter/ws_lidar_imu_init/install/lidar_imu_init/share/lidar_imu_init/hook/ld_library_path_lib.sh'
[39.960s] Level 1:colcon.colcon_core.environment:checking '/home/hopcopter/ws_lidar_imu_init/install/lidar_imu_init/bin'
[39.960s] Level 1:colcon.colcon_core.environment:checking '/home/hopcopter/ws_lidar_imu_init/install/lidar_imu_init/lib/pkgconfig/lidar_imu_init.pc'
[39.960s] Level 1:colcon.colcon_core.environment:checking '/home/hopcopter/ws_lidar_imu_init/install/lidar_imu_init/lib/python3.10/site-packages'
[39.960s] Level 1:colcon.colcon_core.environment:checking '/home/hopcopter/ws_lidar_imu_init/install/lidar_imu_init/bin'
[39.961s] INFO:colcon.colcon_core.shell:Creating package script '/home/hopcopter/ws_lidar_imu_init/install/lidar_imu_init/share/lidar_imu_init/package.ps1'
[39.962s] INFO:colcon.colcon_core.shell:Creating package descriptor '/home/hopcopter/ws_lidar_imu_init/install/lidar_imu_init/share/lidar_imu_init/package.dsv'
[39.962s] INFO:colcon.colcon_core.shell:Creating package script '/home/hopcopter/ws_lidar_imu_init/install/lidar_imu_init/share/lidar_imu_init/package.sh'
[39.963s] INFO:colcon.colcon_core.shell:Creating package script '/home/hopcopter/ws_lidar_imu_init/install/lidar_imu_init/share/lidar_imu_init/package.bash'
[39.964s] INFO:colcon.colcon_core.shell:Creating package script '/home/hopcopter/ws_lidar_imu_init/install/lidar_imu_init/share/lidar_imu_init/package.zsh'
[39.964s] Level 1:colcon.colcon_core.environment:create_file_with_runtime_dependencies(/home/hopcopter/ws_lidar_imu_init/install/lidar_imu_init/share/colcon-core/packages/lidar_imu_init)
[39.975s] DEBUG:colcon.colcon_parallel_executor.executor.parallel:closing loop
[39.975s] DEBUG:colcon.colcon_parallel_executor.executor.parallel:loop closed
[39.975s] DEBUG:colcon.colcon_parallel_executor.executor.parallel:run_until_complete finished with '2'
[39.975s] DEBUG:colcon.colcon_core.event_reactor:joining thread
[39.981s] INFO:colcon.colcon_core.plugin_system:Skipping extension 'colcon_notification.desktop_notification.terminal_notifier': Not used on non-Darwin systems
[39.982s] INFO:colcon.colcon_core.plugin_system:Skipping extension 'colcon_notification.desktop_notification.win32': Not used on non-Windows systems
[39.982s] INFO:colcon.colcon_notification.desktop_notification:Sending desktop notification using 'notify2'
[39.994s] DEBUG:colcon.colcon_core.event_reactor:joined thread
[39.994s] INFO:colcon.colcon_core.shell:Creating prefix script '/home/hopcopter/ws_lidar_imu_init/install/local_setup.ps1'
[39.995s] INFO:colcon.colcon_core.shell:Creating prefix util module '/home/hopcopter/ws_lidar_imu_init/install/_local_setup_util_ps1.py'
[39.997s] INFO:colcon.colcon_core.shell:Creating prefix chain script '/home/hopcopter/ws_lidar_imu_init/install/setup.ps1'
[39.998s] INFO:colcon.colcon_core.shell:Creating prefix script '/home/hopcopter/ws_lidar_imu_init/install/local_setup.sh'
[39.999s] INFO:colcon.colcon_core.shell:Creating prefix util module '/home/hopcopter/ws_lidar_imu_init/install/_local_setup_util_sh.py'
[40.000s] INFO:colcon.colcon_core.shell:Creating prefix chain script '/home/hopcopter/ws_lidar_imu_init/install/setup.sh'
[40.002s] INFO:colcon.colcon_core.shell:Creating prefix script '/home/hopcopter/ws_lidar_imu_init/install/local_setup.bash'
[40.003s] INFO:colcon.colcon_core.shell:Creating prefix chain script '/home/hopcopter/ws_lidar_imu_init/install/setup.bash'
[40.005s] INFO:colcon.colcon_core.shell:Creating prefix script '/home/hopcopter/ws_lidar_imu_init/install/local_setup.zsh'
[40.006s] INFO:colcon.colcon_core.shell:Creating prefix chain script '/home/hopcopter/ws_lidar_imu_init/install/setup.zsh'
