-- Found ament_cmake: 1.3.13 (/opt/ros/humble/share/ament_cmake/cmake)
-- Found rclcpp: 16.0.18 (/opt/ros/humble/share/rclcpp/cmake)
-- Found rosidl_generator_c: 3.1.8 (/opt/ros/humble/share/rosidl_generator_c/cmake)
-- Found rosidl_adapter: 3.1.8 (/opt/ros/humble/share/rosidl_adapter/cmake)
-- Found rosidl_generator_cpp: 3.1.8 (/opt/ros/humble/share/rosidl_generator_cpp/cmake)
-- Using all available rosidl_typesupport_c: rosidl_typesupport_fastrtps_c;rosidl_typesupport_introspection_c
-- Using all available rosidl_typesupport_cpp: rosidl_typesupport_fastrtps_cpp;rosidl_typesupport_introspection_cpp
-- Found rmw_implementation_cmake: 6.1.2 (/opt/ros/humble/share/rmw_implementation_cmake/cmake)
-- Found rmw_fastrtps_cpp: 6.2.10 (/opt/ros/humble/share/rmw_fastrtps_cpp/cmake)
-- Using RMW implementation 'rmw_fastrtps_cpp' as default
-- Found rclcpp_components: 16.0.18 (/opt/ros/humble/share/rclcpp_components/cmake)
-- Found geometry_msgs: 4.9.1 (/opt/ros/humble/share/geometry_msgs/cmake)
-- Found nav_msgs: 4.9.1 (/opt/ros/humble/share/nav_msgs/cmake)
-- Found sensor_msgs: 4.9.1 (/opt/ros/humble/share/sensor_msgs/cmake)
-- Found std_srvs: 4.9.1 (/opt/ros/humble/share/std_srvs/cmake)
-- Found visualization_msgs: 4.9.1 (/opt/ros/humble/share/visualization_msgs/cmake)
-- Found pcl_ros: 2.4.5 (/opt/ros/humble/share/pcl_ros/cmake)
-- Eigen found (include: /usr/include/eigen3, version: 3.4.0)
-- FLANN found (include: /usr/include, lib: /usr/lib/x86_64-linux-gnu/libflann_cpp.so)
-- OpenNI found (version: 1.5.4.0, include: /usr/include/ni, lib: /usr/lib/libOpenNI.so;libusb::libusb)
-- OpenNI2 found (version: 2.2.0.33, include: /usr/include/openni2, lib: /usr/lib/x86_64-linux-gnu/libOpenNI2.so;libusb::libusb)
-- Eigen found (include: /usr/include/eigen3, version: 3.4.0)
-- OpenNI found (version: 1.5.4.0, include: /usr/include/ni, lib: /usr/lib/libOpenNI.so;libusb::libusb)
-- OpenNI2 found (version: 2.2.0.33, include: /usr/include/openni2, lib: /usr/lib/x86_64-linux-gnu/libOpenNI2.so;libusb::libusb)
-- Found Qhull version 8.0.2
-- OpenNI found (version: 1.5.4.0, include: /usr/include/ni, lib: /usr/lib/libOpenNI.so;libusb::libusb)
-- Found eigen3_cmake_module: 0.1.1 (/opt/ros/humble/share/eigen3_cmake_module/cmake)
-- Ensuring Eigen3 include directory is part of orocos-kdl CMake target
-- Found rosidl_default_generators: 1.2.0 (/opt/ros/humble/share/rosidl_default_generators/cmake)
-- Found tf2_eigen: 0.25.19 (/opt/ros/humble/share/tf2_eigen/cmake)
-- Found required Ceres dependency: Eigen version 3.4.0 in /usr/include/eigen3
-- Found required Ceres dependency: glog
-- Found required Ceres dependency: gflags
-- Found Ceres version: 2.0.0 installed in: /usr with components: [EigenSparse, SparseLinearAlgebraLibrary, LAPACK, SuiteSparse, CXSparse, SchurSpecializations, Multithreading]
-- Found ament_cmake_ros: 0.10.0 (/opt/ros/humble/share/ament_cmake_ros/cmake)
-- Using all available rosidl_typesupport_c: rosidl_typesupport_fastrtps_c;rosidl_typesupport_introspection_c
-- Using all available rosidl_typesupport_cpp: rosidl_typesupport_fastrtps_cpp;rosidl_typesupport_introspection_cpp
-- Found PythonInterp: /usr/bin/python3 (found suitable version "3.10.12", minimum required is "3.6") 
-- Found python_cmake_module: 0.10.0 (/opt/ros/humble/share/python_cmake_module/cmake)
-- Found PythonLibs: /usr/lib/x86_64-linux-gnu/libpython3.10.so (found suitable version "3.10.12", minimum required is "3.5") 
-- Using PYTHON_EXECUTABLE: /usr/bin/python3
-- Using PYTHON_INCLUDE_DIRS: /usr/include/python3.10
-- Using PYTHON_LIBRARIES: /usr/lib/x86_64-linux-gnu/libpython3.10.so
-- Found PythonExtra: .so  
-- Configuring done
-- Generating done
-- Build files have been written to: /home/hopcopter/ws_lidar_imu_init/build/lidar_imu_init
[  2%] [34m[1mGenerating C code for ROS interfaces[0m
[  4%] [34m[1mGenerating C++ code for ROS interfaces[0m
[  4%] Built target ament_cmake_python_copy_lidar_imu_init
running egg_info
creating lidar_imu_init.egg-info
writing lidar_imu_init.egg-info/PKG-INFO
writing dependency_links to lidar_imu_init.egg-info/dependency_links.txt
writing top-level names to lidar_imu_init.egg-info/top_level.txt
writing manifest file 'lidar_imu_init.egg-info/SOURCES.txt'
reading manifest file 'lidar_imu_init.egg-info/SOURCES.txt'
writing manifest file 'lidar_imu_init.egg-info/SOURCES.txt'
[  4%] Built target ament_cmake_python_build_lidar_imu_init_egg
[  6%] [32mBuilding C object CMakeFiles/lidar_imu_init__rosidl_generator_c.dir/rosidl_generator_c/lidar_imu_init/msg/detail/pose6_d__functions.c.o[0m
[  8%] [32mBuilding C object CMakeFiles/lidar_imu_init__rosidl_generator_c.dir/rosidl_generator_c/lidar_imu_init/msg/detail/states__functions.c.o[0m
[  8%] Built target lidar_imu_init__cpp
[ 15%] [34m[1mGenerating C++ type support for eProsima Fast-RTPS[0m
[ 15%] [34m[1mGenerating C++ type support dispatch for ROS interfaces[0m
[ 15%] [34m[1mGenerating C++ introspection for ROS interfaces[0m
[ 17%] [32m[1mLinking C shared library liblidar_imu_init__rosidl_generator_c.so[0m
[ 17%] Built target lidar_imu_init__rosidl_generator_c
[ 20%] [34m[1mGenerating C type support dispatch for ROS interfaces[0m
[ 22%] [34m[1mGenerating C introspection for ROS interfaces[0m
[ 24%] [34m[1mGenerating C type support for eProsima Fast-RTPS[0m
[ 26%] [32mBuilding CXX object CMakeFiles/lidar_imu_init__rosidl_typesupport_introspection_cpp.dir/rosidl_typesupport_introspection_cpp/lidar_imu_init/msg/detail/pose6_d__type_support.cpp.o[0m
[ 28%] [32mBuilding CXX object CMakeFiles/lidar_imu_init__rosidl_typesupport_introspection_cpp.dir/rosidl_typesupport_introspection_cpp/lidar_imu_init/msg/detail/states__type_support.cpp.o[0m
[ 31%] [32mBuilding CXX object CMakeFiles/lidar_imu_init__rosidl_typesupport_fastrtps_cpp.dir/rosidl_typesupport_fastrtps_cpp/lidar_imu_init/msg/detail/dds_fastrtps/states__type_support.cpp.o[0m
[ 33%] [32mBuilding CXX object CMakeFiles/lidar_imu_init__rosidl_typesupport_fastrtps_cpp.dir/rosidl_typesupport_fastrtps_cpp/lidar_imu_init/msg/detail/dds_fastrtps/pose6_d__type_support.cpp.o[0m
[ 35%] [32mBuilding CXX object CMakeFiles/lidar_imu_init__rosidl_typesupport_cpp.dir/rosidl_typesupport_cpp/lidar_imu_init/msg/pose6_d__type_support.cpp.o[0m
[ 37%] [32mBuilding CXX object CMakeFiles/lidar_imu_init__rosidl_typesupport_c.dir/rosidl_typesupport_c/lidar_imu_init/msg/pose6_d__type_support.cpp.o[0m
[ 40%] [32mBuilding C object CMakeFiles/lidar_imu_init__rosidl_typesupport_introspection_c.dir/rosidl_typesupport_introspection_c/lidar_imu_init/msg/detail/pose6_d__type_support.c.o[0m
[ 42%] [32mBuilding CXX object CMakeFiles/lidar_imu_init__rosidl_typesupport_c.dir/rosidl_typesupport_c/lidar_imu_init/msg/states__type_support.cpp.o[0m
[ 44%] [32mBuilding C object CMakeFiles/lidar_imu_init__rosidl_typesupport_introspection_c.dir/rosidl_typesupport_introspection_c/lidar_imu_init/msg/detail/states__type_support.c.o[0m
[ 46%] [32m[1mLinking CXX shared library liblidar_imu_init__rosidl_typesupport_c.so[0m
[ 48%] [32mBuilding CXX object CMakeFiles/lidar_imu_init__rosidl_typesupport_fastrtps_c.dir/rosidl_typesupport_fastrtps_c/lidar_imu_init/msg/detail/pose6_d__type_support_c.cpp.o[0m
[ 51%] [32m[1mLinking C shared library liblidar_imu_init__rosidl_typesupport_introspection_c.so[0m
[ 51%] Built target lidar_imu_init__rosidl_typesupport_c
[ 53%] [32mBuilding CXX object CMakeFiles/lidar_imu_init__rosidl_typesupport_cpp.dir/rosidl_typesupport_cpp/lidar_imu_init/msg/states__type_support.cpp.o[0m
[ 53%] Built target lidar_imu_init__rosidl_typesupport_introspection_c
[ 55%] [32mBuilding CXX object CMakeFiles/lidar_imu_init__rosidl_typesupport_fastrtps_c.dir/rosidl_typesupport_fastrtps_c/lidar_imu_init/msg/detail/states__type_support_c.cpp.o[0m
[ 57%] [32m[1mLinking CXX shared library liblidar_imu_init__rosidl_typesupport_introspection_cpp.so[0m
[ 57%] Built target lidar_imu_init__rosidl_typesupport_introspection_cpp
[ 60%] [32m[1mLinking CXX shared library liblidar_imu_init__rosidl_typesupport_cpp.so[0m
[ 60%] Built target lidar_imu_init__rosidl_typesupport_cpp
[ 62%] [32mBuilding CXX object CMakeFiles/li_init.dir/include/ikd-Tree/ikd_Tree.cpp.o[0m
[ 64%] [32mBuilding CXX object CMakeFiles/li_init.dir/src/laserMapping.cpp.o[0m
[ 66%] [32mBuilding CXX object CMakeFiles/li_init.dir/include/time_utils.cpp.o[0m
[ 68%] [32mBuilding CXX object CMakeFiles/li_init.dir/include/LI_init/LI_init.cpp.o[0m
[ 71%] [32mBuilding CXX object CMakeFiles/li_init.dir/src/preprocess.cpp.o[0m
[ 73%] [32m[1mLinking CXX shared library liblidar_imu_init__rosidl_typesupport_fastrtps_cpp.so[0m
[ 75%] [32m[1mLinking CXX shared library liblidar_imu_init__rosidl_typesupport_fastrtps_c.so[0m
[ 75%] Built target lidar_imu_init__rosidl_typesupport_fastrtps_cpp
[ 75%] Built target lidar_imu_init__rosidl_typesupport_fastrtps_c
[ 75%] Built target lidar_imu_init
[ 77%] [34m[1mGenerating Python code for ROS interfaces[0m
[ 77%] Built target lidar_imu_init__py
[ 80%] [32mBuilding C object CMakeFiles/lidar_imu_init__rosidl_generator_py.dir/rosidl_generator_py/lidar_imu_init/msg/_pose6_d_s.c.o[0m
[ 82%] [32mBuilding C object CMakeFiles/lidar_imu_init__rosidl_generator_py.dir/rosidl_generator_py/lidar_imu_init/msg/_states_s.c.o[0m
[ 84%] [32m[1mLinking C shared library rosidl_generator_py/lidar_imu_init/liblidar_imu_init__rosidl_generator_py.so[0m
[ 84%] Built target lidar_imu_init__rosidl_generator_py
[ 86%] [32mBuilding C object CMakeFiles/lidar_imu_init__rosidl_typesupport_introspection_c__pyext.dir/rosidl_generator_py/lidar_imu_init/_lidar_imu_init_s.ep.rosidl_typesupport_introspection_c.c.o[0m
[ 88%] [32mBuilding C object CMakeFiles/lidar_imu_init__rosidl_typesupport_fastrtps_c__pyext.dir/rosidl_generator_py/lidar_imu_init/_lidar_imu_init_s.ep.rosidl_typesupport_fastrtps_c.c.o[0m
[ 91%] [32mBuilding C object CMakeFiles/lidar_imu_init__rosidl_typesupport_c__pyext.dir/rosidl_generator_py/lidar_imu_init/_lidar_imu_init_s.ep.rosidl_typesupport_c.c.o[0m
[ 93%] [32m[1mLinking C shared library rosidl_generator_py/lidar_imu_init/lidar_imu_init_s__rosidl_typesupport_c.cpython-310-x86_64-linux-gnu.so[0m
[ 95%] [32m[1mLinking C shared library rosidl_generator_py/lidar_imu_init/lidar_imu_init_s__rosidl_typesupport_fastrtps_c.cpython-310-x86_64-linux-gnu.so[0m
[ 97%] [32m[1mLinking C shared library rosidl_generator_py/lidar_imu_init/lidar_imu_init_s__rosidl_typesupport_introspection_c.cpython-310-x86_64-linux-gnu.so[0m
[ 97%] Built target lidar_imu_init__rosidl_typesupport_c__pyext
[ 97%] Built target lidar_imu_init__rosidl_typesupport_fastrtps_c__pyext
[ 97%] Built target lidar_imu_init__rosidl_typesupport_introspection_c__pyext
[100%] [32m[1mLinking CXX executable li_init[0m
[100%] Built target li_init
-- Install configuration: "Release"
-- Installing: /home/hopcopter/ws_lidar_imu_init/install/lidar_imu_init/share/ament_index/resource_index/rosidl_interfaces/lidar_imu_init
-- Installing: /home/hopcopter/ws_lidar_imu_init/install/lidar_imu_init/include/lidar_imu_init/lidar_imu_init
-- Installing: /home/hopcopter/ws_lidar_imu_init/install/lidar_imu_init/include/lidar_imu_init/lidar_imu_init/msg
-- Installing: /home/hopcopter/ws_lidar_imu_init/install/lidar_imu_init/include/lidar_imu_init/lidar_imu_init/msg/detail
-- Installing: /home/hopcopter/ws_lidar_imu_init/install/lidar_imu_init/include/lidar_imu_init/lidar_imu_init/msg/detail/states__struct.h
-- Installing: /home/hopcopter/ws_lidar_imu_init/install/lidar_imu_init/include/lidar_imu_init/lidar_imu_init/msg/detail/pose6_d__type_support.h
-- Installing: /home/hopcopter/ws_lidar_imu_init/install/lidar_imu_init/include/lidar_imu_init/lidar_imu_init/msg/detail/pose6_d__functions.c
-- Installing: /home/hopcopter/ws_lidar_imu_init/install/lidar_imu_init/include/lidar_imu_init/lidar_imu_init/msg/detail/states__type_support.h
-- Installing: /home/hopcopter/ws_lidar_imu_init/install/lidar_imu_init/include/lidar_imu_init/lidar_imu_init/msg/detail/pose6_d__struct.h
-- Installing: /home/hopcopter/ws_lidar_imu_init/install/lidar_imu_init/include/lidar_imu_init/lidar_imu_init/msg/detail/states__functions.c
-- Installing: /home/hopcopter/ws_lidar_imu_init/install/lidar_imu_init/include/lidar_imu_init/lidar_imu_init/msg/detail/pose6_d__functions.h
-- Installing: /home/hopcopter/ws_lidar_imu_init/install/lidar_imu_init/include/lidar_imu_init/lidar_imu_init/msg/detail/states__functions.h
-- Installing: /home/hopcopter/ws_lidar_imu_init/install/lidar_imu_init/include/lidar_imu_init/lidar_imu_init/msg/pose6_d.h
-- Installing: /home/hopcopter/ws_lidar_imu_init/install/lidar_imu_init/include/lidar_imu_init/lidar_imu_init/msg/states.h
-- Installing: /home/hopcopter/ws_lidar_imu_init/install/lidar_imu_init/include/lidar_imu_init/lidar_imu_init/msg/rosidl_generator_c__visibility_control.h
-- Installing: /home/hopcopter/ws_lidar_imu_init/install/lidar_imu_init/share/lidar_imu_init/environment/library_path.sh
-- Installing: /home/hopcopter/ws_lidar_imu_init/install/lidar_imu_init/share/lidar_imu_init/environment/library_path.dsv
-- Installing: /home/hopcopter/ws_lidar_imu_init/install/lidar_imu_init/lib/liblidar_imu_init__rosidl_generator_c.so
-- Set runtime path of "/home/hopcopter/ws_lidar_imu_init/install/lidar_imu_init/lib/liblidar_imu_init__rosidl_generator_c.so" to ""
-- Up-to-date: /home/hopcopter/ws_lidar_imu_init/install/lidar_imu_init/include/lidar_imu_init/lidar_imu_init
-- Up-to-date: /home/hopcopter/ws_lidar_imu_init/install/lidar_imu_init/include/lidar_imu_init/lidar_imu_init/msg
-- Up-to-date: /home/hopcopter/ws_lidar_imu_init/install/lidar_imu_init/include/lidar_imu_init/lidar_imu_init/msg/detail
-- Installing: /home/hopcopter/ws_lidar_imu_init/install/lidar_imu_init/include/lidar_imu_init/lidar_imu_init/msg/detail/states__rosidl_typesupport_fastrtps_c.h
-- Installing: /home/hopcopter/ws_lidar_imu_init/install/lidar_imu_init/include/lidar_imu_init/lidar_imu_init/msg/detail/pose6_d__rosidl_typesupport_fastrtps_c.h
-- Installing: /home/hopcopter/ws_lidar_imu_init/install/lidar_imu_init/include/lidar_imu_init/lidar_imu_init/msg/rosidl_typesupport_fastrtps_c__visibility_control.h
-- Installing: /home/hopcopter/ws_lidar_imu_init/install/lidar_imu_init/lib/liblidar_imu_init__rosidl_typesupport_fastrtps_c.so
-- Set runtime path of "/home/hopcopter/ws_lidar_imu_init/install/lidar_imu_init/lib/liblidar_imu_init__rosidl_typesupport_fastrtps_c.so" to ""
-- Up-to-date: /home/hopcopter/ws_lidar_imu_init/install/lidar_imu_init/include/lidar_imu_init/lidar_imu_init
-- Up-to-date: /home/hopcopter/ws_lidar_imu_init/install/lidar_imu_init/include/lidar_imu_init/lidar_imu_init/msg
-- Up-to-date: /home/hopcopter/ws_lidar_imu_init/install/lidar_imu_init/include/lidar_imu_init/lidar_imu_init/msg/detail
-- Installing: /home/hopcopter/ws_lidar_imu_init/install/lidar_imu_init/include/lidar_imu_init/lidar_imu_init/msg/detail/states__type_support.hpp
-- Installing: /home/hopcopter/ws_lidar_imu_init/install/lidar_imu_init/include/lidar_imu_init/lidar_imu_init/msg/detail/pose6_d__builder.hpp
-- Installing: /home/hopcopter/ws_lidar_imu_init/install/lidar_imu_init/include/lidar_imu_init/lidar_imu_init/msg/detail/states__traits.hpp
-- Installing: /home/hopcopter/ws_lidar_imu_init/install/lidar_imu_init/include/lidar_imu_init/lidar_imu_init/msg/detail/states__struct.hpp
-- Installing: /home/hopcopter/ws_lidar_imu_init/install/lidar_imu_init/include/lidar_imu_init/lidar_imu_init/msg/detail/states__builder.hpp
-- Installing: /home/hopcopter/ws_lidar_imu_init/install/lidar_imu_init/include/lidar_imu_init/lidar_imu_init/msg/detail/pose6_d__struct.hpp
-- Installing: /home/hopcopter/ws_lidar_imu_init/install/lidar_imu_init/include/lidar_imu_init/lidar_imu_init/msg/detail/pose6_d__traits.hpp
-- Installing: /home/hopcopter/ws_lidar_imu_init/install/lidar_imu_init/include/lidar_imu_init/lidar_imu_init/msg/detail/pose6_d__type_support.hpp
-- Installing: /home/hopcopter/ws_lidar_imu_init/install/lidar_imu_init/include/lidar_imu_init/lidar_imu_init/msg/pose6_d.hpp
-- Installing: /home/hopcopter/ws_lidar_imu_init/install/lidar_imu_init/include/lidar_imu_init/lidar_imu_init/msg/states.hpp
-- Installing: /home/hopcopter/ws_lidar_imu_init/install/lidar_imu_init/include/lidar_imu_init/lidar_imu_init/msg/rosidl_generator_cpp__visibility_control.hpp
-- Up-to-date: /home/hopcopter/ws_lidar_imu_init/install/lidar_imu_init/include/lidar_imu_init/lidar_imu_init
-- Up-to-date: /home/hopcopter/ws_lidar_imu_init/install/lidar_imu_init/include/lidar_imu_init/lidar_imu_init/msg
-- Installing: /home/hopcopter/ws_lidar_imu_init/install/lidar_imu_init/include/lidar_imu_init/lidar_imu_init/msg/rosidl_typesupport_fastrtps_cpp__visibility_control.h
-- Up-to-date: /home/hopcopter/ws_lidar_imu_init/install/lidar_imu_init/include/lidar_imu_init/lidar_imu_init/msg/detail
-- Installing: /home/hopcopter/ws_lidar_imu_init/install/lidar_imu_init/include/lidar_imu_init/lidar_imu_init/msg/detail/dds_fastrtps
-- Installing: /home/hopcopter/ws_lidar_imu_init/install/lidar_imu_init/include/lidar_imu_init/lidar_imu_init/msg/detail/pose6_d__rosidl_typesupport_fastrtps_cpp.hpp
-- Installing: /home/hopcopter/ws_lidar_imu_init/install/lidar_imu_init/include/lidar_imu_init/lidar_imu_init/msg/detail/states__rosidl_typesupport_fastrtps_cpp.hpp
-- Installing: /home/hopcopter/ws_lidar_imu_init/install/lidar_imu_init/lib/liblidar_imu_init__rosidl_typesupport_fastrtps_cpp.so
-- Set runtime path of "/home/hopcopter/ws_lidar_imu_init/install/lidar_imu_init/lib/liblidar_imu_init__rosidl_typesupport_fastrtps_cpp.so" to ""
-- Up-to-date: /home/hopcopter/ws_lidar_imu_init/install/lidar_imu_init/include/lidar_imu_init/lidar_imu_init
-- Up-to-date: /home/hopcopter/ws_lidar_imu_init/install/lidar_imu_init/include/lidar_imu_init/lidar_imu_init/msg
-- Up-to-date: /home/hopcopter/ws_lidar_imu_init/install/lidar_imu_init/include/lidar_imu_init/lidar_imu_init/msg/detail
-- Installing: /home/hopcopter/ws_lidar_imu_init/install/lidar_imu_init/include/lidar_imu_init/lidar_imu_init/msg/detail/pose6_d__type_support.c
-- Installing: /home/hopcopter/ws_lidar_imu_init/install/lidar_imu_init/include/lidar_imu_init/lidar_imu_init/msg/detail/states__type_support.c
-- Installing: /home/hopcopter/ws_lidar_imu_init/install/lidar_imu_init/include/lidar_imu_init/lidar_imu_init/msg/detail/pose6_d__rosidl_typesupport_introspection_c.h
-- Installing: /home/hopcopter/ws_lidar_imu_init/install/lidar_imu_init/include/lidar_imu_init/lidar_imu_init/msg/detail/states__rosidl_typesupport_introspection_c.h
-- Installing: /home/hopcopter/ws_lidar_imu_init/install/lidar_imu_init/include/lidar_imu_init/lidar_imu_init/msg/rosidl_typesupport_introspection_c__visibility_control.h
-- Installing: /home/hopcopter/ws_lidar_imu_init/install/lidar_imu_init/lib/liblidar_imu_init__rosidl_typesupport_introspection_c.so
-- Set runtime path of "/home/hopcopter/ws_lidar_imu_init/install/lidar_imu_init/lib/liblidar_imu_init__rosidl_typesupport_introspection_c.so" to ""
-- Installing: /home/hopcopter/ws_lidar_imu_init/install/lidar_imu_init/lib/liblidar_imu_init__rosidl_typesupport_c.so
-- Set runtime path of "/home/hopcopter/ws_lidar_imu_init/install/lidar_imu_init/lib/liblidar_imu_init__rosidl_typesupport_c.so" to ""
-- Up-to-date: /home/hopcopter/ws_lidar_imu_init/install/lidar_imu_init/include/lidar_imu_init/lidar_imu_init
-- Up-to-date: /home/hopcopter/ws_lidar_imu_init/install/lidar_imu_init/include/lidar_imu_init/lidar_imu_init/msg
-- Up-to-date: /home/hopcopter/ws_lidar_imu_init/install/lidar_imu_init/include/lidar_imu_init/lidar_imu_init/msg/detail
-- Installing: /home/hopcopter/ws_lidar_imu_init/install/lidar_imu_init/include/lidar_imu_init/lidar_imu_init/msg/detail/states__type_support.cpp
-- Installing: /home/hopcopter/ws_lidar_imu_init/install/lidar_imu_init/include/lidar_imu_init/lidar_imu_init/msg/detail/pose6_d__rosidl_typesupport_introspection_cpp.hpp
-- Installing: /home/hopcopter/ws_lidar_imu_init/install/lidar_imu_init/include/lidar_imu_init/lidar_imu_init/msg/detail/states__rosidl_typesupport_introspection_cpp.hpp
-- Installing: /home/hopcopter/ws_lidar_imu_init/install/lidar_imu_init/include/lidar_imu_init/lidar_imu_init/msg/detail/pose6_d__type_support.cpp
-- Installing: /home/hopcopter/ws_lidar_imu_init/install/lidar_imu_init/lib/liblidar_imu_init__rosidl_typesupport_introspection_cpp.so
-- Set runtime path of "/home/hopcopter/ws_lidar_imu_init/install/lidar_imu_init/lib/liblidar_imu_init__rosidl_typesupport_introspection_cpp.so" to ""
-- Installing: /home/hopcopter/ws_lidar_imu_init/install/lidar_imu_init/lib/liblidar_imu_init__rosidl_typesupport_cpp.so
-- Set runtime path of "/home/hopcopter/ws_lidar_imu_init/install/lidar_imu_init/lib/liblidar_imu_init__rosidl_typesupport_cpp.so" to ""
-- Installing: /home/hopcopter/ws_lidar_imu_init/install/lidar_imu_init/share/lidar_imu_init/environment/pythonpath.sh
-- Installing: /home/hopcopter/ws_lidar_imu_init/install/lidar_imu_init/share/lidar_imu_init/environment/pythonpath.dsv
-- Installing: /home/hopcopter/ws_lidar_imu_init/install/lidar_imu_init/local/lib/python3.10/dist-packages/lidar_imu_init-0.0.0-py3.10.egg-info
-- Installing: /home/hopcopter/ws_lidar_imu_init/install/lidar_imu_init/local/lib/python3.10/dist-packages/lidar_imu_init-0.0.0-py3.10.egg-info/dependency_links.txt
-- Installing: /home/hopcopter/ws_lidar_imu_init/install/lidar_imu_init/local/lib/python3.10/dist-packages/lidar_imu_init-0.0.0-py3.10.egg-info/SOURCES.txt
-- Installing: /home/hopcopter/ws_lidar_imu_init/install/lidar_imu_init/local/lib/python3.10/dist-packages/lidar_imu_init-0.0.0-py3.10.egg-info/PKG-INFO
-- Installing: /home/hopcopter/ws_lidar_imu_init/install/lidar_imu_init/local/lib/python3.10/dist-packages/lidar_imu_init-0.0.0-py3.10.egg-info/top_level.txt
-- Installing: /home/hopcopter/ws_lidar_imu_init/install/lidar_imu_init/local/lib/python3.10/dist-packages/lidar_imu_init
-- Installing: /home/hopcopter/ws_lidar_imu_init/install/lidar_imu_init/local/lib/python3.10/dist-packages/lidar_imu_init/lidar_imu_init_s__rosidl_typesupport_introspection_c.cpython-310-x86_64-linux-gnu.so
-- Installing: /home/hopcopter/ws_lidar_imu_init/install/lidar_imu_init/local/lib/python3.10/dist-packages/lidar_imu_init/lidar_imu_init_s__rosidl_typesupport_fastrtps_c.cpython-310-x86_64-linux-gnu.so
-- Installing: /home/hopcopter/ws_lidar_imu_init/install/lidar_imu_init/local/lib/python3.10/dist-packages/lidar_imu_init/__init__.py
-- Installing: /home/hopcopter/ws_lidar_imu_init/install/lidar_imu_init/local/lib/python3.10/dist-packages/lidar_imu_init/msg
-- Installing: /home/hopcopter/ws_lidar_imu_init/install/lidar_imu_init/local/lib/python3.10/dist-packages/lidar_imu_init/msg/_pose6_d_s.c
-- Installing: /home/hopcopter/ws_lidar_imu_init/install/lidar_imu_init/local/lib/python3.10/dist-packages/lidar_imu_init/msg/__init__.py
-- Installing: /home/hopcopter/ws_lidar_imu_init/install/lidar_imu_init/local/lib/python3.10/dist-packages/lidar_imu_init/msg/_states_s.c
-- Installing: /home/hopcopter/ws_lidar_imu_init/install/lidar_imu_init/local/lib/python3.10/dist-packages/lidar_imu_init/msg/_pose6_d.py
-- Installing: /home/hopcopter/ws_lidar_imu_init/install/lidar_imu_init/local/lib/python3.10/dist-packages/lidar_imu_init/msg/_states.py
-- Installing: /home/hopcopter/ws_lidar_imu_init/install/lidar_imu_init/local/lib/python3.10/dist-packages/lidar_imu_init/_lidar_imu_init_s.ep.rosidl_typesupport_fastrtps_c.c
-- Installing: /home/hopcopter/ws_lidar_imu_init/install/lidar_imu_init/local/lib/python3.10/dist-packages/lidar_imu_init/liblidar_imu_init__rosidl_generator_py.so
-- Installing: /home/hopcopter/ws_lidar_imu_init/install/lidar_imu_init/local/lib/python3.10/dist-packages/lidar_imu_init/_lidar_imu_init_s.ep.rosidl_typesupport_introspection_c.c
-- Installing: /home/hopcopter/ws_lidar_imu_init/install/lidar_imu_init/local/lib/python3.10/dist-packages/lidar_imu_init/_lidar_imu_init_s.ep.rosidl_typesupport_c.c
-- Installing: /home/hopcopter/ws_lidar_imu_init/install/lidar_imu_init/local/lib/python3.10/dist-packages/lidar_imu_init/lidar_imu_init_s__rosidl_typesupport_c.cpython-310-x86_64-linux-gnu.so
Listing '/home/hopcopter/ws_lidar_imu_init/install/lidar_imu_init/local/lib/python3.10/dist-packages/lidar_imu_init'...
Compiling '/home/hopcopter/ws_lidar_imu_init/install/lidar_imu_init/local/lib/python3.10/dist-packages/lidar_imu_init/__init__.py'...
Listing '/home/hopcopter/ws_lidar_imu_init/install/lidar_imu_init/local/lib/python3.10/dist-packages/lidar_imu_init/msg'...
Compiling '/home/hopcopter/ws_lidar_imu_init/install/lidar_imu_init/local/lib/python3.10/dist-packages/lidar_imu_init/msg/__init__.py'...
Compiling '/home/hopcopter/ws_lidar_imu_init/install/lidar_imu_init/local/lib/python3.10/dist-packages/lidar_imu_init/msg/_pose6_d.py'...
Compiling '/home/hopcopter/ws_lidar_imu_init/install/lidar_imu_init/local/lib/python3.10/dist-packages/lidar_imu_init/msg/_states.py'...
-- Installing: /home/hopcopter/ws_lidar_imu_init/install/lidar_imu_init/local/lib/python3.10/dist-packages/lidar_imu_init/lidar_imu_init_s__rosidl_typesupport_fastrtps_c.cpython-310-x86_64-linux-gnu.so
-- Set runtime path of "/home/hopcopter/ws_lidar_imu_init/install/lidar_imu_init/local/lib/python3.10/dist-packages/lidar_imu_init/lidar_imu_init_s__rosidl_typesupport_fastrtps_c.cpython-310-x86_64-linux-gnu.so" to ""
-- Installing: /home/hopcopter/ws_lidar_imu_init/install/lidar_imu_init/local/lib/python3.10/dist-packages/lidar_imu_init/lidar_imu_init_s__rosidl_typesupport_introspection_c.cpython-310-x86_64-linux-gnu.so
-- Set runtime path of "/home/hopcopter/ws_lidar_imu_init/install/lidar_imu_init/local/lib/python3.10/dist-packages/lidar_imu_init/lidar_imu_init_s__rosidl_typesupport_introspection_c.cpython-310-x86_64-linux-gnu.so" to ""
-- Installing: /home/hopcopter/ws_lidar_imu_init/install/lidar_imu_init/local/lib/python3.10/dist-packages/lidar_imu_init/lidar_imu_init_s__rosidl_typesupport_c.cpython-310-x86_64-linux-gnu.so
-- Set runtime path of "/home/hopcopter/ws_lidar_imu_init/install/lidar_imu_init/local/lib/python3.10/dist-packages/lidar_imu_init/lidar_imu_init_s__rosidl_typesupport_c.cpython-310-x86_64-linux-gnu.so" to ""
-- Installing: /home/hopcopter/ws_lidar_imu_init/install/lidar_imu_init/lib/liblidar_imu_init__rosidl_generator_py.so
-- Set runtime path of "/home/hopcopter/ws_lidar_imu_init/install/lidar_imu_init/lib/liblidar_imu_init__rosidl_generator_py.so" to ""
-- Installing: /home/hopcopter/ws_lidar_imu_init/install/lidar_imu_init/share/lidar_imu_init/msg/Pose6D.idl
-- Installing: /home/hopcopter/ws_lidar_imu_init/install/lidar_imu_init/share/lidar_imu_init/msg/States.idl
-- Installing: /home/hopcopter/ws_lidar_imu_init/install/lidar_imu_init/share/lidar_imu_init/msg/Pose6D.msg
-- Installing: /home/hopcopter/ws_lidar_imu_init/install/lidar_imu_init/share/lidar_imu_init/msg/States.msg
-- Installing: /home/hopcopter/ws_lidar_imu_init/install/lidar_imu_init/lib/lidar_imu_init/li_init
-- Set runtime path of "/home/hopcopter/ws_lidar_imu_init/install/lidar_imu_init/lib/lidar_imu_init/li_init" to ""
-- Installing: /home/hopcopter/ws_lidar_imu_init/install/lidar_imu_init/share/lidar_imu_init/config
-- Installing: /home/hopcopter/ws_lidar_imu_init/install/lidar_imu_init/share/lidar_imu_init/config/avia.yaml
-- Installing: /home/hopcopter/ws_lidar_imu_init/install/lidar_imu_init/share/lidar_imu_init/config/ouster.yaml
-- Installing: /home/hopcopter/ws_lidar_imu_init/install/lidar_imu_init/share/lidar_imu_init/config/mid360.yaml
-- Installing: /home/hopcopter/ws_lidar_imu_init/install/lidar_imu_init/share/lidar_imu_init/config/velodyne.yaml
-- Installing: /home/hopcopter/ws_lidar_imu_init/install/lidar_imu_init/share/lidar_imu_init/config/ouster32.yaml
-- Installing: /home/hopcopter/ws_lidar_imu_init/install/lidar_imu_init/share/lidar_imu_init/config/ouster64.yaml
-- Installing: /home/hopcopter/ws_lidar_imu_init/install/lidar_imu_init/share/lidar_imu_init/config/horizon.yaml
-- Installing: /home/hopcopter/ws_lidar_imu_init/install/lidar_imu_init/share/lidar_imu_init/config/robosense.yaml
-- Installing: /home/hopcopter/ws_lidar_imu_init/install/lidar_imu_init/share/lidar_imu_init/config/pandar.yaml
-- Installing: /home/hopcopter/ws_lidar_imu_init/install/lidar_imu_init/share/lidar_imu_init/launch
-- Installing: /home/hopcopter/ws_lidar_imu_init/install/lidar_imu_init/share/lidar_imu_init/launch/mapping.launch.py
-- Installing: /home/hopcopter/ws_lidar_imu_init/install/lidar_imu_init/share/lidar_imu_init/launch/gdb_debug_example.launch
-- Installing: /home/hopcopter/ws_lidar_imu_init/install/lidar_imu_init/share/lidar_imu_init/rviz
-- Installing: /home/hopcopter/ws_lidar_imu_init/install/lidar_imu_init/share/lidar_imu_init/rviz/li_init.rviz
-- Installing: /home/hopcopter/ws_lidar_imu_init/install/lidar_imu_init/share/ament_index/resource_index/package_run_dependencies/lidar_imu_init
-- Installing: /home/hopcopter/ws_lidar_imu_init/install/lidar_imu_init/share/ament_index/resource_index/parent_prefix_path/lidar_imu_init
-- Installing: /home/hopcopter/ws_lidar_imu_init/install/lidar_imu_init/share/lidar_imu_init/environment/ament_prefix_path.sh
-- Installing: /home/hopcopter/ws_lidar_imu_init/install/lidar_imu_init/share/lidar_imu_init/environment/ament_prefix_path.dsv
-- Installing: /home/hopcopter/ws_lidar_imu_init/install/lidar_imu_init/share/lidar_imu_init/environment/path.sh
-- Installing: /home/hopcopter/ws_lidar_imu_init/install/lidar_imu_init/share/lidar_imu_init/environment/path.dsv
-- Installing: /home/hopcopter/ws_lidar_imu_init/install/lidar_imu_init/share/lidar_imu_init/local_setup.bash
-- Installing: /home/hopcopter/ws_lidar_imu_init/install/lidar_imu_init/share/lidar_imu_init/local_setup.sh
-- Installing: /home/hopcopter/ws_lidar_imu_init/install/lidar_imu_init/share/lidar_imu_init/local_setup.zsh
-- Installing: /home/hopcopter/ws_lidar_imu_init/install/lidar_imu_init/share/lidar_imu_init/local_setup.dsv
-- Installing: /home/hopcopter/ws_lidar_imu_init/install/lidar_imu_init/share/lidar_imu_init/package.dsv
-- Installing: /home/hopcopter/ws_lidar_imu_init/install/lidar_imu_init/share/ament_index/resource_index/packages/lidar_imu_init
-- Installing: /home/hopcopter/ws_lidar_imu_init/install/lidar_imu_init/share/lidar_imu_init/cmake/export_lidar_imu_init__rosidl_generator_cExport.cmake
-- Installing: /home/hopcopter/ws_lidar_imu_init/install/lidar_imu_init/share/lidar_imu_init/cmake/export_lidar_imu_init__rosidl_generator_cExport-release.cmake
-- Installing: /home/hopcopter/ws_lidar_imu_init/install/lidar_imu_init/share/lidar_imu_init/cmake/export_lidar_imu_init__rosidl_typesupport_fastrtps_cExport.cmake
-- Installing: /home/hopcopter/ws_lidar_imu_init/install/lidar_imu_init/share/lidar_imu_init/cmake/export_lidar_imu_init__rosidl_typesupport_fastrtps_cExport-release.cmake
-- Installing: /home/hopcopter/ws_lidar_imu_init/install/lidar_imu_init/share/lidar_imu_init/cmake/export_lidar_imu_init__rosidl_generator_cppExport.cmake
-- Installing: /home/hopcopter/ws_lidar_imu_init/install/lidar_imu_init/share/lidar_imu_init/cmake/export_lidar_imu_init__rosidl_typesupport_fastrtps_cppExport.cmake
-- Installing: /home/hopcopter/ws_lidar_imu_init/install/lidar_imu_init/share/lidar_imu_init/cmake/export_lidar_imu_init__rosidl_typesupport_fastrtps_cppExport-release.cmake
-- Installing: /home/hopcopter/ws_lidar_imu_init/install/lidar_imu_init/share/lidar_imu_init/cmake/lidar_imu_init__rosidl_typesupport_introspection_cExport.cmake
-- Installing: /home/hopcopter/ws_lidar_imu_init/install/lidar_imu_init/share/lidar_imu_init/cmake/lidar_imu_init__rosidl_typesupport_introspection_cExport-release.cmake
-- Installing: /home/hopcopter/ws_lidar_imu_init/install/lidar_imu_init/share/lidar_imu_init/cmake/lidar_imu_init__rosidl_typesupport_cExport.cmake
-- Installing: /home/hopcopter/ws_lidar_imu_init/install/lidar_imu_init/share/lidar_imu_init/cmake/lidar_imu_init__rosidl_typesupport_cExport-release.cmake
-- Installing: /home/hopcopter/ws_lidar_imu_init/install/lidar_imu_init/share/lidar_imu_init/cmake/lidar_imu_init__rosidl_typesupport_introspection_cppExport.cmake
-- Installing: /home/hopcopter/ws_lidar_imu_init/install/lidar_imu_init/share/lidar_imu_init/cmake/lidar_imu_init__rosidl_typesupport_introspection_cppExport-release.cmake
-- Installing: /home/hopcopter/ws_lidar_imu_init/install/lidar_imu_init/share/lidar_imu_init/cmake/lidar_imu_init__rosidl_typesupport_cppExport.cmake
-- Installing: /home/hopcopter/ws_lidar_imu_init/install/lidar_imu_init/share/lidar_imu_init/cmake/lidar_imu_init__rosidl_typesupport_cppExport-release.cmake
-- Installing: /home/hopcopter/ws_lidar_imu_init/install/lidar_imu_init/share/lidar_imu_init/cmake/export_lidar_imu_init__rosidl_generator_pyExport.cmake
-- Installing: /home/hopcopter/ws_lidar_imu_init/install/lidar_imu_init/share/lidar_imu_init/cmake/export_lidar_imu_init__rosidl_generator_pyExport-release.cmake
-- Installing: /home/hopcopter/ws_lidar_imu_init/install/lidar_imu_init/share/lidar_imu_init/cmake/rosidl_cmake-extras.cmake
-- Installing: /home/hopcopter/ws_lidar_imu_init/install/lidar_imu_init/share/lidar_imu_init/cmake/ament_cmake_export_dependencies-extras.cmake
-- Installing: /home/hopcopter/ws_lidar_imu_init/install/lidar_imu_init/share/lidar_imu_init/cmake/ament_cmake_export_include_directories-extras.cmake
-- Installing: /home/hopcopter/ws_lidar_imu_init/install/lidar_imu_init/share/lidar_imu_init/cmake/ament_cmake_export_libraries-extras.cmake
-- Installing: /home/hopcopter/ws_lidar_imu_init/install/lidar_imu_init/share/lidar_imu_init/cmake/ament_cmake_export_targets-extras.cmake
-- Installing: /home/hopcopter/ws_lidar_imu_init/install/lidar_imu_init/share/lidar_imu_init/cmake/rosidl_cmake_export_typesupport_targets-extras.cmake
-- Installing: /home/hopcopter/ws_lidar_imu_init/install/lidar_imu_init/share/lidar_imu_init/cmake/rosidl_cmake_export_typesupport_libraries-extras.cmake
-- Installing: /home/hopcopter/ws_lidar_imu_init/install/lidar_imu_init/share/lidar_imu_init/cmake/lidar_imu_initConfig.cmake
-- Installing: /home/hopcopter/ws_lidar_imu_init/install/lidar_imu_init/share/lidar_imu_init/cmake/lidar_imu_initConfig-version.cmake
-- Installing: /home/hopcopter/ws_lidar_imu_init/install/lidar_imu_init/share/lidar_imu_init/package.xml
