[0.010s] Invoking command in '/home/hopcopter/ws_lidar_imu_init/build/lidar_imu_init': CMAKE_PREFIX_PATH=/opt/ros/humble /usr/bin/cmake /home/hopcopter/ws_lidar_imu_init/src/LiDAR_IMU_Init -DCMAKE_INSTALL_PREFIX=/home/hopcopter/ws_lidar_imu_init/install/lidar_imu_init
[0.099s] -- The C compiler identification is GNU 11.4.0
[0.174s] -- The CXX compiler identification is GNU 11.4.0
[0.183s] -- Detecting C compiler ABI info
[0.261s] -- Detecting C compiler ABI info - done
[0.269s] -- Check for working C compiler: /usr/bin/cc - skipped
[0.269s] -- Detecting C compile features
[0.270s] -- Detecting C compile features - done
[0.274s] -- Detecting CXX compiler ABI info
[0.356s] -- Detecting CXX compiler ABI info - done
[0.364s] -- Check for working CXX compiler: /usr/bin/c++ - skipped
[0.364s] -- Detecting CXX compile features
[0.364s] -- Detecting CXX compile features - done
[0.365s] [0mCurrent CPU architecture: x86_64[0m
[0.370s] [0mProcessor number: 8[0m
[0.716s] -- Found ament_cmake: 1.3.13 (/opt/ros/humble/share/ament_cmake/cmake)
[0.866s] -- Found Python3: /usr/bin/python3 (found version "3.10.12") found components: Interpreter 
[0.977s] -- Found rclcpp: 16.0.18 (/opt/ros/humble/share/rclcpp/cmake)
[1.021s] -- Found rosidl_generator_c: 3.1.8 (/opt/ros/humble/share/rosidl_generator_c/cmake)
[1.025s] -- Found rosidl_adapter: 3.1.8 (/opt/ros/humble/share/rosidl_adapter/cmake)
[1.035s] -- Found rosidl_generator_cpp: 3.1.8 (/opt/ros/humble/share/rosidl_generator_cpp/cmake)
[1.049s] -- Using all available rosidl_typesupport_c: rosidl_typesupport_fastrtps_c;rosidl_typesupport_introspection_c
[1.067s] -- Using all available rosidl_typesupport_cpp: rosidl_typesupport_fastrtps_cpp;rosidl_typesupport_introspection_cpp
[1.112s] -- Found rmw_implementation_cmake: 6.1.2 (/opt/ros/humble/share/rmw_implementation_cmake/cmake)
[1.115s] -- Found rmw_fastrtps_cpp: 6.2.10 (/opt/ros/humble/share/rmw_fastrtps_cpp/cmake)
[1.199s] -- Found OpenSSL: /usr/lib/x86_64-linux-gnu/libcrypto.so (found version "3.0.2")  
[1.228s] -- Found FastRTPS: /opt/ros/humble/include  
[1.269s] -- Using RMW implementation 'rmw_fastrtps_cpp' as default
[1.277s] -- Looking for pthread.h
[1.347s] -- Looking for pthread.h - found
[1.347s] -- Performing Test CMAKE_HAVE_LIBC_PTHREAD
[1.434s] -- Performing Test CMAKE_HAVE_LIBC_PTHREAD - Success
[1.435s] -- Found Threads: TRUE  
[1.499s] -- Found rclcpp_components: 16.0.18 (/opt/ros/humble/share/rclcpp_components/cmake)
[1.530s] -- Found geometry_msgs: 4.9.1 (/opt/ros/humble/share/geometry_msgs/cmake)
[1.545s] -- Found nav_msgs: 4.9.1 (/opt/ros/humble/share/nav_msgs/cmake)
[1.564s] -- Found sensor_msgs: 4.9.1 (/opt/ros/humble/share/sensor_msgs/cmake)
[1.583s] -- Found std_srvs: 4.9.1 (/opt/ros/humble/share/std_srvs/cmake)
[1.596s] -- Found visualization_msgs: 4.9.1 (/opt/ros/humble/share/visualization_msgs/cmake)
[1.619s] -- Found pcl_ros: 2.4.5 (/opt/ros/humble/share/pcl_ros/cmake)
[1.664s] -- Checking for module 'eigen3'
[1.675s] --   Found eigen3, version 3.4.0
[1.719s] -- Found Eigen: /usr/include/eigen3 (Required is at least version "3.1") 
[1.719s] -- Eigen found (include: /usr/include/eigen3, version: 3.4.0)
[1.761s] -- Checking for module 'flann'
[1.773s] --   Found flann, version 1.9.1
[1.829s] -- Found FLANN: /usr/lib/x86_64-linux-gnu/libflann_cpp.so  
[1.830s] -- FLANN found (include: /usr/include, lib: /usr/lib/x86_64-linux-gnu/libflann_cpp.so)
[2.803s] -- Checking for module 'libusb-1.0'
[2.815s] --   Found libusb-1.0, version 1.0.25
[2.859s] -- Found libusb: /usr/lib/x86_64-linux-gnu/libusb-1.0.so  
[2.861s] -- OpenNI found (version: 1.5.4.0, include: /usr/include/ni, lib: /usr/lib/libOpenNI.so;libusb::libusb)
[2.938s] -- OpenNI2 found (version: 2.2.0.33, include: /usr/include/openni2, lib: /usr/lib/x86_64-linux-gnu/libOpenNI2.so;libusb::libusb)
[3.087s] -- Eigen found (include: /usr/include/eigen3, version: 3.4.0)
[3.094s] -- OpenNI found (version: 1.5.4.0, include: /usr/include/ni, lib: /usr/lib/libOpenNI.so;libusb::libusb)
[3.100s] -- OpenNI2 found (version: 2.2.0.33, include: /usr/include/openni2, lib: /usr/lib/x86_64-linux-gnu/libOpenNI2.so;libusb::libusb)
[3.246s] -- Found Qhull version 8.0.2
[3.391s] -- OpenNI found (version: 1.5.4.0, include: /usr/include/ni, lib: /usr/lib/libOpenNI.so;libusb::libusb)
[3.531s] -- Found PCL_COMMON: /usr/lib/x86_64-linux-gnu/libpcl_common.so  
[3.532s] -- Found PCL_KDTREE: /usr/lib/x86_64-linux-gnu/libpcl_kdtree.so  
[3.533s] -- Found PCL_OCTREE: /usr/lib/x86_64-linux-gnu/libpcl_octree.so  
[3.534s] -- Found PCL_SEARCH: /usr/lib/x86_64-linux-gnu/libpcl_search.so  
[3.535s] -- Found PCL_SAMPLE_CONSENSUS: /usr/lib/x86_64-linux-gnu/libpcl_sample_consensus.so  
[3.536s] -- Found PCL_FILTERS: /usr/lib/x86_64-linux-gnu/libpcl_filters.so  
[3.536s] -- Found PCL_2D: /usr/include/pcl-1.12  
[3.536s] -- Found PCL_GEOMETRY: /usr/include/pcl-1.12  
[3.537s] -- Found PCL_IO: /usr/lib/x86_64-linux-gnu/libpcl_io.so  
[3.538s] -- Found PCL_FEATURES: /usr/lib/x86_64-linux-gnu/libpcl_features.so  
[3.539s] -- Found PCL_ML: /usr/lib/x86_64-linux-gnu/libpcl_ml.so  
[3.540s] -- Found PCL_SEGMENTATION: /usr/lib/x86_64-linux-gnu/libpcl_segmentation.so  
[3.542s] -- Found PCL_VISUALIZATION: /usr/lib/x86_64-linux-gnu/libpcl_visualization.so  
[3.543s] -- Found PCL_SURFACE: /usr/lib/x86_64-linux-gnu/libpcl_surface.so  
[3.544s] -- Found PCL_REGISTRATION: /usr/lib/x86_64-linux-gnu/libpcl_registration.so  
[3.545s] -- Found PCL_KEYPOINTS: /usr/lib/x86_64-linux-gnu/libpcl_keypoints.so  
[3.546s] -- Found PCL_TRACKING: /usr/lib/x86_64-linux-gnu/libpcl_tracking.so  
[3.547s] -- Found PCL_RECOGNITION: /usr/lib/x86_64-linux-gnu/libpcl_recognition.so  
[3.548s] -- Found PCL_STEREO: /usr/lib/x86_64-linux-gnu/libpcl_stereo.so  
[3.549s] -- Found PCL_APPS: /usr/lib/x86_64-linux-gnu/libpcl_apps.so  
[3.550s] -- Found PCL_IN_HAND_SCANNER: /usr/include/pcl-1.12  
[3.550s] -- Found PCL_MODELER: /usr/include/pcl-1.12  
[3.550s] -- Found PCL_POINT_CLOUD_EDITOR: /usr/include/pcl-1.12  
[3.551s] -- Found PCL_OUTOFCORE: /usr/lib/x86_64-linux-gnu/libpcl_outofcore.so  
[3.552s] -- Found PCL_PEOPLE: /usr/lib/x86_64-linux-gnu/libpcl_people.so  
[3.584s] -- Found eigen3_cmake_module: 0.1.1 (/opt/ros/humble/share/eigen3_cmake_module/cmake)
[3.586s] -- Found Eigen3: TRUE (found version "3.4.0") 
[3.586s] -- Ensuring Eigen3 include directory is part of orocos-kdl CMake target
[3.663s] -- Found rosidl_default_generators: 1.2.0 (/opt/ros/humble/share/rosidl_default_generators/cmake)
[3.681s] -- Found OpenCV: /usr (found version "4.5.4") 
[3.683s] -- Found tf2_eigen: 0.25.19 (/opt/ros/humble/share/tf2_eigen/cmake)
[3.696s] [31mCMake Error at CMakeLists.txt:69 (find_package):
[3.696s]   By not providing "FindCeres.cmake" in CMAKE_MODULE_PATH this project has
[3.696s]   asked CMake to find a package configuration file provided by "Ceres", but
[3.696s]   CMake did not find one.
[3.696s] 
[3.696s]   Could not find a package configuration file provided by "Ceres" with any of
[3.696s]   the following names:
[3.696s] 
[3.696s]     CeresConfig.cmake
[3.697s]     ceres-config.cmake
[3.697s] 
[3.697s]   Add the installation prefix of "Ceres" to CMAKE_PREFIX_PATH or set
[3.697s]   "Ceres_DIR" to a directory containing one of the above files.  If "Ceres"
[3.697s]   provides a separate development package or SDK, be sure it has been
[3.697s]   installed.
[3.697s] 
[3.697s] [0m
[3.697s] -- Configuring incomplete, errors occurred!
[3.697s] See also "/home/hopcopter/ws_lidar_imu_init/build/lidar_imu_init/CMakeFiles/CMakeOutput.log".
[3.713s] Invoked command in '/home/hopcopter/ws_lidar_imu_init/build/lidar_imu_init' returned '1': CMAKE_PREFIX_PATH=/opt/ros/humble /usr/bin/cmake /home/hopcopter/ws_lidar_imu_init/src/LiDAR_IMU_Init -DCMAKE_INSTALL_PREFIX=/home/hopcopter/ws_lidar_imu_init/install/lidar_imu_init
