[  2%] Built target lidar_imu_init__cpp
[35m[1mConsolidate compiler generated dependencies of target lidar_imu_init__rosidl_generator_c[0m
[  2%] Built target ament_cmake_python_copy_lidar_imu_init
[35m[1mConsolidate compiler generated dependencies of target lidar_imu_init__rosidl_typesupport_introspection_cpp[0m
[35m[1mConsolidate compiler generated dependencies of target lidar_imu_init__rosidl_typesupport_fastrtps_cpp[0m
[35m[1mConsolidate compiler generated dependencies of target lidar_imu_init__rosidl_typesupport_cpp[0m
[ 11%] Built target lidar_imu_init__rosidl_generator_c
[ 20%] Built target lidar_imu_init__rosidl_typesupport_introspection_cpp
[ 28%] Built target lidar_imu_init__rosidl_typesupport_fastrtps_cpp
[ 37%] Built target lidar_imu_init__rosidl_typesupport_cpp
[35m[1mConsolidate compiler generated dependencies of target lidar_imu_init__rosidl_typesupport_c[0m
[35m[1mConsolidate compiler generated dependencies of target lidar_imu_init__rosidl_typesupport_introspection_c[0m
[35m[1mConsolidate compiler generated dependencies of target lidar_imu_init__rosidl_typesupport_fastrtps_c[0m
[ 46%] Built target lidar_imu_init__rosidl_typesupport_c
[ 55%] Built target lidar_imu_init__rosidl_typesupport_introspection_c
[ 64%] Built target lidar_imu_init__rosidl_typesupport_fastrtps_c
[35m[1mConsolidate compiler generated dependencies of target li_init[0m
[ 64%] Built target lidar_imu_init
[ 66%] Built target lidar_imu_init__py
[35m[1mConsolidate compiler generated dependencies of target lidar_imu_init__rosidl_generator_py[0m
[ 73%] [32mBuilding CXX object CMakeFiles/li_init.dir/src/laserMapping.cpp.o[0m
[ 75%] Built target lidar_imu_init__rosidl_generator_py
[35m[1mConsolidate compiler generated dependencies of target lidar_imu_init__rosidl_typesupport_introspection_c__pyext[0m
[35m[1mConsolidate compiler generated dependencies of target lidar_imu_init__rosidl_typesupport_c__pyext[0m
[35m[1mConsolidate compiler generated dependencies of target lidar_imu_init__rosidl_typesupport_fastrtps_c__pyext[0m
[ 80%] Built target lidar_imu_init__rosidl_typesupport_c__pyext
[ 84%] Built target lidar_imu_init__rosidl_typesupport_fastrtps_c__pyext
[ 88%] Built target lidar_imu_init__rosidl_typesupport_introspection_c__pyext
running egg_info
writing lidar_imu_init.egg-info/PKG-INFO
writing dependency_links to lidar_imu_init.egg-info/dependency_links.txt
writing top-level names to lidar_imu_init.egg-info/top_level.txt
reading manifest file 'lidar_imu_init.egg-info/SOURCES.txt'
writing manifest file 'lidar_imu_init.egg-info/SOURCES.txt'
[ 88%] Built target ament_cmake_python_build_lidar_imu_init_egg
[ 91%] [32m[1mLinking CXX executable li_init[0m
[100%] Built target li_init
-- Install configuration: "Release"
-- Up-to-date: /home/hopcopter/ws_lidar_imu_init/install/lidar_imu_init/share/ament_index/resource_index/rosidl_interfaces/lidar_imu_init
-- Up-to-date: /home/hopcopter/ws_lidar_imu_init/install/lidar_imu_init/include/lidar_imu_init/lidar_imu_init
-- Up-to-date: /home/hopcopter/ws_lidar_imu_init/install/lidar_imu_init/include/lidar_imu_init/lidar_imu_init/msg
-- Up-to-date: /home/hopcopter/ws_lidar_imu_init/install/lidar_imu_init/include/lidar_imu_init/lidar_imu_init/msg/detail
-- Up-to-date: /home/hopcopter/ws_lidar_imu_init/install/lidar_imu_init/include/lidar_imu_init/lidar_imu_init/msg/detail/states__struct.h
-- Up-to-date: /home/hopcopter/ws_lidar_imu_init/install/lidar_imu_init/include/lidar_imu_init/lidar_imu_init/msg/detail/pose6_d__type_support.h
-- Up-to-date: /home/hopcopter/ws_lidar_imu_init/install/lidar_imu_init/include/lidar_imu_init/lidar_imu_init/msg/detail/pose6_d__functions.c
-- Up-to-date: /home/hopcopter/ws_lidar_imu_init/install/lidar_imu_init/include/lidar_imu_init/lidar_imu_init/msg/detail/states__type_support.h
-- Up-to-date: /home/hopcopter/ws_lidar_imu_init/install/lidar_imu_init/include/lidar_imu_init/lidar_imu_init/msg/detail/pose6_d__struct.h
-- Up-to-date: /home/hopcopter/ws_lidar_imu_init/install/lidar_imu_init/include/lidar_imu_init/lidar_imu_init/msg/detail/states__functions.c
-- Up-to-date: /home/hopcopter/ws_lidar_imu_init/install/lidar_imu_init/include/lidar_imu_init/lidar_imu_init/msg/detail/pose6_d__functions.h
-- Up-to-date: /home/hopcopter/ws_lidar_imu_init/install/lidar_imu_init/include/lidar_imu_init/lidar_imu_init/msg/detail/states__functions.h
-- Up-to-date: /home/hopcopter/ws_lidar_imu_init/install/lidar_imu_init/include/lidar_imu_init/lidar_imu_init/msg/pose6_d.h
-- Up-to-date: /home/hopcopter/ws_lidar_imu_init/install/lidar_imu_init/include/lidar_imu_init/lidar_imu_init/msg/states.h
-- Up-to-date: /home/hopcopter/ws_lidar_imu_init/install/lidar_imu_init/include/lidar_imu_init/lidar_imu_init/msg/rosidl_generator_c__visibility_control.h
-- Up-to-date: /home/hopcopter/ws_lidar_imu_init/install/lidar_imu_init/share/lidar_imu_init/environment/library_path.sh
-- Installing: /home/hopcopter/ws_lidar_imu_init/install/lidar_imu_init/share/lidar_imu_init/environment/library_path.dsv
-- Installing: /home/hopcopter/ws_lidar_imu_init/install/lidar_imu_init/lib/liblidar_imu_init__rosidl_generator_c.so
-- Set runtime path of "/home/hopcopter/ws_lidar_imu_init/install/lidar_imu_init/lib/liblidar_imu_init__rosidl_generator_c.so" to ""
-- Up-to-date: /home/hopcopter/ws_lidar_imu_init/install/lidar_imu_init/include/lidar_imu_init/lidar_imu_init
-- Up-to-date: /home/hopcopter/ws_lidar_imu_init/install/lidar_imu_init/include/lidar_imu_init/lidar_imu_init/msg
-- Up-to-date: /home/hopcopter/ws_lidar_imu_init/install/lidar_imu_init/include/lidar_imu_init/lidar_imu_init/msg/detail
-- Up-to-date: /home/hopcopter/ws_lidar_imu_init/install/lidar_imu_init/include/lidar_imu_init/lidar_imu_init/msg/detail/states__rosidl_typesupport_fastrtps_c.h
-- Up-to-date: /home/hopcopter/ws_lidar_imu_init/install/lidar_imu_init/include/lidar_imu_init/lidar_imu_init/msg/detail/pose6_d__rosidl_typesupport_fastrtps_c.h
-- Up-to-date: /home/hopcopter/ws_lidar_imu_init/install/lidar_imu_init/include/lidar_imu_init/lidar_imu_init/msg/rosidl_typesupport_fastrtps_c__visibility_control.h
-- Installing: /home/hopcopter/ws_lidar_imu_init/install/lidar_imu_init/lib/liblidar_imu_init__rosidl_typesupport_fastrtps_c.so
-- Set runtime path of "/home/hopcopter/ws_lidar_imu_init/install/lidar_imu_init/lib/liblidar_imu_init__rosidl_typesupport_fastrtps_c.so" to ""
-- Up-to-date: /home/hopcopter/ws_lidar_imu_init/install/lidar_imu_init/include/lidar_imu_init/lidar_imu_init
-- Up-to-date: /home/hopcopter/ws_lidar_imu_init/install/lidar_imu_init/include/lidar_imu_init/lidar_imu_init/msg
-- Up-to-date: /home/hopcopter/ws_lidar_imu_init/install/lidar_imu_init/include/lidar_imu_init/lidar_imu_init/msg/detail
-- Up-to-date: /home/hopcopter/ws_lidar_imu_init/install/lidar_imu_init/include/lidar_imu_init/lidar_imu_init/msg/detail/states__type_support.hpp
-- Up-to-date: /home/hopcopter/ws_lidar_imu_init/install/lidar_imu_init/include/lidar_imu_init/lidar_imu_init/msg/detail/pose6_d__builder.hpp
-- Up-to-date: /home/hopcopter/ws_lidar_imu_init/install/lidar_imu_init/include/lidar_imu_init/lidar_imu_init/msg/detail/states__traits.hpp
-- Up-to-date: /home/hopcopter/ws_lidar_imu_init/install/lidar_imu_init/include/lidar_imu_init/lidar_imu_init/msg/detail/states__struct.hpp
-- Up-to-date: /home/hopcopter/ws_lidar_imu_init/install/lidar_imu_init/include/lidar_imu_init/lidar_imu_init/msg/detail/states__builder.hpp
-- Up-to-date: /home/hopcopter/ws_lidar_imu_init/install/lidar_imu_init/include/lidar_imu_init/lidar_imu_init/msg/detail/pose6_d__struct.hpp
-- Up-to-date: /home/hopcopter/ws_lidar_imu_init/install/lidar_imu_init/include/lidar_imu_init/lidar_imu_init/msg/detail/pose6_d__traits.hpp
-- Up-to-date: /home/hopcopter/ws_lidar_imu_init/install/lidar_imu_init/include/lidar_imu_init/lidar_imu_init/msg/detail/pose6_d__type_support.hpp
-- Up-to-date: /home/hopcopter/ws_lidar_imu_init/install/lidar_imu_init/include/lidar_imu_init/lidar_imu_init/msg/pose6_d.hpp
-- Up-to-date: /home/hopcopter/ws_lidar_imu_init/install/lidar_imu_init/include/lidar_imu_init/lidar_imu_init/msg/states.hpp
-- Up-to-date: /home/hopcopter/ws_lidar_imu_init/install/lidar_imu_init/include/lidar_imu_init/lidar_imu_init/msg/rosidl_generator_cpp__visibility_control.hpp
-- Up-to-date: /home/hopcopter/ws_lidar_imu_init/install/lidar_imu_init/include/lidar_imu_init/lidar_imu_init
-- Up-to-date: /home/hopcopter/ws_lidar_imu_init/install/lidar_imu_init/include/lidar_imu_init/lidar_imu_init/msg
-- Up-to-date: /home/hopcopter/ws_lidar_imu_init/install/lidar_imu_init/include/lidar_imu_init/lidar_imu_init/msg/rosidl_typesupport_fastrtps_cpp__visibility_control.h
-- Up-to-date: /home/hopcopter/ws_lidar_imu_init/install/lidar_imu_init/include/lidar_imu_init/lidar_imu_init/msg/detail
-- Up-to-date: /home/hopcopter/ws_lidar_imu_init/install/lidar_imu_init/include/lidar_imu_init/lidar_imu_init/msg/detail/dds_fastrtps
-- Up-to-date: /home/hopcopter/ws_lidar_imu_init/install/lidar_imu_init/include/lidar_imu_init/lidar_imu_init/msg/detail/pose6_d__rosidl_typesupport_fastrtps_cpp.hpp
-- Up-to-date: /home/hopcopter/ws_lidar_imu_init/install/lidar_imu_init/include/lidar_imu_init/lidar_imu_init/msg/detail/states__rosidl_typesupport_fastrtps_cpp.hpp
-- Installing: /home/hopcopter/ws_lidar_imu_init/install/lidar_imu_init/lib/liblidar_imu_init__rosidl_typesupport_fastrtps_cpp.so
-- Set runtime path of "/home/hopcopter/ws_lidar_imu_init/install/lidar_imu_init/lib/liblidar_imu_init__rosidl_typesupport_fastrtps_cpp.so" to ""
-- Up-to-date: /home/hopcopter/ws_lidar_imu_init/install/lidar_imu_init/include/lidar_imu_init/lidar_imu_init
-- Up-to-date: /home/hopcopter/ws_lidar_imu_init/install/lidar_imu_init/include/lidar_imu_init/lidar_imu_init/msg
-- Up-to-date: /home/hopcopter/ws_lidar_imu_init/install/lidar_imu_init/include/lidar_imu_init/lidar_imu_init/msg/detail
-- Up-to-date: /home/hopcopter/ws_lidar_imu_init/install/lidar_imu_init/include/lidar_imu_init/lidar_imu_init/msg/detail/pose6_d__type_support.c
-- Up-to-date: /home/hopcopter/ws_lidar_imu_init/install/lidar_imu_init/include/lidar_imu_init/lidar_imu_init/msg/detail/states__type_support.c
-- Up-to-date: /home/hopcopter/ws_lidar_imu_init/install/lidar_imu_init/include/lidar_imu_init/lidar_imu_init/msg/detail/pose6_d__rosidl_typesupport_introspection_c.h
-- Up-to-date: /home/hopcopter/ws_lidar_imu_init/install/lidar_imu_init/include/lidar_imu_init/lidar_imu_init/msg/detail/states__rosidl_typesupport_introspection_c.h
-- Up-to-date: /home/hopcopter/ws_lidar_imu_init/install/lidar_imu_init/include/lidar_imu_init/lidar_imu_init/msg/rosidl_typesupport_introspection_c__visibility_control.h
-- Installing: /home/hopcopter/ws_lidar_imu_init/install/lidar_imu_init/lib/liblidar_imu_init__rosidl_typesupport_introspection_c.so
-- Set runtime path of "/home/hopcopter/ws_lidar_imu_init/install/lidar_imu_init/lib/liblidar_imu_init__rosidl_typesupport_introspection_c.so" to ""
-- Installing: /home/hopcopter/ws_lidar_imu_init/install/lidar_imu_init/lib/liblidar_imu_init__rosidl_typesupport_c.so
-- Set runtime path of "/home/hopcopter/ws_lidar_imu_init/install/lidar_imu_init/lib/liblidar_imu_init__rosidl_typesupport_c.so" to ""
-- Up-to-date: /home/hopcopter/ws_lidar_imu_init/install/lidar_imu_init/include/lidar_imu_init/lidar_imu_init
-- Up-to-date: /home/hopcopter/ws_lidar_imu_init/install/lidar_imu_init/include/lidar_imu_init/lidar_imu_init/msg
-- Up-to-date: /home/hopcopter/ws_lidar_imu_init/install/lidar_imu_init/include/lidar_imu_init/lidar_imu_init/msg/detail
-- Up-to-date: /home/hopcopter/ws_lidar_imu_init/install/lidar_imu_init/include/lidar_imu_init/lidar_imu_init/msg/detail/states__type_support.cpp
-- Up-to-date: /home/hopcopter/ws_lidar_imu_init/install/lidar_imu_init/include/lidar_imu_init/lidar_imu_init/msg/detail/pose6_d__rosidl_typesupport_introspection_cpp.hpp
-- Up-to-date: /home/hopcopter/ws_lidar_imu_init/install/lidar_imu_init/include/lidar_imu_init/lidar_imu_init/msg/detail/states__rosidl_typesupport_introspection_cpp.hpp
-- Up-to-date: /home/hopcopter/ws_lidar_imu_init/install/lidar_imu_init/include/lidar_imu_init/lidar_imu_init/msg/detail/pose6_d__type_support.cpp
-- Installing: /home/hopcopter/ws_lidar_imu_init/install/lidar_imu_init/lib/liblidar_imu_init__rosidl_typesupport_introspection_cpp.so
-- Set runtime path of "/home/hopcopter/ws_lidar_imu_init/install/lidar_imu_init/lib/liblidar_imu_init__rosidl_typesupport_introspection_cpp.so" to ""
-- Installing: /home/hopcopter/ws_lidar_imu_init/install/lidar_imu_init/lib/liblidar_imu_init__rosidl_typesupport_cpp.so
-- Set runtime path of "/home/hopcopter/ws_lidar_imu_init/install/lidar_imu_init/lib/liblidar_imu_init__rosidl_typesupport_cpp.so" to ""
-- Up-to-date: /home/hopcopter/ws_lidar_imu_init/install/lidar_imu_init/share/lidar_imu_init/environment/pythonpath.sh
-- Installing: /home/hopcopter/ws_lidar_imu_init/install/lidar_imu_init/share/lidar_imu_init/environment/pythonpath.dsv
-- Up-to-date: /home/hopcopter/ws_lidar_imu_init/install/lidar_imu_init/local/lib/python3.10/dist-packages/lidar_imu_init-0.0.0-py3.10.egg-info
-- Installing: /home/hopcopter/ws_lidar_imu_init/install/lidar_imu_init/local/lib/python3.10/dist-packages/lidar_imu_init-0.0.0-py3.10.egg-info/dependency_links.txt
-- Installing: /home/hopcopter/ws_lidar_imu_init/install/lidar_imu_init/local/lib/python3.10/dist-packages/lidar_imu_init-0.0.0-py3.10.egg-info/SOURCES.txt
-- Installing: /home/hopcopter/ws_lidar_imu_init/install/lidar_imu_init/local/lib/python3.10/dist-packages/lidar_imu_init-0.0.0-py3.10.egg-info/PKG-INFO
-- Installing: /home/hopcopter/ws_lidar_imu_init/install/lidar_imu_init/local/lib/python3.10/dist-packages/lidar_imu_init-0.0.0-py3.10.egg-info/top_level.txt
-- Up-to-date: /home/hopcopter/ws_lidar_imu_init/install/lidar_imu_init/local/lib/python3.10/dist-packages/lidar_imu_init
-- Installing: /home/hopcopter/ws_lidar_imu_init/install/lidar_imu_init/local/lib/python3.10/dist-packages/lidar_imu_init/lidar_imu_init_s__rosidl_typesupport_introspection_c.cpython-310-x86_64-linux-gnu.so
-- Installing: /home/hopcopter/ws_lidar_imu_init/install/lidar_imu_init/local/lib/python3.10/dist-packages/lidar_imu_init/lidar_imu_init_s__rosidl_typesupport_fastrtps_c.cpython-310-x86_64-linux-gnu.so
-- Installing: /home/hopcopter/ws_lidar_imu_init/install/lidar_imu_init/local/lib/python3.10/dist-packages/lidar_imu_init/__init__.py
-- Up-to-date: /home/hopcopter/ws_lidar_imu_init/install/lidar_imu_init/local/lib/python3.10/dist-packages/lidar_imu_init/msg
-- Up-to-date: /home/hopcopter/ws_lidar_imu_init/install/lidar_imu_init/local/lib/python3.10/dist-packages/lidar_imu_init/msg/_pose6_d_s.c
-- Up-to-date: /home/hopcopter/ws_lidar_imu_init/install/lidar_imu_init/local/lib/python3.10/dist-packages/lidar_imu_init/msg/__init__.py
-- Up-to-date: /home/hopcopter/ws_lidar_imu_init/install/lidar_imu_init/local/lib/python3.10/dist-packages/lidar_imu_init/msg/_states_s.c
-- Up-to-date: /home/hopcopter/ws_lidar_imu_init/install/lidar_imu_init/local/lib/python3.10/dist-packages/lidar_imu_init/msg/_pose6_d.py
-- Up-to-date: /home/hopcopter/ws_lidar_imu_init/install/lidar_imu_init/local/lib/python3.10/dist-packages/lidar_imu_init/msg/_states.py
-- Up-to-date: /home/hopcopter/ws_lidar_imu_init/install/lidar_imu_init/local/lib/python3.10/dist-packages/lidar_imu_init/_lidar_imu_init_s.ep.rosidl_typesupport_fastrtps_c.c
-- Installing: /home/hopcopter/ws_lidar_imu_init/install/lidar_imu_init/local/lib/python3.10/dist-packages/lidar_imu_init/liblidar_imu_init__rosidl_generator_py.so
-- Up-to-date: /home/hopcopter/ws_lidar_imu_init/install/lidar_imu_init/local/lib/python3.10/dist-packages/lidar_imu_init/_lidar_imu_init_s.ep.rosidl_typesupport_introspection_c.c
-- Up-to-date: /home/hopcopter/ws_lidar_imu_init/install/lidar_imu_init/local/lib/python3.10/dist-packages/lidar_imu_init/_lidar_imu_init_s.ep.rosidl_typesupport_c.c
-- Installing: /home/hopcopter/ws_lidar_imu_init/install/lidar_imu_init/local/lib/python3.10/dist-packages/lidar_imu_init/lidar_imu_init_s__rosidl_typesupport_c.cpython-310-x86_64-linux-gnu.so
Listing '/home/hopcopter/ws_lidar_imu_init/install/lidar_imu_init/local/lib/python3.10/dist-packages/lidar_imu_init'...
Compiling '/home/hopcopter/ws_lidar_imu_init/install/lidar_imu_init/local/lib/python3.10/dist-packages/lidar_imu_init/__init__.py'...
Listing '/home/hopcopter/ws_lidar_imu_init/install/lidar_imu_init/local/lib/python3.10/dist-packages/lidar_imu_init/msg'...
-- Installing: /home/hopcopter/ws_lidar_imu_init/install/lidar_imu_init/local/lib/python3.10/dist-packages/lidar_imu_init/lidar_imu_init_s__rosidl_typesupport_fastrtps_c.cpython-310-x86_64-linux-gnu.so
-- Set runtime path of "/home/hopcopter/ws_lidar_imu_init/install/lidar_imu_init/local/lib/python3.10/dist-packages/lidar_imu_init/lidar_imu_init_s__rosidl_typesupport_fastrtps_c.cpython-310-x86_64-linux-gnu.so" to ""
-- Installing: /home/hopcopter/ws_lidar_imu_init/install/lidar_imu_init/local/lib/python3.10/dist-packages/lidar_imu_init/lidar_imu_init_s__rosidl_typesupport_introspection_c.cpython-310-x86_64-linux-gnu.so
-- Set runtime path of "/home/hopcopter/ws_lidar_imu_init/install/lidar_imu_init/local/lib/python3.10/dist-packages/lidar_imu_init/lidar_imu_init_s__rosidl_typesupport_introspection_c.cpython-310-x86_64-linux-gnu.so" to ""
-- Installing: /home/hopcopter/ws_lidar_imu_init/install/lidar_imu_init/local/lib/python3.10/dist-packages/lidar_imu_init/lidar_imu_init_s__rosidl_typesupport_c.cpython-310-x86_64-linux-gnu.so
-- Set runtime path of "/home/hopcopter/ws_lidar_imu_init/install/lidar_imu_init/local/lib/python3.10/dist-packages/lidar_imu_init/lidar_imu_init_s__rosidl_typesupport_c.cpython-310-x86_64-linux-gnu.so" to ""
-- Installing: /home/hopcopter/ws_lidar_imu_init/install/lidar_imu_init/lib/liblidar_imu_init__rosidl_generator_py.so
-- Set runtime path of "/home/hopcopter/ws_lidar_imu_init/install/lidar_imu_init/lib/liblidar_imu_init__rosidl_generator_py.so" to ""
-- Up-to-date: /home/hopcopter/ws_lidar_imu_init/install/lidar_imu_init/share/lidar_imu_init/msg/Pose6D.idl
-- Up-to-date: /home/hopcopter/ws_lidar_imu_init/install/lidar_imu_init/share/lidar_imu_init/msg/States.idl
-- Up-to-date: /home/hopcopter/ws_lidar_imu_init/install/lidar_imu_init/share/lidar_imu_init/msg/Pose6D.msg
-- Up-to-date: /home/hopcopter/ws_lidar_imu_init/install/lidar_imu_init/share/lidar_imu_init/msg/States.msg
-- Installing: /home/hopcopter/ws_lidar_imu_init/install/lidar_imu_init/lib/lidar_imu_init/li_init
-- Set runtime path of "/home/hopcopter/ws_lidar_imu_init/install/lidar_imu_init/lib/lidar_imu_init/li_init" to ""
-- Up-to-date: /home/hopcopter/ws_lidar_imu_init/install/lidar_imu_init/share/lidar_imu_init/config
-- Up-to-date: /home/hopcopter/ws_lidar_imu_init/install/lidar_imu_init/share/lidar_imu_init/config/avia.yaml
-- Up-to-date: /home/hopcopter/ws_lidar_imu_init/install/lidar_imu_init/share/lidar_imu_init/config/ouster.yaml
-- Up-to-date: /home/hopcopter/ws_lidar_imu_init/install/lidar_imu_init/share/lidar_imu_init/config/mid360.yaml
-- Up-to-date: /home/hopcopter/ws_lidar_imu_init/install/lidar_imu_init/share/lidar_imu_init/config/velodyne.yaml
-- Up-to-date: /home/hopcopter/ws_lidar_imu_init/install/lidar_imu_init/share/lidar_imu_init/config/ouster32.yaml
-- Up-to-date: /home/hopcopter/ws_lidar_imu_init/install/lidar_imu_init/share/lidar_imu_init/config/ouster64.yaml
-- Up-to-date: /home/hopcopter/ws_lidar_imu_init/install/lidar_imu_init/share/lidar_imu_init/config/horizon.yaml
-- Up-to-date: /home/hopcopter/ws_lidar_imu_init/install/lidar_imu_init/share/lidar_imu_init/config/robosense.yaml
-- Up-to-date: /home/hopcopter/ws_lidar_imu_init/install/lidar_imu_init/share/lidar_imu_init/config/pandar.yaml
-- Up-to-date: /home/hopcopter/ws_lidar_imu_init/install/lidar_imu_init/share/lidar_imu_init/launch
-- Up-to-date: /home/hopcopter/ws_lidar_imu_init/install/lidar_imu_init/share/lidar_imu_init/launch/mapping.launch.py
-- Up-to-date: /home/hopcopter/ws_lidar_imu_init/install/lidar_imu_init/share/lidar_imu_init/launch/gdb_debug_example.launch
-- Up-to-date: /home/hopcopter/ws_lidar_imu_init/install/lidar_imu_init/share/lidar_imu_init/rviz
-- Up-to-date: /home/hopcopter/ws_lidar_imu_init/install/lidar_imu_init/share/lidar_imu_init/rviz/li_init.rviz
-- Installing: /home/hopcopter/ws_lidar_imu_init/install/lidar_imu_init/share/ament_index/resource_index/package_run_dependencies/lidar_imu_init
-- Installing: /home/hopcopter/ws_lidar_imu_init/install/lidar_imu_init/share/ament_index/resource_index/parent_prefix_path/lidar_imu_init
-- Up-to-date: /home/hopcopter/ws_lidar_imu_init/install/lidar_imu_init/share/lidar_imu_init/environment/ament_prefix_path.sh
-- Installing: /home/hopcopter/ws_lidar_imu_init/install/lidar_imu_init/share/lidar_imu_init/environment/ament_prefix_path.dsv
-- Up-to-date: /home/hopcopter/ws_lidar_imu_init/install/lidar_imu_init/share/lidar_imu_init/environment/path.sh
-- Installing: /home/hopcopter/ws_lidar_imu_init/install/lidar_imu_init/share/lidar_imu_init/environment/path.dsv
-- Up-to-date: /home/hopcopter/ws_lidar_imu_init/install/lidar_imu_init/share/lidar_imu_init/local_setup.bash
-- Up-to-date: /home/hopcopter/ws_lidar_imu_init/install/lidar_imu_init/share/lidar_imu_init/local_setup.sh
-- Up-to-date: /home/hopcopter/ws_lidar_imu_init/install/lidar_imu_init/share/lidar_imu_init/local_setup.zsh
-- Installing: /home/hopcopter/ws_lidar_imu_init/install/lidar_imu_init/share/lidar_imu_init/local_setup.dsv
-- Installing: /home/hopcopter/ws_lidar_imu_init/install/lidar_imu_init/share/lidar_imu_init/package.dsv
-- Up-to-date: /home/hopcopter/ws_lidar_imu_init/install/lidar_imu_init/share/ament_index/resource_index/packages/lidar_imu_init
-- Up-to-date: /home/hopcopter/ws_lidar_imu_init/install/lidar_imu_init/share/lidar_imu_init/cmake/export_lidar_imu_init__rosidl_generator_cExport.cmake
-- Up-to-date: /home/hopcopter/ws_lidar_imu_init/install/lidar_imu_init/share/lidar_imu_init/cmake/export_lidar_imu_init__rosidl_generator_cExport-release.cmake
-- Up-to-date: /home/hopcopter/ws_lidar_imu_init/install/lidar_imu_init/share/lidar_imu_init/cmake/export_lidar_imu_init__rosidl_typesupport_fastrtps_cExport.cmake
-- Up-to-date: /home/hopcopter/ws_lidar_imu_init/install/lidar_imu_init/share/lidar_imu_init/cmake/export_lidar_imu_init__rosidl_typesupport_fastrtps_cExport-release.cmake
-- Up-to-date: /home/hopcopter/ws_lidar_imu_init/install/lidar_imu_init/share/lidar_imu_init/cmake/export_lidar_imu_init__rosidl_generator_cppExport.cmake
-- Up-to-date: /home/hopcopter/ws_lidar_imu_init/install/lidar_imu_init/share/lidar_imu_init/cmake/export_lidar_imu_init__rosidl_typesupport_fastrtps_cppExport.cmake
-- Up-to-date: /home/hopcopter/ws_lidar_imu_init/install/lidar_imu_init/share/lidar_imu_init/cmake/export_lidar_imu_init__rosidl_typesupport_fastrtps_cppExport-release.cmake
-- Up-to-date: /home/hopcopter/ws_lidar_imu_init/install/lidar_imu_init/share/lidar_imu_init/cmake/lidar_imu_init__rosidl_typesupport_introspection_cExport.cmake
-- Up-to-date: /home/hopcopter/ws_lidar_imu_init/install/lidar_imu_init/share/lidar_imu_init/cmake/lidar_imu_init__rosidl_typesupport_introspection_cExport-release.cmake
-- Up-to-date: /home/hopcopter/ws_lidar_imu_init/install/lidar_imu_init/share/lidar_imu_init/cmake/lidar_imu_init__rosidl_typesupport_cExport.cmake
-- Up-to-date: /home/hopcopter/ws_lidar_imu_init/install/lidar_imu_init/share/lidar_imu_init/cmake/lidar_imu_init__rosidl_typesupport_cExport-release.cmake
-- Up-to-date: /home/hopcopter/ws_lidar_imu_init/install/lidar_imu_init/share/lidar_imu_init/cmake/lidar_imu_init__rosidl_typesupport_introspection_cppExport.cmake
-- Up-to-date: /home/hopcopter/ws_lidar_imu_init/install/lidar_imu_init/share/lidar_imu_init/cmake/lidar_imu_init__rosidl_typesupport_introspection_cppExport-release.cmake
-- Up-to-date: /home/hopcopter/ws_lidar_imu_init/install/lidar_imu_init/share/lidar_imu_init/cmake/lidar_imu_init__rosidl_typesupport_cppExport.cmake
-- Up-to-date: /home/hopcopter/ws_lidar_imu_init/install/lidar_imu_init/share/lidar_imu_init/cmake/lidar_imu_init__rosidl_typesupport_cppExport-release.cmake
-- Up-to-date: /home/hopcopter/ws_lidar_imu_init/install/lidar_imu_init/share/lidar_imu_init/cmake/export_lidar_imu_init__rosidl_generator_pyExport.cmake
-- Up-to-date: /home/hopcopter/ws_lidar_imu_init/install/lidar_imu_init/share/lidar_imu_init/cmake/export_lidar_imu_init__rosidl_generator_pyExport-release.cmake
-- Up-to-date: /home/hopcopter/ws_lidar_imu_init/install/lidar_imu_init/share/lidar_imu_init/cmake/rosidl_cmake-extras.cmake
-- Up-to-date: /home/hopcopter/ws_lidar_imu_init/install/lidar_imu_init/share/lidar_imu_init/cmake/ament_cmake_export_dependencies-extras.cmake
-- Up-to-date: /home/hopcopter/ws_lidar_imu_init/install/lidar_imu_init/share/lidar_imu_init/cmake/ament_cmake_export_include_directories-extras.cmake
-- Up-to-date: /home/hopcopter/ws_lidar_imu_init/install/lidar_imu_init/share/lidar_imu_init/cmake/ament_cmake_export_libraries-extras.cmake
-- Up-to-date: /home/hopcopter/ws_lidar_imu_init/install/lidar_imu_init/share/lidar_imu_init/cmake/ament_cmake_export_targets-extras.cmake
-- Up-to-date: /home/hopcopter/ws_lidar_imu_init/install/lidar_imu_init/share/lidar_imu_init/cmake/rosidl_cmake_export_typesupport_targets-extras.cmake
-- Up-to-date: /home/hopcopter/ws_lidar_imu_init/install/lidar_imu_init/share/lidar_imu_init/cmake/rosidl_cmake_export_typesupport_libraries-extras.cmake
-- Up-to-date: /home/hopcopter/ws_lidar_imu_init/install/lidar_imu_init/share/lidar_imu_init/cmake/lidar_imu_initConfig.cmake
-- Up-to-date: /home/hopcopter/ws_lidar_imu_init/install/lidar_imu_init/share/lidar_imu_init/cmake/lidar_imu_initConfig-version.cmake
-- Installing: /home/hopcopter/ws_lidar_imu_init/install/lidar_imu_init/share/lidar_imu_init/package.xml
