[0.012s] Invoking command in '/home/hopcopter/ws_lidar_imu_init/build/lidar_imu_init': CMAKE_PREFIX_PATH=${CMAKE_PREFIX_PATH}:/home/hopcopter/rislab-hopcopter/ros2_ws/install/test_tutorial_interfaces:/home/hopcopter/rislab-hopcopter/ros2_ws/install/hopping_robot:/home/hopcopter/rislab-hopcopter/ros2_ws/install/tf_transform_broadcast:/home/hopcopter/rislab-hopcopter/ros2_ws/install/pc2tocustom:/home/hopcopter/rislab-hopcopter/ros2_ws/install/crazyflie_py:/opt/ros/humble /usr/bin/cmake --build /home/hopcopter/ws_lidar_imu_init/build/lidar_imu_init -- -j8 -l8
[0.083s] [  2%] Built target lidar_imu_init__cpp
[0.094s] [35m[1mConsolidate compiler generated dependencies of target lidar_imu_init__rosidl_generator_c[0m
[0.095s] [  2%] Built target ament_cmake_python_copy_lidar_imu_init
[0.102s] [35m[1mConsolidate compiler generated dependencies of target lidar_imu_init__rosidl_typesupport_introspection_cpp[0m
[0.102s] [35m[1mConsolidate compiler generated dependencies of target lidar_imu_init__rosidl_typesupport_fastrtps_cpp[0m
[0.103s] [35m[1mConsolidate compiler generated dependencies of target lidar_imu_init__rosidl_typesupport_cpp[0m
[0.115s] [ 11%] Built target lidar_imu_init__rosidl_generator_c
[0.122s] [ 20%] Built target lidar_imu_init__rosidl_typesupport_introspection_cpp
[0.126s] [ 28%] Built target lidar_imu_init__rosidl_typesupport_fastrtps_cpp
[0.133s] [ 37%] Built target lidar_imu_init__rosidl_typesupport_cpp
[0.136s] [35m[1mConsolidate compiler generated dependencies of target lidar_imu_init__rosidl_typesupport_c[0m
[0.136s] [35m[1mConsolidate compiler generated dependencies of target lidar_imu_init__rosidl_typesupport_introspection_c[0m
[0.136s] [35m[1mConsolidate compiler generated dependencies of target lidar_imu_init__rosidl_typesupport_fastrtps_c[0m
[0.149s] [ 46%] Built target lidar_imu_init__rosidl_typesupport_c
[0.149s] [ 55%] Built target lidar_imu_init__rosidl_typesupport_introspection_c
[0.153s] [ 64%] Built target lidar_imu_init__rosidl_typesupport_fastrtps_c
[0.168s] [35m[1mConsolidate compiler generated dependencies of target li_init[0m
[0.174s] [ 64%] Built target lidar_imu_init
[0.196s] [ 66%] Built target lidar_imu_init__py
[0.209s] [35m[1mConsolidate compiler generated dependencies of target lidar_imu_init__rosidl_generator_py[0m
[0.223s] [ 73%] [32mBuilding CXX object CMakeFiles/li_init.dir/src/laserMapping.cpp.o[0m
[0.223s] [ 75%] Built target lidar_imu_init__rosidl_generator_py
[0.238s] [35m[1mConsolidate compiler generated dependencies of target lidar_imu_init__rosidl_typesupport_introspection_c__pyext[0m
[0.238s] [35m[1mConsolidate compiler generated dependencies of target lidar_imu_init__rosidl_typesupport_c__pyext[0m
[0.238s] [35m[1mConsolidate compiler generated dependencies of target lidar_imu_init__rosidl_typesupport_fastrtps_c__pyext[0m
[0.254s] [ 80%] Built target lidar_imu_init__rosidl_typesupport_c__pyext
[0.256s] [ 84%] Built target lidar_imu_init__rosidl_typesupport_fastrtps_c__pyext
[0.257s] [ 88%] Built target lidar_imu_init__rosidl_typesupport_introspection_c__pyext
[0.417s] running egg_info
[0.418s] writing lidar_imu_init.egg-info/PKG-INFO
[0.418s] writing dependency_links to lidar_imu_init.egg-info/dependency_links.txt
[0.418s] writing top-level names to lidar_imu_init.egg-info/top_level.txt
[0.421s] reading manifest file 'lidar_imu_init.egg-info/SOURCES.txt'
[0.422s] writing manifest file 'lidar_imu_init.egg-info/SOURCES.txt'
[0.457s] [ 88%] Built target ament_cmake_python_build_lidar_imu_init_egg
[54.894s] [ 91%] [32m[1mLinking CXX executable li_init[0m
[56.678s] [100%] Built target li_init
[56.690s] Invoked command in '/home/hopcopter/ws_lidar_imu_init/build/lidar_imu_init' returned '0': CMAKE_PREFIX_PATH=${CMAKE_PREFIX_PATH}:/home/hopcopter/rislab-hopcopter/ros2_ws/install/test_tutorial_interfaces:/home/hopcopter/rislab-hopcopter/ros2_ws/install/hopping_robot:/home/hopcopter/rislab-hopcopter/ros2_ws/install/tf_transform_broadcast:/home/hopcopter/rislab-hopcopter/ros2_ws/install/pc2tocustom:/home/hopcopter/rislab-hopcopter/ros2_ws/install/crazyflie_py:/opt/ros/humble /usr/bin/cmake --build /home/hopcopter/ws_lidar_imu_init/build/lidar_imu_init -- -j8 -l8
[56.699s] Invoking command in '/home/hopcopter/ws_lidar_imu_init/build/lidar_imu_init': CMAKE_PREFIX_PATH=${CMAKE_PREFIX_PATH}:/home/hopcopter/rislab-hopcopter/ros2_ws/install/test_tutorial_interfaces:/home/hopcopter/rislab-hopcopter/ros2_ws/install/hopping_robot:/home/hopcopter/rislab-hopcopter/ros2_ws/install/tf_transform_broadcast:/home/hopcopter/rislab-hopcopter/ros2_ws/install/pc2tocustom:/home/hopcopter/rislab-hopcopter/ros2_ws/install/crazyflie_py:/opt/ros/humble /usr/bin/cmake --install /home/hopcopter/ws_lidar_imu_init/build/lidar_imu_init
[56.707s] -- Install configuration: "Release"
[56.708s] -- Up-to-date: /home/hopcopter/ws_lidar_imu_init/install/lidar_imu_init/share/ament_index/resource_index/rosidl_interfaces/lidar_imu_init
[56.708s] -- Up-to-date: /home/hopcopter/ws_lidar_imu_init/install/lidar_imu_init/include/lidar_imu_init/lidar_imu_init
[56.708s] -- Up-to-date: /home/hopcopter/ws_lidar_imu_init/install/lidar_imu_init/include/lidar_imu_init/lidar_imu_init/msg
[56.708s] -- Up-to-date: /home/hopcopter/ws_lidar_imu_init/install/lidar_imu_init/include/lidar_imu_init/lidar_imu_init/msg/detail
[56.708s] -- Up-to-date: /home/hopcopter/ws_lidar_imu_init/install/lidar_imu_init/include/lidar_imu_init/lidar_imu_init/msg/detail/states__struct.h
[56.708s] -- Up-to-date: /home/hopcopter/ws_lidar_imu_init/install/lidar_imu_init/include/lidar_imu_init/lidar_imu_init/msg/detail/pose6_d__type_support.h
[56.708s] -- Up-to-date: /home/hopcopter/ws_lidar_imu_init/install/lidar_imu_init/include/lidar_imu_init/lidar_imu_init/msg/detail/pose6_d__functions.c
[56.708s] -- Up-to-date: /home/hopcopter/ws_lidar_imu_init/install/lidar_imu_init/include/lidar_imu_init/lidar_imu_init/msg/detail/states__type_support.h
[56.708s] -- Up-to-date: /home/hopcopter/ws_lidar_imu_init/install/lidar_imu_init/include/lidar_imu_init/lidar_imu_init/msg/detail/pose6_d__struct.h
[56.708s] -- Up-to-date: /home/hopcopter/ws_lidar_imu_init/install/lidar_imu_init/include/lidar_imu_init/lidar_imu_init/msg/detail/states__functions.c
[56.708s] -- Up-to-date: /home/hopcopter/ws_lidar_imu_init/install/lidar_imu_init/include/lidar_imu_init/lidar_imu_init/msg/detail/pose6_d__functions.h
[56.708s] -- Up-to-date: /home/hopcopter/ws_lidar_imu_init/install/lidar_imu_init/include/lidar_imu_init/lidar_imu_init/msg/detail/states__functions.h
[56.709s] -- Up-to-date: /home/hopcopter/ws_lidar_imu_init/install/lidar_imu_init/include/lidar_imu_init/lidar_imu_init/msg/pose6_d.h
[56.709s] -- Up-to-date: /home/hopcopter/ws_lidar_imu_init/install/lidar_imu_init/include/lidar_imu_init/lidar_imu_init/msg/states.h
[56.709s] -- Up-to-date: /home/hopcopter/ws_lidar_imu_init/install/lidar_imu_init/include/lidar_imu_init/lidar_imu_init/msg/rosidl_generator_c__visibility_control.h
[56.709s] -- Up-to-date: /home/hopcopter/ws_lidar_imu_init/install/lidar_imu_init/share/lidar_imu_init/environment/library_path.sh
[56.709s] -- Installing: /home/hopcopter/ws_lidar_imu_init/install/lidar_imu_init/share/lidar_imu_init/environment/library_path.dsv
[56.709s] -- Installing: /home/hopcopter/ws_lidar_imu_init/install/lidar_imu_init/lib/liblidar_imu_init__rosidl_generator_c.so
[56.709s] -- Set runtime path of "/home/hopcopter/ws_lidar_imu_init/install/lidar_imu_init/lib/liblidar_imu_init__rosidl_generator_c.so" to ""
[56.709s] -- Up-to-date: /home/hopcopter/ws_lidar_imu_init/install/lidar_imu_init/include/lidar_imu_init/lidar_imu_init
[56.709s] -- Up-to-date: /home/hopcopter/ws_lidar_imu_init/install/lidar_imu_init/include/lidar_imu_init/lidar_imu_init/msg
[56.709s] -- Up-to-date: /home/hopcopter/ws_lidar_imu_init/install/lidar_imu_init/include/lidar_imu_init/lidar_imu_init/msg/detail
[56.709s] -- Up-to-date: /home/hopcopter/ws_lidar_imu_init/install/lidar_imu_init/include/lidar_imu_init/lidar_imu_init/msg/detail/states__rosidl_typesupport_fastrtps_c.h
[56.709s] -- Up-to-date: /home/hopcopter/ws_lidar_imu_init/install/lidar_imu_init/include/lidar_imu_init/lidar_imu_init/msg/detail/pose6_d__rosidl_typesupport_fastrtps_c.h
[56.710s] -- Up-to-date: /home/hopcopter/ws_lidar_imu_init/install/lidar_imu_init/include/lidar_imu_init/lidar_imu_init/msg/rosidl_typesupport_fastrtps_c__visibility_control.h
[56.710s] -- Installing: /home/hopcopter/ws_lidar_imu_init/install/lidar_imu_init/lib/liblidar_imu_init__rosidl_typesupport_fastrtps_c.so
[56.710s] -- Set runtime path of "/home/hopcopter/ws_lidar_imu_init/install/lidar_imu_init/lib/liblidar_imu_init__rosidl_typesupport_fastrtps_c.so" to ""
[56.710s] -- Up-to-date: /home/hopcopter/ws_lidar_imu_init/install/lidar_imu_init/include/lidar_imu_init/lidar_imu_init
[56.711s] -- Up-to-date: /home/hopcopter/ws_lidar_imu_init/install/lidar_imu_init/include/lidar_imu_init/lidar_imu_init/msg
[56.711s] -- Up-to-date: /home/hopcopter/ws_lidar_imu_init/install/lidar_imu_init/include/lidar_imu_init/lidar_imu_init/msg/detail
[56.711s] -- Up-to-date: /home/hopcopter/ws_lidar_imu_init/install/lidar_imu_init/include/lidar_imu_init/lidar_imu_init/msg/detail/states__type_support.hpp
[56.711s] -- Up-to-date: /home/hopcopter/ws_lidar_imu_init/install/lidar_imu_init/include/lidar_imu_init/lidar_imu_init/msg/detail/pose6_d__builder.hpp
[56.711s] -- Up-to-date: /home/hopcopter/ws_lidar_imu_init/install/lidar_imu_init/include/lidar_imu_init/lidar_imu_init/msg/detail/states__traits.hpp
[56.711s] -- Up-to-date: /home/hopcopter/ws_lidar_imu_init/install/lidar_imu_init/include/lidar_imu_init/lidar_imu_init/msg/detail/states__struct.hpp
[56.711s] -- Up-to-date: /home/hopcopter/ws_lidar_imu_init/install/lidar_imu_init/include/lidar_imu_init/lidar_imu_init/msg/detail/states__builder.hpp
[56.711s] -- Up-to-date: /home/hopcopter/ws_lidar_imu_init/install/lidar_imu_init/include/lidar_imu_init/lidar_imu_init/msg/detail/pose6_d__struct.hpp
[56.711s] -- Up-to-date: /home/hopcopter/ws_lidar_imu_init/install/lidar_imu_init/include/lidar_imu_init/lidar_imu_init/msg/detail/pose6_d__traits.hpp
[56.711s] -- Up-to-date: /home/hopcopter/ws_lidar_imu_init/install/lidar_imu_init/include/lidar_imu_init/lidar_imu_init/msg/detail/pose6_d__type_support.hpp
[56.711s] -- Up-to-date: /home/hopcopter/ws_lidar_imu_init/install/lidar_imu_init/include/lidar_imu_init/lidar_imu_init/msg/pose6_d.hpp
[56.711s] -- Up-to-date: /home/hopcopter/ws_lidar_imu_init/install/lidar_imu_init/include/lidar_imu_init/lidar_imu_init/msg/states.hpp
[56.711s] -- Up-to-date: /home/hopcopter/ws_lidar_imu_init/install/lidar_imu_init/include/lidar_imu_init/lidar_imu_init/msg/rosidl_generator_cpp__visibility_control.hpp
[56.711s] -- Up-to-date: /home/hopcopter/ws_lidar_imu_init/install/lidar_imu_init/include/lidar_imu_init/lidar_imu_init
[56.712s] -- Up-to-date: /home/hopcopter/ws_lidar_imu_init/install/lidar_imu_init/include/lidar_imu_init/lidar_imu_init/msg
[56.712s] -- Up-to-date: /home/hopcopter/ws_lidar_imu_init/install/lidar_imu_init/include/lidar_imu_init/lidar_imu_init/msg/rosidl_typesupport_fastrtps_cpp__visibility_control.h
[56.712s] -- Up-to-date: /home/hopcopter/ws_lidar_imu_init/install/lidar_imu_init/include/lidar_imu_init/lidar_imu_init/msg/detail
[56.712s] -- Up-to-date: /home/hopcopter/ws_lidar_imu_init/install/lidar_imu_init/include/lidar_imu_init/lidar_imu_init/msg/detail/dds_fastrtps
[56.712s] -- Up-to-date: /home/hopcopter/ws_lidar_imu_init/install/lidar_imu_init/include/lidar_imu_init/lidar_imu_init/msg/detail/pose6_d__rosidl_typesupport_fastrtps_cpp.hpp
[56.712s] -- Up-to-date: /home/hopcopter/ws_lidar_imu_init/install/lidar_imu_init/include/lidar_imu_init/lidar_imu_init/msg/detail/states__rosidl_typesupport_fastrtps_cpp.hpp
[56.712s] -- Installing: /home/hopcopter/ws_lidar_imu_init/install/lidar_imu_init/lib/liblidar_imu_init__rosidl_typesupport_fastrtps_cpp.so
[56.712s] -- Set runtime path of "/home/hopcopter/ws_lidar_imu_init/install/lidar_imu_init/lib/liblidar_imu_init__rosidl_typesupport_fastrtps_cpp.so" to ""
[56.712s] -- Up-to-date: /home/hopcopter/ws_lidar_imu_init/install/lidar_imu_init/include/lidar_imu_init/lidar_imu_init
[56.712s] -- Up-to-date: /home/hopcopter/ws_lidar_imu_init/install/lidar_imu_init/include/lidar_imu_init/lidar_imu_init/msg
[56.712s] -- Up-to-date: /home/hopcopter/ws_lidar_imu_init/install/lidar_imu_init/include/lidar_imu_init/lidar_imu_init/msg/detail
[56.712s] -- Up-to-date: /home/hopcopter/ws_lidar_imu_init/install/lidar_imu_init/include/lidar_imu_init/lidar_imu_init/msg/detail/pose6_d__type_support.c
[56.712s] -- Up-to-date: /home/hopcopter/ws_lidar_imu_init/install/lidar_imu_init/include/lidar_imu_init/lidar_imu_init/msg/detail/states__type_support.c
[56.713s] -- Up-to-date: /home/hopcopter/ws_lidar_imu_init/install/lidar_imu_init/include/lidar_imu_init/lidar_imu_init/msg/detail/pose6_d__rosidl_typesupport_introspection_c.h
[56.713s] -- Up-to-date: /home/hopcopter/ws_lidar_imu_init/install/lidar_imu_init/include/lidar_imu_init/lidar_imu_init/msg/detail/states__rosidl_typesupport_introspection_c.h
[56.713s] -- Up-to-date: /home/hopcopter/ws_lidar_imu_init/install/lidar_imu_init/include/lidar_imu_init/lidar_imu_init/msg/rosidl_typesupport_introspection_c__visibility_control.h
[56.713s] -- Installing: /home/hopcopter/ws_lidar_imu_init/install/lidar_imu_init/lib/liblidar_imu_init__rosidl_typesupport_introspection_c.so
[56.713s] -- Set runtime path of "/home/hopcopter/ws_lidar_imu_init/install/lidar_imu_init/lib/liblidar_imu_init__rosidl_typesupport_introspection_c.so" to ""
[56.714s] -- Installing: /home/hopcopter/ws_lidar_imu_init/install/lidar_imu_init/lib/liblidar_imu_init__rosidl_typesupport_c.so
[56.714s] -- Set runtime path of "/home/hopcopter/ws_lidar_imu_init/install/lidar_imu_init/lib/liblidar_imu_init__rosidl_typesupport_c.so" to ""
[56.714s] -- Up-to-date: /home/hopcopter/ws_lidar_imu_init/install/lidar_imu_init/include/lidar_imu_init/lidar_imu_init
[56.714s] -- Up-to-date: /home/hopcopter/ws_lidar_imu_init/install/lidar_imu_init/include/lidar_imu_init/lidar_imu_init/msg
[56.714s] -- Up-to-date: /home/hopcopter/ws_lidar_imu_init/install/lidar_imu_init/include/lidar_imu_init/lidar_imu_init/msg/detail
[56.714s] -- Up-to-date: /home/hopcopter/ws_lidar_imu_init/install/lidar_imu_init/include/lidar_imu_init/lidar_imu_init/msg/detail/states__type_support.cpp
[56.715s] -- Up-to-date: /home/hopcopter/ws_lidar_imu_init/install/lidar_imu_init/include/lidar_imu_init/lidar_imu_init/msg/detail/pose6_d__rosidl_typesupport_introspection_cpp.hpp
[56.715s] -- Up-to-date: /home/hopcopter/ws_lidar_imu_init/install/lidar_imu_init/include/lidar_imu_init/lidar_imu_init/msg/detail/states__rosidl_typesupport_introspection_cpp.hpp
[56.715s] -- Up-to-date: /home/hopcopter/ws_lidar_imu_init/install/lidar_imu_init/include/lidar_imu_init/lidar_imu_init/msg/detail/pose6_d__type_support.cpp
[56.715s] -- Installing: /home/hopcopter/ws_lidar_imu_init/install/lidar_imu_init/lib/liblidar_imu_init__rosidl_typesupport_introspection_cpp.so
[56.715s] -- Set runtime path of "/home/hopcopter/ws_lidar_imu_init/install/lidar_imu_init/lib/liblidar_imu_init__rosidl_typesupport_introspection_cpp.so" to ""
[56.716s] -- Installing: /home/hopcopter/ws_lidar_imu_init/install/lidar_imu_init/lib/liblidar_imu_init__rosidl_typesupport_cpp.so
[56.716s] -- Set runtime path of "/home/hopcopter/ws_lidar_imu_init/install/lidar_imu_init/lib/liblidar_imu_init__rosidl_typesupport_cpp.so" to ""
[56.716s] -- Up-to-date: /home/hopcopter/ws_lidar_imu_init/install/lidar_imu_init/share/lidar_imu_init/environment/pythonpath.sh
[56.716s] -- Installing: /home/hopcopter/ws_lidar_imu_init/install/lidar_imu_init/share/lidar_imu_init/environment/pythonpath.dsv
[56.716s] -- Up-to-date: /home/hopcopter/ws_lidar_imu_init/install/lidar_imu_init/local/lib/python3.10/dist-packages/lidar_imu_init-0.0.0-py3.10.egg-info
[56.716s] -- Installing: /home/hopcopter/ws_lidar_imu_init/install/lidar_imu_init/local/lib/python3.10/dist-packages/lidar_imu_init-0.0.0-py3.10.egg-info/dependency_links.txt
[56.717s] -- Installing: /home/hopcopter/ws_lidar_imu_init/install/lidar_imu_init/local/lib/python3.10/dist-packages/lidar_imu_init-0.0.0-py3.10.egg-info/SOURCES.txt
[56.717s] -- Installing: /home/hopcopter/ws_lidar_imu_init/install/lidar_imu_init/local/lib/python3.10/dist-packages/lidar_imu_init-0.0.0-py3.10.egg-info/PKG-INFO
[56.717s] -- Installing: /home/hopcopter/ws_lidar_imu_init/install/lidar_imu_init/local/lib/python3.10/dist-packages/lidar_imu_init-0.0.0-py3.10.egg-info/top_level.txt
[56.717s] -- Up-to-date: /home/hopcopter/ws_lidar_imu_init/install/lidar_imu_init/local/lib/python3.10/dist-packages/lidar_imu_init
[56.717s] -- Installing: /home/hopcopter/ws_lidar_imu_init/install/lidar_imu_init/local/lib/python3.10/dist-packages/lidar_imu_init/lidar_imu_init_s__rosidl_typesupport_introspection_c.cpython-310-x86_64-linux-gnu.so
[56.717s] -- Installing: /home/hopcopter/ws_lidar_imu_init/install/lidar_imu_init/local/lib/python3.10/dist-packages/lidar_imu_init/lidar_imu_init_s__rosidl_typesupport_fastrtps_c.cpython-310-x86_64-linux-gnu.so
[56.717s] -- Installing: /home/hopcopter/ws_lidar_imu_init/install/lidar_imu_init/local/lib/python3.10/dist-packages/lidar_imu_init/__init__.py
[56.717s] -- Up-to-date: /home/hopcopter/ws_lidar_imu_init/install/lidar_imu_init/local/lib/python3.10/dist-packages/lidar_imu_init/msg
[56.718s] -- Up-to-date: /home/hopcopter/ws_lidar_imu_init/install/lidar_imu_init/local/lib/python3.10/dist-packages/lidar_imu_init/msg/_pose6_d_s.c
[56.718s] -- Up-to-date: /home/hopcopter/ws_lidar_imu_init/install/lidar_imu_init/local/lib/python3.10/dist-packages/lidar_imu_init/msg/__init__.py
[56.718s] -- Up-to-date: /home/hopcopter/ws_lidar_imu_init/install/lidar_imu_init/local/lib/python3.10/dist-packages/lidar_imu_init/msg/_states_s.c
[56.718s] -- Up-to-date: /home/hopcopter/ws_lidar_imu_init/install/lidar_imu_init/local/lib/python3.10/dist-packages/lidar_imu_init/msg/_pose6_d.py
[56.718s] -- Up-to-date: /home/hopcopter/ws_lidar_imu_init/install/lidar_imu_init/local/lib/python3.10/dist-packages/lidar_imu_init/msg/_states.py
[56.718s] -- Up-to-date: /home/hopcopter/ws_lidar_imu_init/install/lidar_imu_init/local/lib/python3.10/dist-packages/lidar_imu_init/_lidar_imu_init_s.ep.rosidl_typesupport_fastrtps_c.c
[56.718s] -- Installing: /home/hopcopter/ws_lidar_imu_init/install/lidar_imu_init/local/lib/python3.10/dist-packages/lidar_imu_init/liblidar_imu_init__rosidl_generator_py.so
[56.718s] -- Up-to-date: /home/hopcopter/ws_lidar_imu_init/install/lidar_imu_init/local/lib/python3.10/dist-packages/lidar_imu_init/_lidar_imu_init_s.ep.rosidl_typesupport_introspection_c.c
[56.718s] -- Up-to-date: /home/hopcopter/ws_lidar_imu_init/install/lidar_imu_init/local/lib/python3.10/dist-packages/lidar_imu_init/_lidar_imu_init_s.ep.rosidl_typesupport_c.c
[56.718s] -- Installing: /home/hopcopter/ws_lidar_imu_init/install/lidar_imu_init/local/lib/python3.10/dist-packages/lidar_imu_init/lidar_imu_init_s__rosidl_typesupport_c.cpython-310-x86_64-linux-gnu.so
[56.755s] Listing '/home/hopcopter/ws_lidar_imu_init/install/lidar_imu_init/local/lib/python3.10/dist-packages/lidar_imu_init'...
[56.755s] Compiling '/home/hopcopter/ws_lidar_imu_init/install/lidar_imu_init/local/lib/python3.10/dist-packages/lidar_imu_init/__init__.py'...
[56.755s] Listing '/home/hopcopter/ws_lidar_imu_init/install/lidar_imu_init/local/lib/python3.10/dist-packages/lidar_imu_init/msg'...
[56.760s] -- Installing: /home/hopcopter/ws_lidar_imu_init/install/lidar_imu_init/local/lib/python3.10/dist-packages/lidar_imu_init/lidar_imu_init_s__rosidl_typesupport_fastrtps_c.cpython-310-x86_64-linux-gnu.so
[56.760s] -- Set runtime path of "/home/hopcopter/ws_lidar_imu_init/install/lidar_imu_init/local/lib/python3.10/dist-packages/lidar_imu_init/lidar_imu_init_s__rosidl_typesupport_fastrtps_c.cpython-310-x86_64-linux-gnu.so" to ""
[56.760s] -- Installing: /home/hopcopter/ws_lidar_imu_init/install/lidar_imu_init/local/lib/python3.10/dist-packages/lidar_imu_init/lidar_imu_init_s__rosidl_typesupport_introspection_c.cpython-310-x86_64-linux-gnu.so
[56.761s] -- Set runtime path of "/home/hopcopter/ws_lidar_imu_init/install/lidar_imu_init/local/lib/python3.10/dist-packages/lidar_imu_init/lidar_imu_init_s__rosidl_typesupport_introspection_c.cpython-310-x86_64-linux-gnu.so" to ""
[56.761s] -- Installing: /home/hopcopter/ws_lidar_imu_init/install/lidar_imu_init/local/lib/python3.10/dist-packages/lidar_imu_init/lidar_imu_init_s__rosidl_typesupport_c.cpython-310-x86_64-linux-gnu.so
[56.761s] -- Set runtime path of "/home/hopcopter/ws_lidar_imu_init/install/lidar_imu_init/local/lib/python3.10/dist-packages/lidar_imu_init/lidar_imu_init_s__rosidl_typesupport_c.cpython-310-x86_64-linux-gnu.so" to ""
[56.761s] -- Installing: /home/hopcopter/ws_lidar_imu_init/install/lidar_imu_init/lib/liblidar_imu_init__rosidl_generator_py.so
[56.762s] -- Set runtime path of "/home/hopcopter/ws_lidar_imu_init/install/lidar_imu_init/lib/liblidar_imu_init__rosidl_generator_py.so" to ""
[56.762s] -- Up-to-date: /home/hopcopter/ws_lidar_imu_init/install/lidar_imu_init/share/lidar_imu_init/msg/Pose6D.idl
[56.762s] -- Up-to-date: /home/hopcopter/ws_lidar_imu_init/install/lidar_imu_init/share/lidar_imu_init/msg/States.idl
[56.762s] -- Up-to-date: /home/hopcopter/ws_lidar_imu_init/install/lidar_imu_init/share/lidar_imu_init/msg/Pose6D.msg
[56.762s] -- Up-to-date: /home/hopcopter/ws_lidar_imu_init/install/lidar_imu_init/share/lidar_imu_init/msg/States.msg
[56.763s] -- Installing: /home/hopcopter/ws_lidar_imu_init/install/lidar_imu_init/lib/lidar_imu_init/li_init
[56.766s] -- Set runtime path of "/home/hopcopter/ws_lidar_imu_init/install/lidar_imu_init/lib/lidar_imu_init/li_init" to ""
[56.766s] -- Up-to-date: /home/hopcopter/ws_lidar_imu_init/install/lidar_imu_init/share/lidar_imu_init/config
[56.766s] -- Up-to-date: /home/hopcopter/ws_lidar_imu_init/install/lidar_imu_init/share/lidar_imu_init/config/avia.yaml
[56.766s] -- Up-to-date: /home/hopcopter/ws_lidar_imu_init/install/lidar_imu_init/share/lidar_imu_init/config/ouster.yaml
[56.766s] -- Up-to-date: /home/hopcopter/ws_lidar_imu_init/install/lidar_imu_init/share/lidar_imu_init/config/mid360.yaml
[56.766s] -- Up-to-date: /home/hopcopter/ws_lidar_imu_init/install/lidar_imu_init/share/lidar_imu_init/config/velodyne.yaml
[56.766s] -- Up-to-date: /home/hopcopter/ws_lidar_imu_init/install/lidar_imu_init/share/lidar_imu_init/config/ouster32.yaml
[56.766s] -- Up-to-date: /home/hopcopter/ws_lidar_imu_init/install/lidar_imu_init/share/lidar_imu_init/config/ouster64.yaml
[56.766s] -- Up-to-date: /home/hopcopter/ws_lidar_imu_init/install/lidar_imu_init/share/lidar_imu_init/config/horizon.yaml
[56.766s] -- Up-to-date: /home/hopcopter/ws_lidar_imu_init/install/lidar_imu_init/share/lidar_imu_init/config/robosense.yaml
[56.766s] -- Up-to-date: /home/hopcopter/ws_lidar_imu_init/install/lidar_imu_init/share/lidar_imu_init/config/pandar.yaml
[56.766s] -- Up-to-date: /home/hopcopter/ws_lidar_imu_init/install/lidar_imu_init/share/lidar_imu_init/launch
[56.767s] -- Up-to-date: /home/hopcopter/ws_lidar_imu_init/install/lidar_imu_init/share/lidar_imu_init/launch/mapping.launch.py
[56.767s] -- Up-to-date: /home/hopcopter/ws_lidar_imu_init/install/lidar_imu_init/share/lidar_imu_init/launch/gdb_debug_example.launch
[56.767s] -- Up-to-date: /home/hopcopter/ws_lidar_imu_init/install/lidar_imu_init/share/lidar_imu_init/rviz
[56.767s] -- Up-to-date: /home/hopcopter/ws_lidar_imu_init/install/lidar_imu_init/share/lidar_imu_init/rviz/li_init.rviz
[56.767s] -- Installing: /home/hopcopter/ws_lidar_imu_init/install/lidar_imu_init/share/ament_index/resource_index/package_run_dependencies/lidar_imu_init
[56.767s] -- Installing: /home/hopcopter/ws_lidar_imu_init/install/lidar_imu_init/share/ament_index/resource_index/parent_prefix_path/lidar_imu_init
[56.767s] -- Up-to-date: /home/hopcopter/ws_lidar_imu_init/install/lidar_imu_init/share/lidar_imu_init/environment/ament_prefix_path.sh
[56.767s] -- Installing: /home/hopcopter/ws_lidar_imu_init/install/lidar_imu_init/share/lidar_imu_init/environment/ament_prefix_path.dsv
[56.767s] -- Up-to-date: /home/hopcopter/ws_lidar_imu_init/install/lidar_imu_init/share/lidar_imu_init/environment/path.sh
[56.767s] -- Installing: /home/hopcopter/ws_lidar_imu_init/install/lidar_imu_init/share/lidar_imu_init/environment/path.dsv
[56.767s] -- Up-to-date: /home/hopcopter/ws_lidar_imu_init/install/lidar_imu_init/share/lidar_imu_init/local_setup.bash
[56.767s] -- Up-to-date: /home/hopcopter/ws_lidar_imu_init/install/lidar_imu_init/share/lidar_imu_init/local_setup.sh
[56.768s] -- Up-to-date: /home/hopcopter/ws_lidar_imu_init/install/lidar_imu_init/share/lidar_imu_init/local_setup.zsh
[56.768s] -- Installing: /home/hopcopter/ws_lidar_imu_init/install/lidar_imu_init/share/lidar_imu_init/local_setup.dsv
[56.768s] -- Installing: /home/hopcopter/ws_lidar_imu_init/install/lidar_imu_init/share/lidar_imu_init/package.dsv
[56.768s] -- Up-to-date: /home/hopcopter/ws_lidar_imu_init/install/lidar_imu_init/share/ament_index/resource_index/packages/lidar_imu_init
[56.768s] -- Up-to-date: /home/hopcopter/ws_lidar_imu_init/install/lidar_imu_init/share/lidar_imu_init/cmake/export_lidar_imu_init__rosidl_generator_cExport.cmake
[56.768s] -- Up-to-date: /home/hopcopter/ws_lidar_imu_init/install/lidar_imu_init/share/lidar_imu_init/cmake/export_lidar_imu_init__rosidl_generator_cExport-release.cmake
[56.768s] -- Up-to-date: /home/hopcopter/ws_lidar_imu_init/install/lidar_imu_init/share/lidar_imu_init/cmake/export_lidar_imu_init__rosidl_typesupport_fastrtps_cExport.cmake
[56.768s] -- Up-to-date: /home/hopcopter/ws_lidar_imu_init/install/lidar_imu_init/share/lidar_imu_init/cmake/export_lidar_imu_init__rosidl_typesupport_fastrtps_cExport-release.cmake
[56.768s] -- Up-to-date: /home/hopcopter/ws_lidar_imu_init/install/lidar_imu_init/share/lidar_imu_init/cmake/export_lidar_imu_init__rosidl_generator_cppExport.cmake
[56.768s] -- Up-to-date: /home/hopcopter/ws_lidar_imu_init/install/lidar_imu_init/share/lidar_imu_init/cmake/export_lidar_imu_init__rosidl_typesupport_fastrtps_cppExport.cmake
[56.768s] -- Up-to-date: /home/hopcopter/ws_lidar_imu_init/install/lidar_imu_init/share/lidar_imu_init/cmake/export_lidar_imu_init__rosidl_typesupport_fastrtps_cppExport-release.cmake
[56.768s] -- Up-to-date: /home/hopcopter/ws_lidar_imu_init/install/lidar_imu_init/share/lidar_imu_init/cmake/lidar_imu_init__rosidl_typesupport_introspection_cExport.cmake
[56.768s] -- Up-to-date: /home/hopcopter/ws_lidar_imu_init/install/lidar_imu_init/share/lidar_imu_init/cmake/lidar_imu_init__rosidl_typesupport_introspection_cExport-release.cmake
[56.769s] -- Up-to-date: /home/hopcopter/ws_lidar_imu_init/install/lidar_imu_init/share/lidar_imu_init/cmake/lidar_imu_init__rosidl_typesupport_cExport.cmake
[56.769s] -- Up-to-date: /home/hopcopter/ws_lidar_imu_init/install/lidar_imu_init/share/lidar_imu_init/cmake/lidar_imu_init__rosidl_typesupport_cExport-release.cmake
[56.769s] -- Up-to-date: /home/hopcopter/ws_lidar_imu_init/install/lidar_imu_init/share/lidar_imu_init/cmake/lidar_imu_init__rosidl_typesupport_introspection_cppExport.cmake
[56.769s] -- Up-to-date: /home/hopcopter/ws_lidar_imu_init/install/lidar_imu_init/share/lidar_imu_init/cmake/lidar_imu_init__rosidl_typesupport_introspection_cppExport-release.cmake
[56.769s] -- Up-to-date: /home/hopcopter/ws_lidar_imu_init/install/lidar_imu_init/share/lidar_imu_init/cmake/lidar_imu_init__rosidl_typesupport_cppExport.cmake
[56.769s] -- Up-to-date: /home/hopcopter/ws_lidar_imu_init/install/lidar_imu_init/share/lidar_imu_init/cmake/lidar_imu_init__rosidl_typesupport_cppExport-release.cmake
[56.769s] -- Up-to-date: /home/hopcopter/ws_lidar_imu_init/install/lidar_imu_init/share/lidar_imu_init/cmake/export_lidar_imu_init__rosidl_generator_pyExport.cmake
[56.769s] -- Up-to-date: /home/hopcopter/ws_lidar_imu_init/install/lidar_imu_init/share/lidar_imu_init/cmake/export_lidar_imu_init__rosidl_generator_pyExport-release.cmake
[56.770s] -- Up-to-date: /home/hopcopter/ws_lidar_imu_init/install/lidar_imu_init/share/lidar_imu_init/cmake/rosidl_cmake-extras.cmake
[56.770s] -- Up-to-date: /home/hopcopter/ws_lidar_imu_init/install/lidar_imu_init/share/lidar_imu_init/cmake/ament_cmake_export_dependencies-extras.cmake
[56.770s] -- Up-to-date: /home/hopcopter/ws_lidar_imu_init/install/lidar_imu_init/share/lidar_imu_init/cmake/ament_cmake_export_include_directories-extras.cmake
[56.770s] -- Up-to-date: /home/hopcopter/ws_lidar_imu_init/install/lidar_imu_init/share/lidar_imu_init/cmake/ament_cmake_export_libraries-extras.cmake
[56.770s] -- Up-to-date: /home/hopcopter/ws_lidar_imu_init/install/lidar_imu_init/share/lidar_imu_init/cmake/ament_cmake_export_targets-extras.cmake
[56.770s] -- Up-to-date: /home/hopcopter/ws_lidar_imu_init/install/lidar_imu_init/share/lidar_imu_init/cmake/rosidl_cmake_export_typesupport_targets-extras.cmake
[56.770s] -- Up-to-date: /home/hopcopter/ws_lidar_imu_init/install/lidar_imu_init/share/lidar_imu_init/cmake/rosidl_cmake_export_typesupport_libraries-extras.cmake
[56.770s] -- Up-to-date: /home/hopcopter/ws_lidar_imu_init/install/lidar_imu_init/share/lidar_imu_init/cmake/lidar_imu_initConfig.cmake
[56.770s] -- Up-to-date: /home/hopcopter/ws_lidar_imu_init/install/lidar_imu_init/share/lidar_imu_init/cmake/lidar_imu_initConfig-version.cmake
[56.770s] -- Installing: /home/hopcopter/ws_lidar_imu_init/install/lidar_imu_init/share/lidar_imu_init/package.xml
[56.772s] Invoked command in '/home/hopcopter/ws_lidar_imu_init/build/lidar_imu_init' returned '0': CMAKE_PREFIX_PATH=${CMAKE_PREFIX_PATH}:/home/hopcopter/rislab-hopcopter/ros2_ws/install/test_tutorial_interfaces:/home/hopcopter/rislab-hopcopter/ros2_ws/install/hopping_robot:/home/hopcopter/rislab-hopcopter/ros2_ws/install/tf_transform_broadcast:/home/hopcopter/rislab-hopcopter/ros2_ws/install/pc2tocustom:/home/hopcopter/rislab-hopcopter/ros2_ws/install/crazyflie_py:/opt/ros/humble /usr/bin/cmake --install /home/hopcopter/ws_lidar_imu_init/build/lidar_imu_init
