[0mCurrent CPU architecture: x86_64[0m
[0mProcessor number: 8[0m
[33mCMake Warning (dev) at CMakeLists.txt:71 (find_package):
  Policy CMP0074 is not set: find_package uses <PackageName>_ROOT variables.
  Run "cmake --help-policy CMP0074" for policy details.  Use the cmake_policy
  command to set the policy and suppress this warning.

  CMake variable PCL_ROOT is set to:

    /usr

  For compatibility, CMake is ignoring the variable.
This warning is for project developers.  Use -Wno-dev to suppress it.
[0m
[01m[K/home/hopcopter/ws_lidar_imu_init/src/LiDAR_IMU_Init/src/laserMapping.cpp:[m[K In function ‘[01m[Kvoid livox_pcl_cbk(livox_ros_driver2::msg::CustomMsg_<std::allocator<void> >::UniquePtr)[m[K’:
[01m[K/home/hopcopter/ws_lidar_imu_init/src/LiDAR_IMU_Init/src/laserMapping.cpp:372:10:[m[K [01;31m[Kerror: [m[K‘[01m[Kis_first_lidar[m[K’ was not declared in this scope
  372 |     if (![01;31m[Kis_first_lidar[m[K && cur_time < last_timestamp_lidar)
      |          [01;31m[K^~~~~~~~~~~~~~[m[K
[01m[K/home/hopcopter/ws_lidar_imu_init/src/LiDAR_IMU_Init/src/laserMapping.cpp:377:8:[m[K [01;31m[Kerror: [m[K‘[01m[Kis_first_lidar[m[K’ was not declared in this scope
  377 |     if([01;31m[Kis_first_lidar[m[K)
      |        [01;31m[K^~~~~~~~~~~~~~[m[K
[01m[K/home/hopcopter/ws_lidar_imu_init/src/LiDAR_IMU_Init/src/laserMapping.cpp:383:10:[m[K [01;31m[Kerror: [m[K‘[01m[Ktime_sync_en[m[K’ was not declared in this scope
  383 |     if (![01;31m[Ktime_sync_en[m[K && abs(last_timestamp_imu - last_timestamp_lidar) > 10.0 && !imu_buffer.empty() && !lidar_buffer.empty() )
      |          [01;31m[K^~~~~~~~~~~~[m[K
[01m[K/home/hopcopter/ws_lidar_imu_init/src/LiDAR_IMU_Init/src/laserMapping.cpp:388:9:[m[K [01;31m[Kerror: [m[K‘[01m[Ktime_sync_en[m[K’ was not declared in this scope
  388 |     if ([01;31m[Ktime_sync_en[m[K && !timediff_set_flg && abs(last_timestamp_lidar - last_timestamp_imu) > 1 && !imu_buffer.empty())
      |         [01;31m[K^~~~~~~~~~~~[m[K
[01m[K/home/hopcopter/ws_lidar_imu_init/src/LiDAR_IMU_Init/src/laserMapping.cpp:391:9:[m[K [01;31m[Kerror: [m[K‘[01m[Ktimediff_lidar_wrt_imu[m[K’ was not declared in this scope
  391 |         [01;31m[Ktimediff_lidar_wrt_imu[m[K = last_timestamp_lidar + 0.1 - last_timestamp_imu;
      |         [01;31m[K^~~~~~~~~~~~~~~~~~~~~~[m[K
[01m[K/home/hopcopter/ws_lidar_imu_init/src/LiDAR_IMU_Init/src/laserMapping.cpp:400:5:[m[K [01;31m[Kerror: [m[K‘[01m[Ks_plot11[m[K’ was not declared in this scope
  400 |     [01;31m[Ks_plot11[m[K[scan_count] = omp_get_wtime() - preprocess_start_time;
      |     [01;31m[K^~~~~~~~[m[K
[01m[K/home/hopcopter/ws_lidar_imu_init/src/LiDAR_IMU_Init/src/laserMapping.cpp:[m[K In function ‘[01m[Kint main(int, char**)[m[K’:
[01m[K/home/hopcopter/ws_lidar_imu_init/src/LiDAR_IMU_Init/src/laserMapping.cpp:934:9:[m[K [01;31m[Kerror: [m[K‘[01m[Ksub_pcl_pc_[m[K’ was not declared in this scope; did you mean ‘[01m[Ksub_pcl_livox_[m[K’?
  934 |         [01;31m[Ksub_pcl_pc_[m[K = node->create_subscription<sensor_msgs::msg::PointCloud2>(lid_topic, rclcpp::SensorDataQoS(), standard_pcl_cbk);
      |         [01;31m[K^~~~~~~~~~~[m[K
      |         [32m[Ksub_pcl_livox_[m[K
gmake[2]: *** [CMakeFiles/li_init.dir/build.make:76: CMakeFiles/li_init.dir/src/laserMapping.cpp.o] Error 1
gmake[1]: *** [CMakeFiles/Makefile2:593: CMakeFiles/li_init.dir/all] Error 2
gmake: *** [Makefile:146: all] Error 2
