-- Found ament_cmake: 1.3.13 (/opt/ros/humble/share/ament_cmake/cmake)
-- Found rclcpp: 16.0.18 (/opt/ros/humble/share/rclcpp/cmake)
-- Found rosidl_generator_c: 3.1.8 (/opt/ros/humble/share/rosidl_generator_c/cmake)
-- Found rosidl_adapter: 3.1.8 (/opt/ros/humble/share/rosidl_adapter/cmake)
-- Found rosidl_generator_cpp: 3.1.8 (/opt/ros/humble/share/rosidl_generator_cpp/cmake)
-- Using all available rosidl_typesupport_c: rosidl_typesupport_fastrtps_c;rosidl_typesupport_introspection_c
-- Using all available rosidl_typesupport_cpp: rosidl_typesupport_fastrtps_cpp;rosidl_typesupport_introspection_cpp
-- Found rmw_implementation_cmake: 6.1.2 (/opt/ros/humble/share/rmw_implementation_cmake/cmake)
-- Found rmw_fastrtps_cpp: 6.2.10 (/opt/ros/humble/share/rmw_fastrtps_cpp/cmake)
-- Using RMW implementation 'rmw_fastrtps_cpp' as default
-- Found rclcpp_components: 16.0.18 (/opt/ros/humble/share/rclcpp_components/cmake)
-- Found geometry_msgs: 4.9.1 (/opt/ros/humble/share/geometry_msgs/cmake)
-- Found nav_msgs: 4.9.1 (/opt/ros/humble/share/nav_msgs/cmake)
-- Found sensor_msgs: 4.9.1 (/opt/ros/humble/share/sensor_msgs/cmake)
-- Found std_srvs: 4.9.1 (/opt/ros/humble/share/std_srvs/cmake)
-- Found visualization_msgs: 4.9.1 (/opt/ros/humble/share/visualization_msgs/cmake)
-- Found pcl_ros: 2.4.5 (/opt/ros/humble/share/pcl_ros/cmake)
-- Eigen found (include: /usr/include/eigen3, version: 3.4.0)
-- FLANN found (include: /usr/include, lib: /usr/lib/x86_64-linux-gnu/libflann_cpp.so)
-- OpenNI found (version: 1.5.4.0, include: /usr/include/ni, lib: /usr/lib/libOpenNI.so;libusb::libusb)
-- OpenNI2 found (version: 2.2.0.33, include: /usr/include/openni2, lib: /usr/lib/x86_64-linux-gnu/libOpenNI2.so;libusb::libusb)
-- Eigen found (include: /usr/include/eigen3, version: 3.4.0)
-- OpenNI found (version: 1.5.4.0, include: /usr/include/ni, lib: /usr/lib/libOpenNI.so;libusb::libusb)
-- OpenNI2 found (version: 2.2.0.33, include: /usr/include/openni2, lib: /usr/lib/x86_64-linux-gnu/libOpenNI2.so;libusb::libusb)
-- Found Qhull version 8.0.2
-- OpenNI found (version: 1.5.4.0, include: /usr/include/ni, lib: /usr/lib/libOpenNI.so;libusb::libusb)
-- Found eigen3_cmake_module: 0.1.1 (/opt/ros/humble/share/eigen3_cmake_module/cmake)
-- Ensuring Eigen3 include directory is part of orocos-kdl CMake target
-- Found rosidl_default_generators: 1.2.0 (/opt/ros/humble/share/rosidl_default_generators/cmake)
-- Found tf2_eigen: 0.25.19 (/opt/ros/humble/share/tf2_eigen/cmake)
-- Found required Ceres dependency: Eigen version 3.4.0 in /usr/include/eigen3
-- Found required Ceres dependency: glog
-- Found required Ceres dependency: gflags
-- Found Ceres version: 2.0.0 installed in: /usr with components: [EigenSparse, SparseLinearAlgebraLibrary, LAPACK, SuiteSparse, CXSparse, SchurSpecializations, Multithreading]
-- Found livox_ros_driver2: 1.0.0 (/home/hopcopter/ws_livox/install/livox_ros_driver2/share/livox_ros_driver2/cmake)
-- Found ament_cmake_ros: 0.10.0 (/opt/ros/humble/share/ament_cmake_ros/cmake)
-- Using all available rosidl_typesupport_c: rosidl_typesupport_fastrtps_c;rosidl_typesupport_introspection_c
-- Using all available rosidl_typesupport_cpp: rosidl_typesupport_fastrtps_cpp;rosidl_typesupport_introspection_cpp
-- Found python_cmake_module: 0.10.0 (/opt/ros/humble/share/python_cmake_module/cmake)
-- Using PYTHON_EXECUTABLE: /usr/bin/python3
-- Using PYTHON_INCLUDE_DIRS: /usr/include/python3.10
-- Using PYTHON_LIBRARIES: /usr/lib/x86_64-linux-gnu/libpython3.10.so
-- Configuring done
-- Generating done
-- Build files have been written to: /home/hopcopter/ws_lidar_imu_init/build/lidar_imu_init
[35m[1mConsolidate compiler generated dependencies of target lidar_imu_init__rosidl_generator_c[0m
[  2%] Built target lidar_imu_init__cpp
[  4%] [32mBuilding C object CMakeFiles/lidar_imu_init__rosidl_generator_c.dir/rosidl_generator_c/lidar_imu_init/msg/detail/pose6_d__functions.c.o[0m
[  6%] [32mBuilding C object CMakeFiles/lidar_imu_init__rosidl_generator_c.dir/rosidl_generator_c/lidar_imu_init/msg/detail/states__functions.c.o[0m
[  6%] Built target ament_cmake_python_copy_lidar_imu_init
[35m[1mConsolidate compiler generated dependencies of target lidar_imu_init__rosidl_typesupport_cpp[0m
[35m[1mConsolidate compiler generated dependencies of target lidar_imu_init__rosidl_typesupport_fastrtps_cpp[0m
[35m[1mConsolidate compiler generated dependencies of target lidar_imu_init__rosidl_typesupport_introspection_cpp[0m
[ 11%] [32mBuilding CXX object CMakeFiles/lidar_imu_init__rosidl_typesupport_introspection_cpp.dir/rosidl_typesupport_introspection_cpp/lidar_imu_init/msg/detail/pose6_d__type_support.cpp.o[0m
[ 11%] [32mBuilding CXX object CMakeFiles/lidar_imu_init__rosidl_typesupport_fastrtps_cpp.dir/rosidl_typesupport_fastrtps_cpp/lidar_imu_init/msg/detail/dds_fastrtps/pose6_d__type_support.cpp.o[0m
[ 13%] [32mBuilding CXX object CMakeFiles/lidar_imu_init__rosidl_typesupport_introspection_cpp.dir/rosidl_typesupport_introspection_cpp/lidar_imu_init/msg/detail/states__type_support.cpp.o[0m
[ 15%] [32mBuilding CXX object CMakeFiles/lidar_imu_init__rosidl_typesupport_fastrtps_cpp.dir/rosidl_typesupport_fastrtps_cpp/lidar_imu_init/msg/detail/dds_fastrtps/states__type_support.cpp.o[0m
[ 17%] [32mBuilding CXX object CMakeFiles/lidar_imu_init__rosidl_typesupport_cpp.dir/rosidl_typesupport_cpp/lidar_imu_init/msg/pose6_d__type_support.cpp.o[0m
[ 20%] [32m[1mLinking C shared library liblidar_imu_init__rosidl_generator_c.so[0m
[ 22%] [32mBuilding CXX object CMakeFiles/lidar_imu_init__rosidl_typesupport_cpp.dir/rosidl_typesupport_cpp/lidar_imu_init/msg/states__type_support.cpp.o[0m
[ 24%] Built target lidar_imu_init__rosidl_generator_c
[35m[1mConsolidate compiler generated dependencies of target lidar_imu_init__rosidl_typesupport_fastrtps_c[0m
[ 26%] [32mBuilding CXX object CMakeFiles/lidar_imu_init__rosidl_typesupport_fastrtps_c.dir/rosidl_typesupport_fastrtps_c/lidar_imu_init/msg/detail/pose6_d__type_support_c.cpp.o[0m
running egg_info
writing lidar_imu_init.egg-info/PKG-INFO
writing dependency_links to lidar_imu_init.egg-info/dependency_links.txt
writing top-level names to lidar_imu_init.egg-info/top_level.txt
reading manifest file 'lidar_imu_init.egg-info/SOURCES.txt'
writing manifest file 'lidar_imu_init.egg-info/SOURCES.txt'
[ 26%] Built target ament_cmake_python_build_lidar_imu_init_egg
[35m[1mConsolidate compiler generated dependencies of target lidar_imu_init__rosidl_typesupport_introspection_c[0m
[ 28%] [32mBuilding C object CMakeFiles/lidar_imu_init__rosidl_typesupport_introspection_c.dir/rosidl_typesupport_introspection_c/lidar_imu_init/msg/detail/pose6_d__type_support.c.o[0m
[ 31%] [32mBuilding C object CMakeFiles/lidar_imu_init__rosidl_typesupport_introspection_c.dir/rosidl_typesupport_introspection_c/lidar_imu_init/msg/detail/states__type_support.c.o[0m
[ 33%] [32m[1mLinking CXX shared library liblidar_imu_init__rosidl_typesupport_cpp.so[0m
[35m[1mConsolidate compiler generated dependencies of target lidar_imu_init__rosidl_typesupport_c[0m
[ 35%] [32mBuilding CXX object CMakeFiles/lidar_imu_init__rosidl_typesupport_c.dir/rosidl_typesupport_c/lidar_imu_init/msg/pose6_d__type_support.cpp.o[0m
[ 37%] Built target lidar_imu_init__rosidl_typesupport_cpp
[ 40%] [32mBuilding CXX object CMakeFiles/lidar_imu_init__rosidl_typesupport_fastrtps_c.dir/rosidl_typesupport_fastrtps_c/lidar_imu_init/msg/detail/states__type_support_c.cpp.o[0m
[ 42%] [32m[1mLinking C shared library liblidar_imu_init__rosidl_typesupport_introspection_c.so[0m
[ 44%] [32mBuilding CXX object CMakeFiles/lidar_imu_init__rosidl_typesupport_c.dir/rosidl_typesupport_c/lidar_imu_init/msg/states__type_support.cpp.o[0m
[ 46%] Built target lidar_imu_init__rosidl_typesupport_introspection_c
[35m[1mConsolidate compiler generated dependencies of target li_init[0m
[ 48%] [32m[1mLinking CXX shared library liblidar_imu_init__rosidl_typesupport_c.so[0m
[ 51%] Built target lidar_imu_init__rosidl_typesupport_c
[ 53%] [32m[1mLinking CXX shared library liblidar_imu_init__rosidl_typesupport_fastrtps_cpp.so[0m
[ 55%] [32mBuilding CXX object CMakeFiles/li_init.dir/src/laserMapping.cpp.o[0m
[ 57%] [32mBuilding CXX object CMakeFiles/li_init.dir/include/ikd-Tree/ikd_Tree.cpp.o[0m
[ 60%] [32mBuilding CXX object CMakeFiles/li_init.dir/include/LI_init/LI_init.cpp.o[0m
[ 62%] [32mBuilding CXX object CMakeFiles/li_init.dir/include/time_utils.cpp.o[0m
[ 64%] [32mBuilding CXX object CMakeFiles/li_init.dir/src/preprocess.cpp.o[0m
[ 66%] [32m[1mLinking CXX shared library liblidar_imu_init__rosidl_typesupport_introspection_cpp.so[0m
[ 68%] Built target lidar_imu_init__rosidl_typesupport_fastrtps_cpp
[ 71%] Built target lidar_imu_init__rosidl_typesupport_introspection_cpp
[ 73%] [32m[1mLinking CXX shared library liblidar_imu_init__rosidl_typesupport_fastrtps_c.so[0m
[ 75%] Built target lidar_imu_init__rosidl_typesupport_fastrtps_c
[ 75%] Built target lidar_imu_init
[ 77%] Built target lidar_imu_init__py
[35m[1mConsolidate compiler generated dependencies of target lidar_imu_init__rosidl_generator_py[0m
[ 82%] [32mBuilding C object CMakeFiles/lidar_imu_init__rosidl_generator_py.dir/rosidl_generator_py/lidar_imu_init/msg/_pose6_d_s.c.o[0m
[ 82%] [32mBuilding C object CMakeFiles/lidar_imu_init__rosidl_generator_py.dir/rosidl_generator_py/lidar_imu_init/msg/_states_s.c.o[0m
[ 84%] [32m[1mLinking C shared library rosidl_generator_py/lidar_imu_init/liblidar_imu_init__rosidl_generator_py.so[0m
[ 84%] Built target lidar_imu_init__rosidl_generator_py
[35m[1mConsolidate compiler generated dependencies of target lidar_imu_init__rosidl_typesupport_fastrtps_c__pyext[0m
[35m[1mConsolidate compiler generated dependencies of target lidar_imu_init__rosidl_typesupport_introspection_c__pyext[0m
[35m[1mConsolidate compiler generated dependencies of target lidar_imu_init__rosidl_typesupport_c__pyext[0m
[ 86%] [32mBuilding C object CMakeFiles/lidar_imu_init__rosidl_typesupport_introspection_c__pyext.dir/rosidl_generator_py/lidar_imu_init/_lidar_imu_init_s.ep.rosidl_typesupport_introspection_c.c.o[0m
[ 88%] [32mBuilding C object CMakeFiles/lidar_imu_init__rosidl_typesupport_fastrtps_c__pyext.dir/rosidl_generator_py/lidar_imu_init/_lidar_imu_init_s.ep.rosidl_typesupport_fastrtps_c.c.o[0m
[ 91%] [32mBuilding C object CMakeFiles/lidar_imu_init__rosidl_typesupport_c__pyext.dir/rosidl_generator_py/lidar_imu_init/_lidar_imu_init_s.ep.rosidl_typesupport_c.c.o[0m
[ 93%] [32m[1mLinking C shared library rosidl_generator_py/lidar_imu_init/lidar_imu_init_s__rosidl_typesupport_c.cpython-310-x86_64-linux-gnu.so[0m
[ 95%] [32m[1mLinking C shared library rosidl_generator_py/lidar_imu_init/lidar_imu_init_s__rosidl_typesupport_fastrtps_c.cpython-310-x86_64-linux-gnu.so[0m
[ 97%] [32m[1mLinking C shared library rosidl_generator_py/lidar_imu_init/lidar_imu_init_s__rosidl_typesupport_introspection_c.cpython-310-x86_64-linux-gnu.so[0m
[ 97%] Built target lidar_imu_init__rosidl_typesupport_c__pyext
[ 97%] Built target lidar_imu_init__rosidl_typesupport_fastrtps_c__pyext
[ 97%] Built target lidar_imu_init__rosidl_typesupport_introspection_c__pyext
