[0.012s] Invoking command in '/home/hopcopter/ws_lidar_imu_init/build/lidar_imu_init': CMAKE_PREFIX_PATH=${CMAKE_PREFIX_PATH}:/home/hopcopter/rislab-hopcopter/ros2_ws/install/test_tutorial_interfaces:/home/hopcopter/rislab-hopcopter/ros2_ws/install/hopping_robot:/home/hopcopter/rislab-hopcopter/ros2_ws/install/tf_transform_broadcast:/home/hopcopter/rislab-hopcopter/ros2_ws/install/pc2tocustom:/home/hopcopter/rislab-hopcopter/ros2_ws/install/crazyflie_py:/opt/ros/humble /usr/bin/cmake --build /home/hopcopter/ws_lidar_imu_init/build/lidar_imu_init -- -j8 -l8
[0.037s] [0mCurrent CPU architecture: x86_64[0m
[0.040s] [0mProcessor number: 8[0m
[0.043s] -- Found ament_cmake: 1.3.13 (/opt/ros/humble/share/ament_cmake/cmake)
[0.167s] -- Found rclcpp: 16.0.18 (/opt/ros/humble/share/rclcpp/cmake)
[0.195s] -- Found rosidl_generator_c: 3.1.8 (/opt/ros/humble/share/rosidl_generator_c/cmake)
[0.197s] -- Found rosidl_adapter: 3.1.8 (/opt/ros/humble/share/rosidl_adapter/cmake)
[0.203s] -- Found rosidl_generator_cpp: 3.1.8 (/opt/ros/humble/share/rosidl_generator_cpp/cmake)
[0.211s] -- Using all available rosidl_typesupport_c: rosidl_typesupport_fastrtps_c;rosidl_typesupport_introspection_c
[0.222s] -- Using all available rosidl_typesupport_cpp: rosidl_typesupport_fastrtps_cpp;rosidl_typesupport_introspection_cpp
[0.249s] -- Found rmw_implementation_cmake: 6.1.2 (/opt/ros/humble/share/rmw_implementation_cmake/cmake)
[0.251s] -- Found rmw_fastrtps_cpp: 6.2.10 (/opt/ros/humble/share/rmw_fastrtps_cpp/cmake)
[0.353s] -- Using RMW implementation 'rmw_fastrtps_cpp' as default
[0.396s] -- Found rclcpp_components: 16.0.18 (/opt/ros/humble/share/rclcpp_components/cmake)
[0.412s] -- Found geometry_msgs: 4.9.1 (/opt/ros/humble/share/geometry_msgs/cmake)
[0.422s] -- Found nav_msgs: 4.9.1 (/opt/ros/humble/share/nav_msgs/cmake)
[0.438s] -- Found sensor_msgs: 4.9.1 (/opt/ros/humble/share/sensor_msgs/cmake)
[0.453s] -- Found std_srvs: 4.9.1 (/opt/ros/humble/share/std_srvs/cmake)
[0.460s] -- Found visualization_msgs: 4.9.1 (/opt/ros/humble/share/visualization_msgs/cmake)
[0.477s] -- Found pcl_ros: 2.4.5 (/opt/ros/humble/share/pcl_ros/cmake)
[0.509s] -- Eigen found (include: /usr/include/eigen3, version: 3.4.0)
[0.537s] -- FLANN found (include: /usr/include, lib: /usr/lib/x86_64-linux-gnu/libflann_cpp.so)
[0.813s] -- OpenNI found (version: 1.5.4.0, include: /usr/include/ni, lib: /usr/lib/libOpenNI.so;libusb::libusb)
[0.818s] -- OpenNI2 found (version: 2.2.0.33, include: /usr/include/openni2, lib: /usr/lib/x86_64-linux-gnu/libOpenNI2.so;libusb::libusb)
[0.956s] -- Eigen found (include: /usr/include/eigen3, version: 3.4.0)
[0.962s] -- OpenNI found (version: 1.5.4.0, include: /usr/include/ni, lib: /usr/lib/libOpenNI.so;libusb::libusb)
[0.967s] -- OpenNI2 found (version: 2.2.0.33, include: /usr/include/openni2, lib: /usr/lib/x86_64-linux-gnu/libOpenNI2.so;libusb::libusb)
[1.096s] -- Found Qhull version 8.0.2
[1.232s] -- OpenNI found (version: 1.5.4.0, include: /usr/include/ni, lib: /usr/lib/libOpenNI.so;libusb::libusb)
[1.379s] -- Found eigen3_cmake_module: 0.1.1 (/opt/ros/humble/share/eigen3_cmake_module/cmake)
[1.380s] -- Ensuring Eigen3 include directory is part of orocos-kdl CMake target
[1.433s] -- Found rosidl_default_generators: 1.2.0 (/opt/ros/humble/share/rosidl_default_generators/cmake)
[1.448s] -- Found tf2_eigen: 0.25.19 (/opt/ros/humble/share/tf2_eigen/cmake)
[1.452s] -- Found required Ceres dependency: Eigen version 3.4.0 in /usr/include/eigen3
[1.453s] -- Found required Ceres dependency: glog
[1.454s] -- Found required Ceres dependency: gflags
[1.454s] -- Found Ceres version: 2.0.0 installed in: /usr with components: [EigenSparse, SparseLinearAlgebraLibrary, LAPACK, SuiteSparse, CXSparse, SchurSpecializations, Multithreading]
[1.455s] [33mCMake Warning (dev) at CMakeLists.txt:71 (find_package):
[1.455s]   Policy CMP0074 is not set: find_package uses <PackageName>_ROOT variables.
[1.455s]   Run "cmake --help-policy CMP0074" for policy details.  Use the cmake_policy
[1.455s]   command to set the policy and suppress this warning.
[1.455s] 
[1.455s]   CMake variable PCL_ROOT is set to:
[1.456s] 
[1.456s]     /usr
[1.456s] 
[1.456s]   For compatibility, CMake is ignoring the variable.
[1.456s] This warning is for project developers.  Use -Wno-dev to suppress it.
[1.456s] [0m
[1.465s] -- Found livox_ros_driver2: 1.0.0 (/home/hopcopter/ws_livox/install/livox_ros_driver2/share/livox_ros_driver2/cmake)
[1.774s] -- Found ament_cmake_ros: 0.10.0 (/opt/ros/humble/share/ament_cmake_ros/cmake)
[2.183s] -- Using all available rosidl_typesupport_c: rosidl_typesupport_fastrtps_c;rosidl_typesupport_introspection_c
[2.345s] -- Using all available rosidl_typesupport_cpp: rosidl_typesupport_fastrtps_cpp;rosidl_typesupport_introspection_cpp
[2.368s] -- Found python_cmake_module: 0.10.0 (/opt/ros/humble/share/python_cmake_module/cmake)
[2.392s] -- Using PYTHON_EXECUTABLE: /usr/bin/python3
[2.392s] -- Using PYTHON_INCLUDE_DIRS: /usr/include/python3.10
[2.392s] -- Using PYTHON_LIBRARIES: /usr/lib/x86_64-linux-gnu/libpython3.10.so
[2.466s] -- Configuring done
[2.579s] -- Generating done
[2.601s] -- Build files have been written to: /home/hopcopter/ws_lidar_imu_init/build/lidar_imu_init
[2.635s] [35m[1mConsolidate compiler generated dependencies of target lidar_imu_init__rosidl_generator_c[0m
[2.646s] [  2%] Built target lidar_imu_init__cpp
[2.653s] [  4%] [32mBuilding C object CMakeFiles/lidar_imu_init__rosidl_generator_c.dir/rosidl_generator_c/lidar_imu_init/msg/detail/pose6_d__functions.c.o[0m
[2.654s] [  6%] [32mBuilding C object CMakeFiles/lidar_imu_init__rosidl_generator_c.dir/rosidl_generator_c/lidar_imu_init/msg/detail/states__functions.c.o[0m
[2.664s] [  6%] Built target ament_cmake_python_copy_lidar_imu_init
[2.665s] [35m[1mConsolidate compiler generated dependencies of target lidar_imu_init__rosidl_typesupport_cpp[0m
[2.668s] [35m[1mConsolidate compiler generated dependencies of target lidar_imu_init__rosidl_typesupport_fastrtps_cpp[0m
[2.668s] [35m[1mConsolidate compiler generated dependencies of target lidar_imu_init__rosidl_typesupport_introspection_cpp[0m
[2.686s] [ 11%] [32mBuilding CXX object CMakeFiles/lidar_imu_init__rosidl_typesupport_introspection_cpp.dir/rosidl_typesupport_introspection_cpp/lidar_imu_init/msg/detail/pose6_d__type_support.cpp.o[0m
[2.686s] [ 11%] [32mBuilding CXX object CMakeFiles/lidar_imu_init__rosidl_typesupport_fastrtps_cpp.dir/rosidl_typesupport_fastrtps_cpp/lidar_imu_init/msg/detail/dds_fastrtps/pose6_d__type_support.cpp.o[0m
[2.686s] [ 13%] [32mBuilding CXX object CMakeFiles/lidar_imu_init__rosidl_typesupport_introspection_cpp.dir/rosidl_typesupport_introspection_cpp/lidar_imu_init/msg/detail/states__type_support.cpp.o[0m
[2.688s] [ 15%] [32mBuilding CXX object CMakeFiles/lidar_imu_init__rosidl_typesupport_fastrtps_cpp.dir/rosidl_typesupport_fastrtps_cpp/lidar_imu_init/msg/detail/dds_fastrtps/states__type_support.cpp.o[0m
[2.689s] [ 17%] [32mBuilding CXX object CMakeFiles/lidar_imu_init__rosidl_typesupport_cpp.dir/rosidl_typesupport_cpp/lidar_imu_init/msg/pose6_d__type_support.cpp.o[0m
[2.800s] [ 20%] [32m[1mLinking C shared library liblidar_imu_init__rosidl_generator_c.so[0m
[2.810s] [ 22%] [32mBuilding CXX object CMakeFiles/lidar_imu_init__rosidl_typesupport_cpp.dir/rosidl_typesupport_cpp/lidar_imu_init/msg/states__type_support.cpp.o[0m
[2.860s] [ 24%] Built target lidar_imu_init__rosidl_generator_c
[2.871s] [35m[1mConsolidate compiler generated dependencies of target lidar_imu_init__rosidl_typesupport_fastrtps_c[0m
[2.892s] [ 26%] [32mBuilding CXX object CMakeFiles/lidar_imu_init__rosidl_typesupport_fastrtps_c.dir/rosidl_typesupport_fastrtps_c/lidar_imu_init/msg/detail/pose6_d__type_support_c.cpp.o[0m
[3.052s] running egg_info
[3.053s] writing lidar_imu_init.egg-info/PKG-INFO
[3.055s] writing dependency_links to lidar_imu_init.egg-info/dependency_links.txt
[3.055s] writing top-level names to lidar_imu_init.egg-info/top_level.txt
[3.060s] reading manifest file 'lidar_imu_init.egg-info/SOURCES.txt'
[3.061s] writing manifest file 'lidar_imu_init.egg-info/SOURCES.txt'
[3.104s] [ 26%] Built target ament_cmake_python_build_lidar_imu_init_egg
[3.119s] [35m[1mConsolidate compiler generated dependencies of target lidar_imu_init__rosidl_typesupport_introspection_c[0m
[3.137s] [ 28%] [32mBuilding C object CMakeFiles/lidar_imu_init__rosidl_typesupport_introspection_c.dir/rosidl_typesupport_introspection_c/lidar_imu_init/msg/detail/pose6_d__type_support.c.o[0m
[3.170s] [ 31%] [32mBuilding C object CMakeFiles/lidar_imu_init__rosidl_typesupport_introspection_c.dir/rosidl_typesupport_introspection_c/lidar_imu_init/msg/detail/states__type_support.c.o[0m
[3.204s] [ 33%] [32m[1mLinking CXX shared library liblidar_imu_init__rosidl_typesupport_cpp.so[0m
[3.239s] [35m[1mConsolidate compiler generated dependencies of target lidar_imu_init__rosidl_typesupport_c[0m
[3.261s] [ 35%] [32mBuilding CXX object CMakeFiles/lidar_imu_init__rosidl_typesupport_c.dir/rosidl_typesupport_c/lidar_imu_init/msg/pose6_d__type_support.cpp.o[0m
[3.262s] [ 37%] Built target lidar_imu_init__rosidl_typesupport_cpp
[3.272s] [ 40%] [32mBuilding CXX object CMakeFiles/lidar_imu_init__rosidl_typesupport_fastrtps_c.dir/rosidl_typesupport_fastrtps_c/lidar_imu_init/msg/detail/states__type_support_c.cpp.o[0m
[3.292s] [ 42%] [32m[1mLinking C shared library liblidar_imu_init__rosidl_typesupport_introspection_c.so[0m
[3.321s] [ 44%] [32mBuilding CXX object CMakeFiles/lidar_imu_init__rosidl_typesupport_c.dir/rosidl_typesupport_c/lidar_imu_init/msg/states__type_support.cpp.o[0m
[3.342s] [ 46%] Built target lidar_imu_init__rosidl_typesupport_introspection_c
[3.349s] [35m[1mConsolidate compiler generated dependencies of target li_init[0m
[3.385s] [ 48%] [32m[1mLinking CXX shared library liblidar_imu_init__rosidl_typesupport_c.so[0m
[3.437s] [ 51%] Built target lidar_imu_init__rosidl_typesupport_c
[3.457s] [ 53%] [32m[1mLinking CXX shared library liblidar_imu_init__rosidl_typesupport_fastrtps_cpp.so[0m
[3.459s] [ 55%] [32mBuilding CXX object CMakeFiles/li_init.dir/src/laserMapping.cpp.o[0m
[3.460s] [ 57%] [32mBuilding CXX object CMakeFiles/li_init.dir/include/ikd-Tree/ikd_Tree.cpp.o[0m
[3.462s] [ 60%] [32mBuilding CXX object CMakeFiles/li_init.dir/include/LI_init/LI_init.cpp.o[0m
[3.463s] [ 62%] [32mBuilding CXX object CMakeFiles/li_init.dir/include/time_utils.cpp.o[0m
[3.466s] [ 64%] [32mBuilding CXX object CMakeFiles/li_init.dir/src/preprocess.cpp.o[0m
[3.537s] [ 66%] [32m[1mLinking CXX shared library liblidar_imu_init__rosidl_typesupport_introspection_cpp.so[0m
[3.575s] [ 68%] Built target lidar_imu_init__rosidl_typesupport_fastrtps_cpp
[3.649s] [ 71%] Built target lidar_imu_init__rosidl_typesupport_introspection_cpp
[3.755s] [ 73%] [32m[1mLinking CXX shared library liblidar_imu_init__rosidl_typesupport_fastrtps_c.so[0m
[3.856s] [ 75%] Built target lidar_imu_init__rosidl_typesupport_fastrtps_c
[3.878s] [ 75%] Built target lidar_imu_init
[3.899s] [ 77%] Built target lidar_imu_init__py
[3.910s] [35m[1mConsolidate compiler generated dependencies of target lidar_imu_init__rosidl_generator_py[0m
[3.925s] [ 82%] [32mBuilding C object CMakeFiles/lidar_imu_init__rosidl_generator_py.dir/rosidl_generator_py/lidar_imu_init/msg/_pose6_d_s.c.o[0m
[3.926s] [ 82%] [32mBuilding C object CMakeFiles/lidar_imu_init__rosidl_generator_py.dir/rosidl_generator_py/lidar_imu_init/msg/_states_s.c.o[0m
[4.296s] [ 84%] [32m[1mLinking C shared library rosidl_generator_py/lidar_imu_init/liblidar_imu_init__rosidl_generator_py.so[0m
[4.347s] [ 84%] Built target lidar_imu_init__rosidl_generator_py
[4.365s] [35m[1mConsolidate compiler generated dependencies of target lidar_imu_init__rosidl_typesupport_fastrtps_c__pyext[0m
[4.365s] [35m[1mConsolidate compiler generated dependencies of target lidar_imu_init__rosidl_typesupport_introspection_c__pyext[0m
[4.365s] [35m[1mConsolidate compiler generated dependencies of target lidar_imu_init__rosidl_typesupport_c__pyext[0m
[4.378s] [ 86%] [32mBuilding C object CMakeFiles/lidar_imu_init__rosidl_typesupport_introspection_c__pyext.dir/rosidl_generator_py/lidar_imu_init/_lidar_imu_init_s.ep.rosidl_typesupport_introspection_c.c.o[0m
[4.380s] [ 88%] [32mBuilding C object CMakeFiles/lidar_imu_init__rosidl_typesupport_fastrtps_c__pyext.dir/rosidl_generator_py/lidar_imu_init/_lidar_imu_init_s.ep.rosidl_typesupport_fastrtps_c.c.o[0m
[4.382s] [ 91%] [32mBuilding C object CMakeFiles/lidar_imu_init__rosidl_typesupport_c__pyext.dir/rosidl_generator_py/lidar_imu_init/_lidar_imu_init_s.ep.rosidl_typesupport_c.c.o[0m
[4.540s] [ 93%] [32m[1mLinking C shared library rosidl_generator_py/lidar_imu_init/lidar_imu_init_s__rosidl_typesupport_c.cpython-310-x86_64-linux-gnu.so[0m
[4.550s] [ 95%] [32m[1mLinking C shared library rosidl_generator_py/lidar_imu_init/lidar_imu_init_s__rosidl_typesupport_fastrtps_c.cpython-310-x86_64-linux-gnu.so[0m
[4.561s] [ 97%] [32m[1mLinking C shared library rosidl_generator_py/lidar_imu_init/lidar_imu_init_s__rosidl_typesupport_introspection_c.cpython-310-x86_64-linux-gnu.so[0m
[4.594s] [ 97%] Built target lidar_imu_init__rosidl_typesupport_c__pyext
[4.605s] [ 97%] Built target lidar_imu_init__rosidl_typesupport_fastrtps_c__pyext
[4.619s] [ 97%] Built target lidar_imu_init__rosidl_typesupport_introspection_c__pyext
[13.998s] [01m[K/home/hopcopter/ws_lidar_imu_init/src/LiDAR_IMU_Init/src/laserMapping.cpp:[m[K In function ‘[01m[Kvoid livox_pcl_cbk(livox_ros_driver2::msg::CustomMsg_<std::allocator<void> >::UniquePtr)[m[K’:
[13.998s] [01m[K/home/hopcopter/ws_lidar_imu_init/src/LiDAR_IMU_Init/src/laserMapping.cpp:372:10:[m[K [01;31m[Kerror: [m[K‘[01m[Kis_first_lidar[m[K’ was not declared in this scope
[13.998s]   372 |     if (![01;31m[Kis_first_lidar[m[K && cur_time < last_timestamp_lidar)
[13.998s]       |          [01;31m[K^~~~~~~~~~~~~~[m[K
[14.017s] [01m[K/home/hopcopter/ws_lidar_imu_init/src/LiDAR_IMU_Init/src/laserMapping.cpp:377:8:[m[K [01;31m[Kerror: [m[K‘[01m[Kis_first_lidar[m[K’ was not declared in this scope
[14.017s]   377 |     if([01;31m[Kis_first_lidar[m[K)
[14.017s]       |        [01;31m[K^~~~~~~~~~~~~~[m[K
[14.032s] [01m[K/home/hopcopter/ws_lidar_imu_init/src/LiDAR_IMU_Init/src/laserMapping.cpp:383:10:[m[K [01;31m[Kerror: [m[K‘[01m[Ktime_sync_en[m[K’ was not declared in this scope
[14.032s]   383 |     if (![01;31m[Ktime_sync_en[m[K && abs(last_timestamp_imu - last_timestamp_lidar) > 10.0 && !imu_buffer.empty() && !lidar_buffer.empty() )
[14.032s]       |          [01;31m[K^~~~~~~~~~~~[m[K
[14.046s] [01m[K/home/hopcopter/ws_lidar_imu_init/src/LiDAR_IMU_Init/src/laserMapping.cpp:388:9:[m[K [01;31m[Kerror: [m[K‘[01m[Ktime_sync_en[m[K’ was not declared in this scope
[14.047s]   388 |     if ([01;31m[Ktime_sync_en[m[K && !timediff_set_flg && abs(last_timestamp_lidar - last_timestamp_imu) > 1 && !imu_buffer.empty())
[14.047s]       |         [01;31m[K^~~~~~~~~~~~[m[K
[14.072s] [01m[K/home/hopcopter/ws_lidar_imu_init/src/LiDAR_IMU_Init/src/laserMapping.cpp:391:9:[m[K [01;31m[Kerror: [m[K‘[01m[Ktimediff_lidar_wrt_imu[m[K’ was not declared in this scope
[14.072s]   391 |         [01;31m[Ktimediff_lidar_wrt_imu[m[K = last_timestamp_lidar + 0.1 - last_timestamp_imu;
[14.072s]       |         [01;31m[K^~~~~~~~~~~~~~~~~~~~~~[m[K
[14.083s] [01m[K/home/hopcopter/ws_lidar_imu_init/src/LiDAR_IMU_Init/src/laserMapping.cpp:400:5:[m[K [01;31m[Kerror: [m[K‘[01m[Ks_plot11[m[K’ was not declared in this scope
[14.083s]   400 |     [01;31m[Ks_plot11[m[K[scan_count] = omp_get_wtime() - preprocess_start_time;
[14.083s]       |     [01;31m[K^~~~~~~~[m[K
[14.248s] [01m[K/home/hopcopter/ws_lidar_imu_init/src/LiDAR_IMU_Init/src/laserMapping.cpp:[m[K In function ‘[01m[Kint main(int, char**)[m[K’:
[14.248s] [01m[K/home/hopcopter/ws_lidar_imu_init/src/LiDAR_IMU_Init/src/laserMapping.cpp:934:9:[m[K [01;31m[Kerror: [m[K‘[01m[Ksub_pcl_pc_[m[K’ was not declared in this scope; did you mean ‘[01m[Ksub_pcl_livox_[m[K’?
[14.248s]   934 |         [01;31m[Ksub_pcl_pc_[m[K = node->create_subscription<sensor_msgs::msg::PointCloud2>(lid_topic, rclcpp::SensorDataQoS(), standard_pcl_cbk);
[14.248s]       |         [01;31m[K^~~~~~~~~~~[m[K
[14.248s]       |         [32m[Ksub_pcl_livox_[m[K
[39.592s] gmake[2]: *** [CMakeFiles/li_init.dir/build.make:76: CMakeFiles/li_init.dir/src/laserMapping.cpp.o] Error 1
[39.592s] gmake[1]: *** [CMakeFiles/Makefile2:593: CMakeFiles/li_init.dir/all] Error 2
[39.592s] gmake: *** [Makefile:146: all] Error 2
[39.595s] Invoked command in '/home/hopcopter/ws_lidar_imu_init/build/lidar_imu_init' returned '2': CMAKE_PREFIX_PATH=${CMAKE_PREFIX_PATH}:/home/hopcopter/rislab-hopcopter/ros2_ws/install/test_tutorial_interfaces:/home/hopcopter/rislab-hopcopter/ros2_ws/install/hopping_robot:/home/hopcopter/rislab-hopcopter/ros2_ws/install/tf_transform_broadcast:/home/hopcopter/rislab-hopcopter/ros2_ws/install/pc2tocustom:/home/hopcopter/rislab-hopcopter/ros2_ws/install/crazyflie_py:/opt/ros/humble /usr/bin/cmake --build /home/hopcopter/ws_lidar_imu_init/build/lidar_imu_init -- -j8 -l8
